#
# There is insufficient memory for the Java Runtime Environment to continue.
# Native memory allocation (malloc) failed to allocate 32744 bytes. Error detail: Chunk::new
# Possible reasons:
#   The system is out of physical RAM or swap space
#   This process is running with CompressedOops enabled, and the Java Heap may be blocking the growth of the native heap
# Possible solutions:
#   Reduce memory load on the system
#   Increase physical memory or swap space
#   Check if swap backing store is full
#   Decrease Java heap size (-Xmx/-Xms)
#   Decrease number of Java threads
#   Decrease Java thread stack sizes (-Xss)
#   Set larger code cache with -XX:ReservedCodeCacheSize=
#   JVM is running with Unscaled Compressed Oops mode in which the Java heap is
#     placed in the first 4GB address space. The Java Heap base address is the
#     maximum limit for the native heap growth. Please use -XX:HeapBaseMinAddress
#     to set the Java Heap base and to place the Java Heap above 4GB virtual address.
# This output file may be truncated or incomplete.
#
#  Out of Memory Error (arena.cpp:168), pid=14420, tid=9612
#
# JRE version: OpenJDK Runtime Environment Temurin-21.0.10+7 (21.0.10+7) (build 21.0.10+7-LTS)
# Java VM: OpenJDK 64-Bit Server VM Temurin-21.0.10+7 (21.0.10+7-LTS, mixed mode, sharing, tiered, compressed oops, compressed class ptrs, parallel gc, windows-amd64)
# No core dump will be written. Minidumps are not enabled by default on client versions of Windows
#

---------------  S U M M A R Y ------------

Command Line: --add-modules=ALL-SYSTEM --add-opens=java.base/java.util=ALL-UNNAMED --add-opens=java.base/java.lang=ALL-UNNAMED --add-opens=java.base/sun.nio.fs=ALL-UNNAMED -Declipse.application=org.eclipse.jdt.ls.core.id1 -Dosgi.bundles.defaultStartLevel=4 -Declipse.product=org.eclipse.jdt.ls.core.product -Djava.import.generatesMetadataFilesAtProjectRoot=false -DDetectVMInstallationsJob.disabled=true -Dfile.encoding=utf8 -XX:+UseParallelGC -XX:GCTimeRatio=4 -XX:AdaptiveSizePolicyWeight=90 -Dsun.zip.disableMemoryMapping=true -Xmx2G -Xms100m -Xlog:disable -javaagent:c:\Users\LENOVO\.antigravity-ide\extensions\redhat.java-1.54.0-win32-x64\lombok\lombok-1.18.39-4050.jar c:\Users\LENOVO\.antigravity-ide\extensions\redhat.java-1.54.0-win32-x64\server\plugins\org.eclipse.equinox.launcher_1.7.100.v20251111-0406.jar -configuration c:\Users\LENOVO\AppData\Roaming\Antigravity IDE\User\globalStorage\redhat.java\1.54.0\config_ss_win -data c:\Users\LENOVO\AppData\Roaming\Antigravity IDE\User\workspaceStorage\cb8e4e63b4c68c767af70ccfd80f83ee\redhat.java\ss_ws --pipe=\\.\pipe\lsp-e2dbce59f558ecef3482f38766334d99-sock

Host: Intel(R) Core(TM) i5-7300U CPU @ 2.60GHz, 4 cores, 7G,  Windows 10 , 64 bit Build 19041 (10.0.19041.5915)
Time: Fri Jun 12 10:56:53 2026 India Standard Time elapsed time: 9.664516 seconds (0d 0h 0m 9s)

---------------  T H R E A D  ---------------

Current thread (0x0000025261133d20):  JavaThread "C2 CompilerThread0" daemon [_thread_in_native, id=9612, stack(0x0000005953700000,0x0000005953800000) (1024K)]


Current CompileTask:
C2:9664 1363       4       jdk.internal.jimage.ImageLocation::verify (218 bytes)

Stack: [0x0000005953700000,0x0000005953800000]
Native frames: (J=compiled Java code, j=interpreted, Vv=VM code, C=native code)
V  [jvm.dll+0x6d7a39]
V  [jvm.dll+0x8b4b26]
V  [jvm.dll+0x8b70de]
V  [jvm.dll+0x8b77c3]
V  [jvm.dll+0x284346]
V  [jvm.dll+0xc66ed]
V  [jvm.dll+0xc6c31]
V  [jvm.dll+0x6b1250]
V  [jvm.dll+0x6b0d8e]
V  [jvm.dll+0x66d41f]
V  [jvm.dll+0x39c509]
V  [jvm.dll+0x399c42]
V  [jvm.dll+0x5ce913]
V  [jvm.dll+0x5d77c1]
V  [jvm.dll+0x5bfdd4]
V  [jvm.dll+0x2fa4cc]
V  [jvm.dll+0x6f1ef8]
V  [jvm.dll+0x6e9fa9]
V  [jvm.dll+0x6e96a9]
V  [jvm.dll+0x6e774e]
V  [jvm.dll+0x1ce39c]
V  [jvm.dll+0x2fa4cc]
V  [jvm.dll+0x6f1ef8]
V  [jvm.dll+0x6e9fa9]
V  [jvm.dll+0x6e96a9]
V  [jvm.dll+0x6e774e]
V  [jvm.dll+0x1ce39c]
V  [jvm.dll+0x2fa4cc]
V  [jvm.dll+0x6f1ef8]
V  [jvm.dll+0x6e9fa9]
V  [jvm.dll+0x6e96a9]
V  [jvm.dll+0x6e774e]
V  [jvm.dll+0x1ce39c]
V  [jvm.dll+0x1cef3e]
V  [jvm.dll+0x2fa4cc]
V  [jvm.dll+0x6f1ef8]
V  [jvm.dll+0x6e9fa9]
V  [jvm.dll+0x6e96a9]
V  [jvm.dll+0x6e774e]
V  [jvm.dll+0x1ce39c]
V  [jvm.dll+0x2fa4cc]
V  [jvm.dll+0x6f1ef8]
V  [jvm.dll+0x6e9fa9]
V  [jvm.dll+0x6e96a9]
V  [jvm.dll+0x6e774e]
V  [jvm.dll+0x1ce39c]
V  [jvm.dll+0x1cef3e]
V  [jvm.dll+0x2fa4cc]
V  [jvm.dll+0x6f1ef8]
V  [jvm.dll+0x6e9fa9]
V  [jvm.dll+0x6e96a9]
V  [jvm.dll+0x6e774e]
V  [jvm.dll+0x1ce39c]
V  [jvm.dll+0x1cef3e]
V  [jvm.dll+0x1cef3e]
V  [jvm.dll+0x2fa4cc]
V  [jvm.dll+0x6f1ef8]
V  [jvm.dll+0x6e9fa9]
V  [jvm.dll+0x6e96a9]
V  [jvm.dll+0x6e774e]
V  [jvm.dll+0x1ce39c]
V  [jvm.dll+0x2fa4cc]
V  [jvm.dll+0x6f1ef8]
V  [jvm.dll+0x6e9fa9]
V  [jvm.dll+0x6e96a9]
V  [jvm.dll+0x6e774e]
V  [jvm.dll+0x1ce39c]
V  [jvm.dll+0x24b6e9]
V  [jvm.dll+0x1cb34e]
V  [jvm.dll+0x25b85d]
V  [jvm.dll+0x259dea]
V  [jvm.dll+0x3f857e]
V  [jvm.dll+0x85f59d]
V  [jvm.dll+0x6d626d]
C  [ucrtbase.dll+0x21bb2]
C  [KERNEL32.DLL+0x17374]
C  [ntdll.dll+0x4cc91]


---------------  P R O C E S S  ---------------

Threads class SMR info:
_java_thread_list=0x000002526627c3d0, length=11, elements={
0x00000252095630d0, 0x0000025261129120, 0x000002526112a4d0, 0x000002526112d930,
0x000002526112e6f0, 0x0000025261130be0, 0x0000025261131270, 0x0000025261133d20,
0x00000252611aab30, 0x0000025261130550, 0x000002526112f830
}

Java Threads: ( => current thread )
  0x00000252095630d0 JavaThread "main"                              [_thread_in_Java, id=15096, stack(0x0000005952d00000,0x0000005952e00000) (1024K)]
  0x0000025261129120 JavaThread "Reference Handler"          daemon [_thread_blocked, id=10624, stack(0x0000005953100000,0x0000005953200000) (1024K)]
  0x000002526112a4d0 JavaThread "Finalizer"                  daemon [_thread_blocked, id=456, stack(0x0000005953200000,0x0000005953300000) (1024K)]
  0x000002526112d930 JavaThread "Signal Dispatcher"          daemon [_thread_blocked, id=11464, stack(0x0000005953300000,0x0000005953400000) (1024K)]
  0x000002526112e6f0 JavaThread "Attach Listener"            daemon [_thread_blocked, id=15640, stack(0x0000005953400000,0x0000005953500000) (1024K)]
  0x0000025261130be0 JavaThread "Service Thread"             daemon [_thread_blocked, id=7040, stack(0x0000005953500000,0x0000005953600000) (1024K)]
  0x0000025261131270 JavaThread "Monitor Deflation Thread"   daemon [_thread_blocked, id=16020, stack(0x0000005953600000,0x0000005953700000) (1024K)]
=>0x0000025261133d20 JavaThread "C2 CompilerThread0"         daemon [_thread_in_native, id=9612, stack(0x0000005953700000,0x0000005953800000) (1024K)]
  0x00000252611aab30 JavaThread "C1 CompilerThread0"         daemon [_thread_blocked, id=20276, stack(0x0000005953800000,0x0000005953900000) (1024K)]
  0x0000025261130550 JavaThread "Common-Cleaner"             daemon [_thread_blocked, id=23276, stack(0x0000005953900000,0x0000005953a00000) (1024K)]
  0x000002526112f830 JavaThread "Notification Thread"        daemon [_thread_blocked, id=7164, stack(0x0000005953a00000,0x0000005953b00000) (1024K)]
Total: 11

Other Threads:
  0x000002526111e580 VMThread "VM Thread"                           [id=20664, stack(0x0000005953000000,0x0000005953100000) (1024K)]
  0x00000252095cbab0 WatcherThread "VM Periodic Task Thread"        [id=7928, stack(0x0000005952f00000,0x0000005953000000) (1024K)]
  0x000002520957fb50 WorkerThread "GC Thread#0"                     [id=1688, stack(0x0000005952e00000,0x0000005952f00000) (1024K)]
  0x00000252666aba50 WorkerThread "GC Thread#1"                     [id=25000, stack(0x0000005953b00000,0x0000005953c00000) (1024K)]
  0x00000252666abe00 WorkerThread "GC Thread#2"                     [id=25460, stack(0x0000005953c00000,0x0000005953d00000) (1024K)]
  0x00000252666ac1b0 WorkerThread "GC Thread#3"                     [id=23980, stack(0x0000005953d00000,0x0000005953e00000) (1024K)]
Total: 6

Threads with active compile tasks:
C2 CompilerThread0  9802 1363       4       jdk.internal.jimage.ImageLocation::verify (218 bytes)
Total: 1

VM state: not at safepoint (normal execution)

VM Mutex/Monitor currently owned by a thread: None

Heap address: 0x0000000080000000, size: 2048 MB, Compressed Oops mode: 32-bit

CDS archive(s) mapped at: [0x0000025220000000-0x0000025220ba0000-0x0000025220ba0000), size 12189696, SharedBaseAddress: 0x0000025220000000, ArchiveRelocationMode: 1.
Compressed class space mapped at: 0x0000025221000000-0x0000025261000000, reserved size: 1073741824
Narrow klass base: 0x0000025220000000, Narrow klass shift: 0, Narrow klass range: 0x100000000

GC Precious Log:
 CardTable entry size: 512
 CPUs: 4 total, 4 available
 Memory: 8056M
 Large Page Support: Disabled
 NUMA Support: Disabled
 Compressed Oops: Enabled (32-bit)
 Alignments: Space 512K, Generation 512K, Heap 2M
 Heap Min Capacity: 100M
 Heap Initial Capacity: 100M
 Heap Max Capacity: 2G
 Pre-touch: Disabled
 Parallel Workers: 4

Heap:
 PSYoungGen      total 29696K, used 14058K [0x00000000d5580000, 0x00000000d7680000, 0x0000000100000000)
  eden space 25600K, 42% used [0x00000000d5580000,0x00000000d6000a10,0x00000000d6e80000)
  from space 4096K, 80% used [0x00000000d6e80000,0x00000000d71b9e98,0x00000000d7280000)
  to   space 4096K, 0% used [0x00000000d7280000,0x00000000d7280000,0x00000000d7680000)
 ParOldGen       total 68608K, used 0K [0x0000000080000000, 0x0000000084300000, 0x00000000d5580000)
  object space 68608K, 0% used [0x0000000080000000,0x0000000080000000,0x0000000084300000)
 Metaspace       used 6251K, committed 6528K, reserved 1114112K
  class space    used 634K, committed 768K, reserved 1048576K

Card table byte_map: [0x0000025208f30000,0x0000025209340000] _byte_map_base: 0x0000025208b30000

Marking Bits: (ParMarkBitMap*) 0x00007ffc81ea3450
 Begin Bits: [0x000002521ba20000, 0x000002521da20000)
 End Bits:   [0x000002521da20000, 0x000002521fa20000)

Polling page: 0x0000025207600000

Metaspace:

Usage:
  Non-class:      5.49 MB used.
      Class:    634.45 KB used.
       Both:      6.11 MB used.

Virtual space:
  Non-class space:       64.00 MB reserved,       5.62 MB (  9%) committed,  1 nodes.
      Class space:        1.00 GB reserved,     768.00 KB ( <1%) committed,  1 nodes.
             Both:        1.06 GB reserved,       6.38 MB ( <1%) committed. 

Chunk freelists:
   Non-Class:  9.88 MB
       Class:  15.06 MB
        Both:  24.94 MB

MaxMetaspaceSize: unlimited
CompressedClassSpaceSize: 1.00 GB
Initial GC threshold: 21.00 MB
Current GC threshold: 21.00 MB
CDS: on
 - commit_granule_bytes: 65536.
 - commit_granule_words: 8192.
 - virtual_space_node_default_size: 8388608.
 - enlarge_chunks_in_place: 1.
 - use_allocation_guard: 0.


Internal statistics:

num_allocs_failed_limit: 0.
num_arena_births: 190.
num_arena_deaths: 0.
num_vsnodes_births: 2.
num_vsnodes_deaths: 0.
num_space_committed: 102.
num_space_uncommitted: 0.
num_chunks_returned_to_freelist: 0.
num_chunks_taken_from_freelist: 320.
num_chunk_merges: 0.
num_chunk_splits: 206.
num_chunks_enlarged: 132.
num_inconsistent_stats: 0.

CodeHeap 'non-profiled nmethods': size=120000Kb used=582Kb max_used=582Kb free=119417Kb
 bounds [0x0000025214240000, 0x00000252144b0000, 0x000002521b770000]
CodeHeap 'profiled nmethods': size=120000Kb used=2319Kb max_used=2319Kb free=117680Kb
 bounds [0x000002520c770000, 0x000002520c9e0000, 0x0000025213ca0000]
CodeHeap 'non-nmethods': size=5760Kb used=1206Kb max_used=1234Kb free=4554Kb
 bounds [0x0000025213ca0000, 0x0000025213f10000, 0x0000025214240000]
CodeCache: size=245760Kb, used=4107Kb, max_used=4135Kb, free=241651Kb
 total_blobs=1835, nmethods=1364, adapters=378, full_count=0
Compilation: enabled, stopped_count=0, restarted_count=0

Compilation events (20 events):
Event: 9.481 Thread 0x00000252611aab30 nmethod 1352 0x000002520c9afc10 code [0x000002520c9afdc0, 0x000002520c9aff30]
Event: 9.482 Thread 0x00000252611aab30 1353       3       org.lombokweb.asm.ClassReader::readUtf (44 bytes)
Event: 9.483 Thread 0x00000252611aab30 nmethod 1353 0x000002520c9b0010 code [0x000002520c9b01e0, 0x000002520c9b05a8]
Event: 9.483 Thread 0x00000252611aab30 1354       3       org.lombokweb.asm.ClassReader::readUtf (161 bytes)
Event: 9.483 Thread 0x00000252611aab30 nmethod 1354 0x000002520c9b0790 code [0x000002520c9b0980, 0x000002520c9b0dd0]
Event: 9.484 Thread 0x00000252611aab30 1355       3       org.lombokweb.asm.ClassReader::getItem (7 bytes)
Event: 9.484 Thread 0x00000252611aab30 nmethod 1355 0x000002520c9b1090 code [0x000002520c9b1240, 0x000002520c9b1378]
Event: 9.484 Thread 0x00000252611aab30 1356       3       org.lombokweb.asm.Symbol::<init> (38 bytes)
Event: 9.485 Thread 0x00000252611aab30 nmethod 1356 0x000002520c9b1490 code [0x000002520c9b1640, 0x000002520c9b1800]
Event: 9.485 Thread 0x00000252611aab30 1357       3       org.lombokweb.asm.SymbolTable::add (39 bytes)
Event: 9.485 Thread 0x00000252611aab30 nmethod 1357 0x000002520c9b1910 code [0x000002520c9b1ac0, 0x000002520c9b1d80]
Event: 9.485 Thread 0x00000252611aab30 1358       3       org.lombokweb.asm.ClassReader::readUTF8 (23 bytes)
Event: 9.485 Thread 0x00000252611aab30 nmethod 1358 0x000002520c9b1f10 code [0x000002520c9b20e0, 0x000002520c9b2328]
Event: 9.487 Thread 0x00000252611aab30 1360       3       java.io.File::getAbsolutePath (8 bytes)
Event: 9.487 Thread 0x00000252611aab30 nmethod 1360 0x000002520c9b2410 code [0x000002520c9b25c0, 0x000002520c9b2710]
Event: 9.648 Thread 0x00000252611aab30 1361       3       java.lang.String::substring (10 bytes)
Event: 9.648 Thread 0x00000252611aab30 nmethod 1361 0x000002520c9b2790 code [0x000002520c9b2960, 0x000002520c9b2b98]
Event: 9.649 Thread 0x00000252611aab30 1362       3       java.net.URI::toString (16 bytes)
Event: 9.650 Thread 0x00000252611aab30 nmethod 1362 0x000002520c9b2c90 code [0x000002520c9b2e40, 0x000002520c9b2fb8]
Event: 9.654 Thread 0x0000025261133d20 1363       4       jdk.internal.jimage.ImageLocation::verify (218 bytes)

GC Heap History (2 events):
Event: 7.195 GC heap before
{Heap before GC invocations=1 (full 0):
 PSYoungGen      total 29696K, used 25600K [0x00000000d5580000, 0x00000000d7680000, 0x0000000100000000)
  eden space 25600K, 100% used [0x00000000d5580000,0x00000000d6e80000,0x00000000d6e80000)
  from space 4096K, 0% used [0x00000000d7280000,0x00000000d7280000,0x00000000d7680000)
  to   space 4096K, 0% used [0x00000000d6e80000,0x00000000d6e80000,0x00000000d7280000)
 ParOldGen       total 68608K, used 0K [0x0000000080000000, 0x0000000084300000, 0x00000000d5580000)
  object space 68608K, 0% used [0x0000000080000000,0x0000000080000000,0x0000000084300000)
 Metaspace       used 4377K, committed 4608K, reserved 1114112K
  class space    used 474K, committed 576K, reserved 1048576K
}
Event: 7.262 GC heap after
{Heap after GC invocations=1 (full 0):
 PSYoungGen      total 29696K, used 3303K [0x00000000d5580000, 0x00000000d7680000, 0x0000000100000000)
  eden space 25600K, 0% used [0x00000000d5580000,0x00000000d5580000,0x00000000d6e80000)
  from space 4096K, 80% used [0x00000000d6e80000,0x00000000d71b9e98,0x00000000d7280000)
  to   space 4096K, 0% used [0x00000000d7280000,0x00000000d7280000,0x00000000d7680000)
 ParOldGen       total 68608K, used 0K [0x0000000080000000, 0x0000000084300000, 0x00000000d5580000)
  object space 68608K, 0% used [0x0000000080000000,0x0000000080000000,0x0000000084300000)
 Metaspace       used 4377K, committed 4608K, reserved 1114112K
  class space    used 474K, committed 576K, reserved 1048576K
}

Dll operation events (8 events):
Event: 0.042 Loaded shared library c:\Users\LENOVO\.antigravity-ide\extensions\redhat.java-1.54.0-win32-x64\jre\21.0.10-win32-x86_64\bin\java.dll
Event: 1.822 Loaded shared library c:\Users\LENOVO\.antigravity-ide\extensions\redhat.java-1.54.0-win32-x64\jre\21.0.10-win32-x86_64\bin\zip.dll
Event: 2.180 Loaded shared library C:\Users\LENOVO\.antigravity-ide\extensions\redhat.java-1.54.0-win32-x64\jre\21.0.10-win32-x86_64\bin\instrument.dll
Event: 2.192 Loaded shared library C:\Users\LENOVO\.antigravity-ide\extensions\redhat.java-1.54.0-win32-x64\jre\21.0.10-win32-x86_64\bin\net.dll
Event: 2.228 Loaded shared library C:\Users\LENOVO\.antigravity-ide\extensions\redhat.java-1.54.0-win32-x64\jre\21.0.10-win32-x86_64\bin\nio.dll
Event: 2.234 Loaded shared library C:\Users\LENOVO\.antigravity-ide\extensions\redhat.java-1.54.0-win32-x64\jre\21.0.10-win32-x86_64\bin\zip.dll
Event: 2.438 Loaded shared library C:\Users\LENOVO\.antigravity-ide\extensions\redhat.java-1.54.0-win32-x64\jre\21.0.10-win32-x86_64\bin\jimage.dll
Event: 3.798 Loaded shared library c:\Users\LENOVO\.antigravity-ide\extensions\redhat.java-1.54.0-win32-x64\jre\21.0.10-win32-x86_64\bin\verify.dll

Deoptimization events (20 events):
Event: 8.587 Thread 0x00000252095630d0 DEOPT PACKING pc=0x000002521428bdd4 sp=0x0000005952df8e00
Event: 8.588 Thread 0x00000252095630d0 DEOPT UNPACKING pc=0x0000025213cf3aa2 sp=0x0000005952df8dc0 mode 2
Event: 8.588 Thread 0x00000252095630d0 Uncommon trap: trap_request=0xffffff45 fr.pc=0x000002521428e9a8 relative=0x0000000000000088
Event: 8.588 Thread 0x00000252095630d0 Uncommon trap: reason=unstable_if action=reinterpret pc=0x000002521428e9a8 method=lombok.patcher.scripts.MethodLevelPatchScript.patch(Ljava/lang/String;[BLlombok/patcher/TransplantMapper;)[B @ 8 c2
Event: 8.588 Thread 0x00000252095630d0 DEOPT PACKING pc=0x000002521428e9a8 sp=0x0000005952df8e70
Event: 8.588 Thread 0x00000252095630d0 DEOPT UNPACKING pc=0x0000025213cf3aa2 sp=0x0000005952df8e00 mode 2
Event: 8.597 Thread 0x00000252095630d0 DEOPT PACKING pc=0x000002520c814b8d sp=0x0000005952df8270
Event: 8.597 Thread 0x00000252095630d0 DEOPT UNPACKING pc=0x0000025213cf4242 sp=0x0000005952df7720 mode 0
Event: 8.923 Thread 0x00000252095630d0 DEOPT PACKING pc=0x000002520c814b8d sp=0x0000005952df4720
Event: 8.924 Thread 0x00000252095630d0 DEOPT UNPACKING pc=0x0000025213cf4242 sp=0x0000005952df3bd0 mode 0
Event: 9.271 Thread 0x00000252095630d0 DEOPT PACKING pc=0x000002520c814b8d sp=0x0000005952df4720
Event: 9.272 Thread 0x00000252095630d0 DEOPT UNPACKING pc=0x0000025213cf4242 sp=0x0000005952df3bd0 mode 0
Event: 9.657 Thread 0x00000252095630d0 Uncommon trap: trap_request=0xffffffc6 fr.pc=0x000002521427aa84 relative=0x00000000000002c4
Event: 9.657 Thread 0x00000252095630d0 Uncommon trap: reason=bimorphic_or_optimized_type_check action=maybe_recompile pc=0x000002521427aa84 method=java.util.Collections$UnmodifiableCollection$1.next()Ljava/lang/Object; @ 4 c2
Event: 9.657 Thread 0x00000252095630d0 DEOPT PACKING pc=0x000002521427aa84 sp=0x0000005952df88c0
Event: 9.657 Thread 0x00000252095630d0 DEOPT UNPACKING pc=0x0000025213cf3aa2 sp=0x0000005952df8870 mode 2
Event: 9.657 Thread 0x00000252095630d0 Uncommon trap: trap_request=0xffffffc6 fr.pc=0x000002521427aa84 relative=0x00000000000002c4
Event: 9.657 Thread 0x00000252095630d0 Uncommon trap: reason=bimorphic_or_optimized_type_check action=maybe_recompile pc=0x000002521427aa84 method=java.util.Collections$UnmodifiableCollection$1.next()Ljava/lang/Object; @ 4 c2
Event: 9.657 Thread 0x00000252095630d0 DEOPT PACKING pc=0x000002521427aa84 sp=0x0000005952df88c0
Event: 9.657 Thread 0x00000252095630d0 DEOPT UNPACKING pc=0x0000025213cf3aa2 sp=0x0000005952df8870 mode 2

Classes loaded (20 events):
Event: 8.158 Loading class java/util/concurrent/SynchronousQueue$Transferer
Event: 8.163 Loading class java/util/concurrent/LinkedTransferQueue
Event: 8.164 Loading class java/util/concurrent/TransferQueue
Event: 8.164 Loading class java/util/concurrent/TransferQueue done
Event: 8.164 Loading class java/util/concurrent/LinkedTransferQueue done
Event: 8.164 Loading class java/util/concurrent/SynchronousQueue$Transferer done
Event: 8.165 Loading class java/util/concurrent/LinkedTransferQueue$DualNode
Event: 8.165 Loading class java/util/concurrent/LinkedTransferQueue$DualNode done
Event: 8.168 Loading class java/util/concurrent/RejectedExecutionHandler
Event: 8.168 Loading class java/util/concurrent/RejectedExecutionHandler done
Event: 8.168 Loading class java/util/concurrent/LinkedBlockingQueue
Event: 8.168 Loading class java/util/concurrent/LinkedBlockingQueue done
Event: 8.168 Loading class java/util/concurrent/LinkedBlockingQueue$Node
Event: 8.168 Loading class java/util/concurrent/LinkedBlockingQueue$Node done
Event: 8.203 Loading class java/util/concurrent/Semaphore$NonfairSync
Event: 8.204 Loading class java/util/concurrent/Semaphore$Sync
Event: 8.204 Loading class java/util/concurrent/Semaphore$Sync done
Event: 8.204 Loading class java/util/concurrent/Semaphore$NonfairSync done
Event: 8.618 Loading class java/lang/TypeNotPresentException
Event: 8.618 Loading class java/lang/TypeNotPresentException done

Classes unloaded (0 events):
No events

Classes redefined (0 events):
No events

Internal exceptions (20 events):
Event: 5.570 Thread 0x00000252095630d0 Exception <a 'java/io/FileNotFoundException'{0x00000000d64bbdb8}> (0x00000000d64bbdb8) 
thrown [s\src\hotspot\share\prims\jni.cpp, line 520]
Event: 5.571 Thread 0x00000252095630d0 Exception <a 'java/io/FileNotFoundException'{0x00000000d64bc958}> (0x00000000d64bc958) 
thrown [s\src\hotspot\share\prims\jni.cpp, line 520]
Event: 5.638 Thread 0x00000252095630d0 Implicit null exception at 0x000002521426e6a4 to 0x000002521426ec70
Event: 5.638 Thread 0x00000252095630d0 Implicit null exception at 0x000002521426f320 to 0x000002521426f8dc
Event: 5.648 Thread 0x00000252095630d0 Exception <a 'java/io/FileNotFoundException'{0x00000000d64f4e30}> (0x00000000d64f4e30) 
thrown [s\src\hotspot\share\prims\jni.cpp, line 520]
Event: 5.681 Thread 0x00000252095630d0 Exception <a 'java/lang/NoSuchMethodError'{0x00000000d652e3b0}: 'java.lang.Object java.lang.invoke.DirectMethodHandle$Holder.invokeInterface(java.lang.Object, java.lang.Object)'> (0x00000000d652e3b0) 
thrown [s\src\hotspot\share\interpreter\linkResolver.cpp, line 773]
Event: 5.688 Thread 0x00000252095630d0 Exception <a 'java/lang/NoSuchMethodError'{0x00000000d6542220}: 'java.lang.Object java.lang.invoke.Invokers$Holder.invokeExact_MT(java.lang.Object, java.lang.Object, java.lang.Object, java.lang.Object, java.lang.Object, java.lang.Object)'> (0x00000000d6542220) 
thrown [s\src\hotspot\share\interpreter\linkResolver.cpp, line 773]
Event: 5.770 Thread 0x00000252095630d0 Exception <a 'java/lang/NoSuchMethodError'{0x00000000d65592f8}: 'int java.lang.invoke.DirectMethodHandle$Holder.invokeStatic(java.lang.Object, java.lang.Object, java.lang.Object, java.lang.Object, java.lang.Object)'> (0x00000000d65592f8) 
thrown [s\src\hotspot\share\interpreter\linkResolver.cpp, line 773]
Event: 5.888 Thread 0x00000252095630d0 Exception <a 'java/lang/NoSuchMethodError'{0x00000000d65ecdf0}: 'java.lang.Object java.lang.invoke.DirectMethodHandle$Holder.invokeInterface(java.lang.Object, java.lang.Object, int)'> (0x00000000d65ecdf0) 
thrown [s\src\hotspot\share\interpreter\linkResolver.cpp, line 773]
Event: 6.825 Thread 0x00000252095630d0 Exception <a 'java/lang/NoSuchMethodError'{0x00000000d6a55a98}: 'java.lang.ClassLoader java.lang.ClassLoader.getPlatformClassLoader(java.lang.Class)'> (0x00000000d6a55a98) 
thrown [s\src\hotspot\share\interpreter\linkResolver.cpp, line 773]
Event: 7.144 Thread 0x00000252095630d0 Exception <a 'java/lang/ClassNotFoundException'{0x00000000d6e74cd8}: sun/net/www/protocol/c/Handler> (0x00000000d6e74cd8) 
thrown [s\src\hotspot\share\classfile\systemDictionary.cpp, line 312]
Event: 7.145 Thread 0x00000252095630d0 Exception <a 'java/lang/ClassNotFoundException'{0x00000000d6e76050}: sun/net/www/protocol/c/Handler> (0x00000000d6e76050) 
thrown [s\src\hotspot\share\classfile\systemDictionary.cpp, line 312]
Event: 7.145 Thread 0x00000252095630d0 Exception <a 'java/lang/ClassNotFoundException'{0x00000000d6e771f0}: sun/net/www/protocol/c/Handler> (0x00000000d6e771f0) 
thrown [s\src\hotspot\share\classfile\systemDictionary.cpp, line 312]
Event: 7.271 Thread 0x00000252095630d0 Exception <a 'java/io/FileNotFoundException'{0x00000000d55a0ed8}> (0x00000000d55a0ed8) 
thrown [s\src\hotspot\share\prims\jni.cpp, line 520]
Event: 7.488 Thread 0x00000252095630d0 Implicit null exception at 0x00000252142a0a66 to 0x00000252142a0b12
Event: 7.488 Thread 0x00000252095630d0 Implicit null exception at 0x00000252142b029a to 0x00000252142b04bc
Event: 7.490 Thread 0x00000252095630d0 Exception <a 'java/lang/NoSuchMethodError'{0x00000000d56d14c8}: 'void java.lang.invoke.DirectMethodHandle$Holder.invokeStatic(java.lang.Object, java.lang.Object, java.lang.Object, java.lang.Object)'> (0x00000000d56d14c8) 
thrown [s\src\hotspot\share\interpreter\linkResolver.cpp, line 773]
Event: 7.497 Thread 0x00000252095630d0 Implicit null exception at 0x00000252142af81a to 0x00000252142afa3c
Event: 7.497 Thread 0x00000252095630d0 Implicit null exception at 0x00000252142afec0 to 0x00000252142aff45
Event: 7.940 Thread 0x00000252095630d0 Exception <a 'java/lang/NoSuchMethodError'{0x00000000d5997778}: 'void java.lang.invoke.DirectMethodHandle$Holder.invokeSpecial(java.lang.Object, java.lang.Object, java.lang.Object)'> (0x00000000d5997778) 
thrown [s\src\hotspot\share\interpreter\linkResolver.cpp, line 773]

ZGC Phase Switch (0 events):
No events

VM Operations (20 events):
Event: 2.689 Executing non-safepoint VM operation: HandshakeAllThreads (Deoptimize)
Event: 2.689 Executing non-safepoint VM operation: HandshakeAllThreads (Deoptimize) done
Event: 3.689 Executing safepoint VM operation: Cleanup
Event: 3.783 Executing safepoint VM operation: Cleanup done
Event: 4.796 Executing safepoint VM operation: Cleanup
Event: 4.796 Executing safepoint VM operation: Cleanup done
Event: 5.246 Executing non-safepoint VM operation: HandshakeAllThreads (Deoptimize)
Event: 5.246 Executing non-safepoint VM operation: HandshakeAllThreads (Deoptimize) done
Event: 5.381 Executing non-safepoint VM operation: HandshakeAllThreads (Deoptimize)
Event: 5.381 Executing non-safepoint VM operation: HandshakeAllThreads (Deoptimize) done
Event: 6.386 Executing safepoint VM operation: Cleanup
Event: 6.386 Executing safepoint VM operation: Cleanup done
Event: 7.059 Executing non-safepoint VM operation: HandshakeAllThreads (Deoptimize)
Event: 7.059 Executing non-safepoint VM operation: HandshakeAllThreads (Deoptimize) done
Event: 7.195 Executing safepoint VM operation: ParallelGCFailedAllocation (Allocation Failure)
Event: 7.262 Executing safepoint VM operation: ParallelGCFailedAllocation (Allocation Failure) done
Event: 8.270 Executing safepoint VM operation: Cleanup
Event: 8.270 Executing safepoint VM operation: Cleanup done
Event: 9.277 Executing safepoint VM operation: Cleanup
Event: 9.293 Executing safepoint VM operation: Cleanup done

Memory protections (0 events):
No events

Nmethod flushes (0 events):
No events

Events (13 events):
Event: 0.330 Thread 0x00000252095630d0 Thread added: 0x00000252095630d0
Event: 0.531 Thread 0x00000252095630d0 Thread added: 0x0000025261129120
Event: 0.531 Thread 0x00000252095630d0 Thread added: 0x000002526112a4d0
Event: 0.531 Thread 0x00000252095630d0 Thread added: 0x000002526112d930
Event: 0.531 Thread 0x00000252095630d0 Thread added: 0x000002526112e6f0
Event: 0.531 Thread 0x00000252095630d0 Thread added: 0x0000025261130be0
Event: 0.531 Thread 0x00000252095630d0 Thread added: 0x0000025261131270
Event: 0.532 Thread 0x00000252095630d0 Thread added: 0x0000025261133d20
Event: 0.706 Thread 0x00000252095630d0 Thread added: 0x00000252611aab30
Event: 2.183 Thread 0x00000252095630d0 Thread added: 0x0000025261130550
Event: 4.446 Thread 0x00000252095630d0 Thread added: 0x000002526112f830
Event: 4.783 Thread 0x00000252611aab30 Thread added: 0x00000252662af840
Event: 5.091 Thread 0x00000252662af840 Thread exited: 0x00000252662af840


Dynamic libraries:
0x00007ff62f3d0000 - 0x00007ff62f3de000 	c:\Users\LENOVO\.antigravity-ide\extensions\redhat.java-1.54.0-win32-x64\jre\21.0.10-win32-x86_64\bin\java.exe
0x00007ffcfd1d0000 - 0x00007ffcfd3c8000 	C:\Windows\SYSTEM32\ntdll.dll
0x00007ffcfce40000 - 0x00007ffcfcf02000 	C:\Windows\System32\KERNEL32.DLL
0x00007ffcfacb0000 - 0x00007ffcfafa6000 	C:\Windows\System32\KERNELBASE.dll
0x00007ffcfab60000 - 0x00007ffcfac60000 	C:\Windows\System32\ucrtbase.dll
0x00007ffcf5210000 - 0x00007ffcf5228000 	c:\Users\LENOVO\.antigravity-ide\extensions\redhat.java-1.54.0-win32-x64\jre\21.0.10-win32-x86_64\bin\jli.dll
0x00007ffcfcb10000 - 0x00007ffcfccb1000 	C:\Windows\System32\USER32.dll
0x00007ffcfb080000 - 0x00007ffcfb0a2000 	C:\Windows\System32\win32u.dll
0x00007ffcfd0f0000 - 0x00007ffcfd11b000 	C:\Windows\System32\GDI32.dll
0x00007ffcfaa40000 - 0x00007ffcfab59000 	C:\Windows\System32\gdi32full.dll
0x00007ffcfafb0000 - 0x00007ffcfb04d000 	C:\Windows\System32\msvcp_win.dll
0x00007ffcf1270000 - 0x00007ffcf128e000 	c:\Users\LENOVO\.antigravity-ide\extensions\redhat.java-1.54.0-win32-x64\jre\21.0.10-win32-x86_64\bin\VCRUNTIME140.dll
0x00007ffce88f0000 - 0x00007ffce8b8b000 	C:\Windows\WinSxS\amd64_microsoft.windows.common-controls_6595b64144ccf1df_6.0.19041.6456_none_60b8a6cb71f64256\COMCTL32.dll
0x00007ffcfccc0000 - 0x00007ffcfcd5e000 	C:\Windows\System32\msvcrt.dll
0x00007ffcfd0c0000 - 0x00007ffcfd0ef000 	C:\Windows\System32\IMM32.DLL
0x00007ffcf4860000 - 0x00007ffcf486c000 	c:\Users\LENOVO\.antigravity-ide\extensions\redhat.java-1.54.0-win32-x64\jre\21.0.10-win32-x86_64\bin\vcruntime140_1.dll
0x00007ffcee360000 - 0x00007ffcee3ed000 	c:\Users\LENOVO\.antigravity-ide\extensions\redhat.java-1.54.0-win32-x64\jre\21.0.10-win32-x86_64\bin\msvcp140.dll
0x00007ffc811e0000 - 0x00007ffc81f81000 	c:\Users\LENOVO\.antigravity-ide\extensions\redhat.java-1.54.0-win32-x64\jre\21.0.10-win32-x86_64\bin\server\jvm.dll
0x00007ffcfb380000 - 0x00007ffcfb431000 	C:\Windows\System32\ADVAPI32.dll
0x00007ffcfc3c0000 - 0x00007ffcfc45f000 	C:\Windows\System32\sechost.dll
0x00007ffcfbf40000 - 0x00007ffcfc060000 	C:\Windows\System32\RPCRT4.dll
0x00007ffcfb050000 - 0x00007ffcfb077000 	C:\Windows\System32\bcrypt.dll
0x00007ffcfd120000 - 0x00007ffcfd18b000 	C:\Windows\System32\WS2_32.dll
0x00007ffcf9d60000 - 0x00007ffcf9dab000 	C:\Windows\SYSTEM32\POWRPROF.dll
0x00007ffce5710000 - 0x00007ffce5737000 	C:\Windows\SYSTEM32\WINMM.dll
0x00007ffcf0fd0000 - 0x00007ffcf0fda000 	C:\Windows\SYSTEM32\VERSION.dll
0x00007ffcf9c20000 - 0x00007ffcf9c32000 	C:\Windows\SYSTEM32\UMPDC.dll
0x00007ffcf8690000 - 0x00007ffcf86a2000 	C:\Windows\SYSTEM32\kernel.appcore.dll
0x00007ffcf4750000 - 0x00007ffcf475a000 	c:\Users\LENOVO\.antigravity-ide\extensions\redhat.java-1.54.0-win32-x64\jre\21.0.10-win32-x86_64\bin\jimage.dll
0x00007ffce60f0000 - 0x00007ffce62f1000 	C:\Windows\SYSTEM32\DBGHELP.DLL
0x00007ffce1550000 - 0x00007ffce1584000 	C:\Windows\SYSTEM32\dbgcore.DLL
0x00007ffcfb160000 - 0x00007ffcfb1e2000 	C:\Windows\System32\bcryptPrimitives.dll
0x00007ffcf5010000 - 0x00007ffcf501f000 	c:\Users\LENOVO\.antigravity-ide\extensions\redhat.java-1.54.0-win32-x64\jre\21.0.10-win32-x86_64\bin\instrument.dll
0x00007ffcee960000 - 0x00007ffcee980000 	c:\Users\LENOVO\.antigravity-ide\extensions\redhat.java-1.54.0-win32-x64\jre\21.0.10-win32-x86_64\bin\java.dll
0x00007ffcfb720000 - 0x00007ffcfbe90000 	C:\Windows\System32\SHELL32.dll
0x00007ffcf8890000 - 0x00007ffcf9035000 	C:\Windows\SYSTEM32\windows.storage.dll
0x00007ffcfc060000 - 0x00007ffcfc3b4000 	C:\Windows\System32\combase.dll
0x00007ffcfa1b0000 - 0x00007ffcfa1db000 	C:\Windows\SYSTEM32\Wldp.dll
0x00007ffcfb440000 - 0x00007ffcfb50d000 	C:\Windows\System32\OLEAUT32.dll
0x00007ffcfc4c0000 - 0x00007ffcfc56d000 	C:\Windows\System32\SHCORE.dll
0x00007ffcfb200000 - 0x00007ffcfb25b000 	C:\Windows\System32\shlwapi.dll
0x00007ffcfa790000 - 0x00007ffcfa7b4000 	C:\Windows\SYSTEM32\profapi.dll
0x00007ffcf0f80000 - 0x00007ffcf0f98000 	c:\Users\LENOVO\.antigravity-ide\extensions\redhat.java-1.54.0-win32-x64\jre\21.0.10-win32-x86_64\bin\zip.dll
0x00007ffcf4640000 - 0x00007ffcf4650000 	C:\Users\LENOVO\.antigravity-ide\extensions\redhat.java-1.54.0-win32-x64\jre\21.0.10-win32-x86_64\bin\net.dll
0x00007ffcef7d0000 - 0x00007ffcef8da000 	C:\Windows\SYSTEM32\WINHTTP.dll
0x00007ffcf9f90000 - 0x00007ffcf9ffa000 	C:\Windows\system32\mswsock.dll
0x00007ffcf0f60000 - 0x00007ffcf0f76000 	C:\Users\LENOVO\.antigravity-ide\extensions\redhat.java-1.54.0-win32-x64\jre\21.0.10-win32-x86_64\bin\nio.dll
0x00007ffcf3ee0000 - 0x00007ffcf3ef0000 	c:\Users\LENOVO\.antigravity-ide\extensions\redhat.java-1.54.0-win32-x64\jre\21.0.10-win32-x86_64\bin\verify.dll

JVMTI agents:
c:\Users\LENOVO\.antigravity-ide\extensions\redhat.java-1.54.0-win32-x64\lombok\lombok-1.18.39-4050.jar path:c:\Users\LENOVO\.antigravity-ide\extensions\redhat.java-1.54.0-win32-x64\jre\21.0.10-win32-x86_64\bin\instrument.dll, loaded, initialized, instrumentlib options:none

dbghelp: loaded successfully - version: 4.0.5 - missing functions: none
symbol engine: initialized successfully - sym options: 0x614 - pdb path: .;c:\Users\LENOVO\.antigravity-ide\extensions\redhat.java-1.54.0-win32-x64\jre\21.0.10-win32-x86_64\bin;C:\Windows\SYSTEM32;C:\Windows\WinSxS\amd64_microsoft.windows.common-controls_6595b64144ccf1df_6.0.19041.6456_none_60b8a6cb71f64256;c:\Users\LENOVO\.antigravity-ide\extensions\redhat.java-1.54.0-win32-x64\jre\21.0.10-win32-x86_64\bin\server

VM Arguments:
jvm_args: --add-modules=ALL-SYSTEM --add-opens=java.base/java.util=ALL-UNNAMED --add-opens=java.base/java.lang=ALL-UNNAMED --add-opens=java.base/sun.nio.fs=ALL-UNNAMED -Declipse.application=org.eclipse.jdt.ls.core.id1 -Dosgi.bundles.defaultStartLevel=4 -Declipse.product=org.eclipse.jdt.ls.core.product -Djava.import.generatesMetadataFilesAtProjectRoot=false -DDetectVMInstallationsJob.disabled=true -Dfile.encoding=utf8 -XX:+UseParallelGC -XX:GCTimeRatio=4 -XX:AdaptiveSizePolicyWeight=90 -Dsun.zip.disableMemoryMapping=true -Xmx2G -Xms100m -Xlog:disable -javaagent:c:\Users\LENOVO\.antigravity-ide\extensions\redhat.java-1.54.0-win32-x64\lombok\lombok-1.18.39-4050.jar 
java_command: c:\Users\LENOVO\.antigravity-ide\extensions\redhat.java-1.54.0-win32-x64\server\plugins\org.eclipse.equinox.launcher_1.7.100.v20251111-0406.jar -configuration c:\Users\LENOVO\AppData\Roaming\Antigravity IDE\User\globalStorage\redhat.java\1.54.0\config_ss_win -data c:\Users\LENOVO\AppData\Roaming\Antigravity IDE\User\workspaceStorage\cb8e4e63b4c68c767af70ccfd80f83ee\redhat.java\ss_ws --pipe=\\.\pipe\lsp-e2dbce59f558ecef3482f38766334d99-sock
java_class_path (initial): c:\Users\LENOVO\.antigravity-ide\extensions\redhat.java-1.54.0-win32-x64\server\plugins\org.eclipse.equinox.launcher_1.7.100.v20251111-0406.jar
Launcher Type: SUN_STANDARD

[Global flags]
    uintx AdaptiveSizePolicyWeight                 = 90                                        {product} {command line}
     intx CICompilerCount                          = 3                                         {product} {ergonomic}
    uintx GCTimeRatio                              = 4                                         {product} {command line}
   size_t InitialHeapSize                          = 104857600                                 {product} {command line}
   size_t MaxHeapSize                              = 2147483648                                {product} {command line}
   size_t MaxNewSize                               = 715653120                                 {product} {ergonomic}
   size_t MinHeapDeltaBytes                        = 524288                                    {product} {ergonomic}
   size_t MinHeapSize                              = 104857600                                 {product} {command line}
   size_t NewSize                                  = 34603008                                  {product} {ergonomic}
    uintx NonNMethodCodeHeapSize                   = 5832780                                {pd product} {ergonomic}
    uintx NonProfiledCodeHeapSize                  = 122912730                              {pd product} {ergonomic}
   size_t OldSize                                  = 70254592                                  {product} {ergonomic}
    uintx ProfiledCodeHeapSize                     = 122912730                              {pd product} {ergonomic}
    uintx ReservedCodeCacheSize                    = 251658240                              {pd product} {ergonomic}
     bool SegmentedCodeCache                       = true                                      {product} {ergonomic}
   size_t SoftMaxHeapSize                          = 2147483648                             {manageable} {ergonomic}
     bool UseCompressedOops                        = true                           {product lp64_product} {ergonomic}
     bool UseLargePagesIndividualAllocation        = false                                  {pd product} {ergonomic}
     bool UseParallelGC                            = true                                      {product} {command line}

Logging:
Log output configuration:
 #0: stdout all=off uptime,level,tags foldmultilines=false
 #1: stderr all=off uptime,level,tags foldmultilines=false

Release file:
JAVA_VERSION="21.0.10" 
MODULES="java.base java.compiler java.datatransfer java.xml java.prefs java.desktop java.instrument java.logging java.management java.security.sasl java.naming java.rmi java.management.rmi java.net.http java.scripting java.security.jgss java.transaction.xa java.sql java.sql.rowset java.xml.crypto java.se java.smartcardio jdk.accessibility jdk.internal.jvmstat jdk.attach jdk.charsets jdk.internal.opt jdk.zipfs jdk.compiler jdk.crypto.ec jdk.crypto.cryptoki jdk.crypto.mscapi jdk.dynalink jdk.internal.ed jdk.editpad jdk.hotspot.agent jdk.httpserver jdk.internal.le jdk.internal.vm.ci jdk.internal.vm.compiler jdk.internal.vm.compiler.management jdk.jartool jdk.javadoc jdk.jcmd jdk.management jdk.management.agent jdk.jconsole jdk.jdeps jdk.jdwp.agent jdk.jdi jdk.jfr jdk.jshell jdk.jsobject jdk.jstatd jdk.localedata jdk.management.jfr jdk.naming.dns jdk.naming.rmi jdk.net jdk.nio.mapmode jdk.random jdk.sctp jdk.security.auth jdk.security.jgss jdk.unsupported jdk.unsupported.desktop jdk.xml.dom" 

Environment Variables:
PATH=C:\Program Files (x86)\Common Files\MVS\Runtime\Win32_i86;C:\Program Files (x86)\Common Files\MVS\Runtime\Win64_x64;C:\Python314\Scripts\;C:\Python314\;C:\Program Files\Python313\Scripts\;C:\Program Files\Python313\;C:\Program Files\Common Files\Oracle\Java\javapath;C:\Windows\system32;C:\Windows;C:\Windows\System32\Wbem;C:\Windows\System32\WindowsPowerShell\v1.0\;C:\Windows\System32\OpenSSH\;C:\Program Files (x86)\Windows Kits\8.1\Windows Performance Toolkit\;C:\Program Files\Java\jdk-21\bin;C:\Program Files\Git\cmd;C:\Program Files\PuTTY\;C:\ProgramData\chocolatey\bin;C:\Program Files\nodejs\;C:\Program Files (x86)\Windows Kits\10\Windows Performance Toolkit\;C:\Program Files (x86)\Yarn\bin\;C:\Program Files\dotnet\;D:\AndroidSDK\platform-tools;D:\AndroidSDK\emulator;D:\AndroidSDK\tools;D:\AndroidSDK\tools\bin;c:\Users\LENOVO\AppData\Local\Programs\cursor\resources\app\codeBin;C:\Program Files\Python313;C:\Program Files\Python313\Scripts;C:\Program Files\MySQL\MySQL Shell 8.0\bin\;C:\Users\LENOVO\AppData\Local\Microsoft\WindowsApps;C:\Users\LENOVO\AppData\Local\Programs\Microsoft VS Code\bin;C:\Users\LENOVO\AppData\Local\Python\bin;C:\Users\LENOVO\AppData\Local\Programs\Antigravity\bin;C:\Program Files\JetBrains\PyCharm 2025.3.1\bin;C:\Users\LENOVO\AppData\Roaming\npm;C:\Users\LENOVO\AppData\Local\Programs\cursor\resources\app\bin;C:\Users\LENOVO\AppData\Local\Programs\Antigravity IDE\bin;C:\Users\LENOVO\AppData\Local\Yarn\bin;C:\Users\LENOVO\.dotnet\tools
USERNAME=LENOVO
OS=Windows_NT
PROCESSOR_IDENTIFIER=Intel64 Family 6 Model 142 Stepping 9, GenuineIntel
TMP=C:\Users\LENOVO\AppData\Local\Temp
TEMP=C:\Users\LENOVO\AppData\Local\Temp




Periodic native trim disabled

---------------  S Y S T E M  ---------------

OS:
 Windows 10 , 64 bit Build 19041 (10.0.19041.5915)
OS uptime: 16 days 23:30 hours
Hyper-V role detected

CPU: total 4 (initial active 4) (2 cores per cpu, 2 threads per core) family 6 model 142 stepping 9 microcode 0xf0, cx8, cmov, fxsr, ht, mmx, 3dnowpref, sse, sse2, sse3, ssse3, sse4.1, sse4.2, popcnt, lzcnt, tsc, tscinvbit, avx, avx2, aes, erms, clmul, bmi1, bmi2, rtm, adx, fma, vzeroupper, clflush, clflushopt, hv, rdtscp, f16c
Processor Information for the first 4 processors :
  Max Mhz: 2701, Current Mhz: 2500, Mhz Limit: 2484

Memory: 4k page, system-wide physical 8056M (321M free)
TotalPageFile size 27252M (AvailPageFile size 2M)
current process WorkingSet (physical memory assigned to process): 76M, peak: 83M
current process commit charge ("private bytes"): 218M, peak: 224M

vm_info: OpenJDK 64-Bit Server VM (21.0.10+7-LTS) for windows-amd64 JRE (21.0.10+7-LTS), built on 2026-01-20T00:00:00Z by "admin" with MS VC++ 17.12 (VS2022)

END.
