#
# There is insufficient memory for the Java Runtime Environment to continue.
# Native memory allocation (malloc) failed to allocate 651216 bytes. Error detail: Chunk::new
# Possible reasons:
#   The system is out of physical RAM or swap space
#   This process is running with CompressedOops enabled, and the Java Heap may be blocking the growth of the native heap
# Possible solutions:
#   Reduce memory load on the system
#   Increase physical memory or swap space
#   Check if swap backing store is full
#   Decrease Java heap size (-Xmx/-Xms)
#   Decrease number of Java threads
#   Decrease Java thread stack sizes (-Xss)
#   Set larger code cache with -XX:ReservedCodeCacheSize=
#   JVM is running with Unscaled Compressed Oops mode in which the Java heap is
#     placed in the first 4GB address space. The Java Heap base address is the
#     maximum limit for the native heap growth. Please use -XX:HeapBaseMinAddress
#     to set the Java Heap base and to place the Java Heap above 4GB virtual address.
# This output file may be truncated or incomplete.
#
#  Out of Memory Error (arena.cpp:168), pid=8404, tid=13284
#
# JRE version: OpenJDK Runtime Environment Temurin-21.0.10+7 (21.0.10+7) (build 21.0.10+7-LTS)
# Java VM: OpenJDK 64-Bit Server VM Temurin-21.0.10+7 (21.0.10+7-LTS, mixed mode, sharing, tiered, compressed oops, compressed class ptrs, g1 gc, windows-amd64)
# No core dump will be written. Minidumps are not enabled by default on client versions of Windows
#

---------------  S U M M A R Y ------------

Command Line: --add-opens=java.base/java.util=ALL-UNNAMED --add-opens=java.base/java.lang=ALL-UNNAMED --add-opens=java.base/java.lang.invoke=ALL-UNNAMED --add-opens=java.prefs/java.util.prefs=ALL-UNNAMED --add-exports=jdk.compiler/com.sun.tools.javac.api=ALL-UNNAMED --add-exports=jdk.compiler/com.sun.tools.javac.util=ALL-UNNAMED --add-opens=java.base/java.nio.charset=ALL-UNNAMED --add-opens=java.base/java.net=ALL-UNNAMED --add-opens=java.base/java.util.concurrent.atomic=ALL-UNNAMED -XX:MaxMetaspaceSize=384m -XX:+HeapDumpOnOutOfMemoryError -Xms256m -Xmx512m -Dfile.encoding=utf8 -Duser.country=US -Duser.language=en -Duser.variant -javaagent:C:\Users\LENOVO\.gradle\wrapper\dists\gradle-8.9-bin\90cnw93cvbtalezasaz0blq0a\gradle-8.9\lib\agents\gradle-instrumentation-agent-8.9.jar org.gradle.launcher.daemon.bootstrap.GradleDaemon 8.9

Host: Intel(R) Core(TM) i5-7300U CPU @ 2.60GHz, 4 cores, 7G,  Windows 10 , 64 bit Build 19041 (10.0.19041.5915)
Time: Fri Jun 12 10:33:07 2026 India Standard Time elapsed time: 112.242727 seconds (0d 0h 1m 52s)

---------------  T H R E A D  ---------------

Current thread (0x00000285c47cedb0):  JavaThread "C2 CompilerThread0" daemon [_thread_in_native, id=13284, stack(0x000000e755900000,0x000000e755a00000) (1024K)]


Current CompileTask:
C2:112243 13505       4       org.gradle.api.internal.artifacts.ivyservice.resolveengine.result.DesugaredAttributeContainerSerializer::read (155 bytes)

Stack: [0x000000e755900000,0x000000e755a00000]
Native frames: (J=compiled Java code, j=interpreted, Vv=VM code, C=native code)
V  [jvm.dll+0x6d7a39]
V  [jvm.dll+0x8b4b26]
V  [jvm.dll+0x8b70de]
V  [jvm.dll+0x8b77c3]
V  [jvm.dll+0x284346]
V  [jvm.dll+0xc66ed]
V  [jvm.dll+0xc6c31]
V  [jvm.dll+0x3bec3b]
V  [jvm.dll+0x38b162]
V  [jvm.dll+0x38a5aa]
V  [jvm.dll+0x24c560]
V  [jvm.dll+0x24bb40]
V  [jvm.dll+0x1cb34e]
V  [jvm.dll+0x25b85d]
V  [jvm.dll+0x259dea]
V  [jvm.dll+0x3f857e]
V  [jvm.dll+0x85f59d]
V  [jvm.dll+0x6d626d]
C  [ucrtbase.dll+0x21bb2]
C  [KERNEL32.DLL+0x17374]
C  [ntdll.dll+0x4cc91]


---------------  P R O C E S S  ---------------

Threads class SMR info:
_java_thread_list=0x00000285e3c43f30, length=39, elements={
0x00000285ad477df0, 0x00000285c47c50b0, 0x00000285c47c5b10, 0x00000285c47c6570,
0x00000285c47c6fd0, 0x00000285c47ca0c0, 0x00000285c47cab20, 0x00000285c47cedb0,
0x00000285c47cf850, 0x00000285c49944c0, 0x00000285c49d5960, 0x00000285df91b030,
0x00000285df90e340, 0x00000285df6edad0, 0x00000285df8ea910, 0x00000285df81b540,
0x00000285df81cf80, 0x00000285df81a820, 0x00000285df81d610, 0x00000285e1f853a0,
0x00000285e1f8a260, 0x00000285e1f86750, 0x00000285e1f88eb0, 0x00000285e1f89540,
0x00000285e1f84680, 0x00000285e1f8bca0, 0x00000285deee2cd0, 0x00000285deee4080,
0x00000285e3ce28f0, 0x00000285e3ce3ca0, 0x00000285e3ce0eb0, 0x00000285e3ce6a90,
0x00000285e3ce1bd0, 0x00000285e3ce0190, 0x00000285e3ce77b0, 0x00000285e3ce2260,
0x00000285e3ce49c0, 0x00000285e3ce3610, 0x00000285e3ce4330
}

Java Threads: ( => current thread )
  0x00000285ad477df0 JavaThread "main"                              [_thread_blocked, id=12404, stack(0x000000e754b00000,0x000000e754c00000) (1024K)]
  0x00000285c47c50b0 JavaThread "Reference Handler"          daemon [_thread_blocked, id=14568, stack(0x000000e755300000,0x000000e755400000) (1024K)]
  0x00000285c47c5b10 JavaThread "Finalizer"                  daemon [_thread_blocked, id=6472, stack(0x000000e755400000,0x000000e755500000) (1024K)]
  0x00000285c47c6570 JavaThread "Signal Dispatcher"          daemon [_thread_blocked, id=17836, stack(0x000000e755500000,0x000000e755600000) (1024K)]
  0x00000285c47c6fd0 JavaThread "Attach Listener"            daemon [_thread_blocked, id=23036, stack(0x000000e755600000,0x000000e755700000) (1024K)]
  0x00000285c47ca0c0 JavaThread "Service Thread"             daemon [_thread_blocked, id=1996, stack(0x000000e755700000,0x000000e755800000) (1024K)]
  0x00000285c47cab20 JavaThread "Monitor Deflation Thread"   daemon [_thread_blocked, id=14936, stack(0x000000e755800000,0x000000e755900000) (1024K)]
=>0x00000285c47cedb0 JavaThread "C2 CompilerThread0"         daemon [_thread_in_native, id=13284, stack(0x000000e755900000,0x000000e755a00000) (1024K)]
  0x00000285c47cf850 JavaThread "C1 CompilerThread0"         daemon [_thread_blocked, id=11004, stack(0x000000e755a00000,0x000000e755b00000) (1024K)]
  0x00000285c49944c0 JavaThread "Common-Cleaner"             daemon [_thread_blocked, id=19328, stack(0x000000e755b00000,0x000000e755c00000) (1024K)]
  0x00000285c49d5960 JavaThread "Notification Thread"        daemon [_thread_blocked, id=12648, stack(0x000000e755c00000,0x000000e755d00000) (1024K)]
  0x00000285df91b030 JavaThread "Daemon health stats"               [_thread_blocked, id=2968, stack(0x000000e756100000,0x000000e756200000) (1024K)]
  0x00000285df90e340 JavaThread "Incoming local TCP Connector on port 49298"        [_thread_in_native, id=10524, stack(0x000000e756200000,0x000000e756300000) (1024K)]
  0x00000285df6edad0 JavaThread "Daemon periodic checks"            [_thread_blocked, id=17236, stack(0x000000e756300000,0x000000e756400000) (1024K)]
  0x00000285df8ea910 JavaThread "Daemon"                            [_thread_blocked, id=18892, stack(0x000000e756400000,0x000000e756500000) (1024K)]
  0x00000285df81b540 JavaThread "Daemon worker"                     [_thread_in_Java, id=6044, stack(0x000000e756700000,0x000000e756800000) (1024K)]
  0x00000285df81cf80 JavaThread "Cache worker for journal cache (C:\Users\LENOVO\.gradle\caches\journal-1)"        [_thread_blocked, id=13568, stack(0x000000e756000000,0x000000e756100000) (1024K)]
  0x00000285df81a820 JavaThread "File lock request listener"        [_thread_in_native, id=12880, stack(0x000000e756b00000,0x000000e756c00000) (1024K)]
  0x00000285df81d610 JavaThread "Cache worker for file hash cache (C:\Users\LENOVO\.gradle\caches\8.9\fileHashes)"        [_thread_blocked, id=19548, stack(0x000000e756c00000,0x000000e756d00000) (1024K)]
  0x00000285e1f853a0 JavaThread "File watcher server"        daemon [_thread_in_native, id=7920, stack(0x000000e756d00000,0x000000e756e00000) (1024K)]
  0x00000285e1f8a260 JavaThread "File watcher consumer"      daemon [_thread_blocked, id=25232, stack(0x000000e757000000,0x000000e757100000) (1024K)]
  0x00000285e1f86750 JavaThread "Cache worker for file content cache (C:\Users\LENOVO\.gradle\caches\8.9\fileContent)"        [_thread_blocked, id=9336, stack(0x000000e757200000,0x000000e757300000) (1024K)]
  0x00000285e1f88eb0 JavaThread "jar transforms"                    [_thread_blocked, id=22096, stack(0x000000e757600000,0x000000e757700000) (1024K)]
  0x00000285e1f89540 JavaThread "jar transforms Thread 2"           [_thread_blocked, id=4928, stack(0x000000e757700000,0x000000e757800000) (1024K)]
  0x00000285e1f84680 JavaThread "jar transforms Thread 3"           [_thread_blocked, id=8412, stack(0x000000e757800000,0x000000e757900000) (1024K)]
  0x00000285e1f8bca0 JavaThread "jar transforms Thread 4"           [_thread_blocked, id=24464, stack(0x000000e757400000,0x000000e757500000) (1024K)]
  0x00000285deee2cd0 JavaThread "Memory manager"                    [_thread_blocked, id=23060, stack(0x000000e758300000,0x000000e758400000) (1024K)]
  0x00000285deee4080 JavaThread "VFS cleanup"                       [_thread_blocked, id=9836, stack(0x000000e756800000,0x000000e756900000) (1024K)]
  0x00000285e3ce28f0 JavaThread "File lock release action executor"        [_thread_blocked, id=18028, stack(0x000000e754800000,0x000000e754900000) (1024K)]
  0x00000285e3ce3ca0 JavaThread "Handler for socket connection from /127.0.0.1:49298 to /127.0.0.1:49361"        [_thread_in_native, id=11220, stack(0x000000e754900000,0x000000e754a00000) (1024K)]
  0x00000285e3ce0eb0 JavaThread "Cancel handler"                    [_thread_blocked, id=4160, stack(0x000000e754a00000,0x000000e754b00000) (1024K)]
  0x00000285e3ce6a90 JavaThread "Asynchronous log dispatcher for DefaultDaemonConnection: socket connection from /127.0.0.1:49298 to /127.0.0.1:49361"        [_thread_blocked, id=21308, stack(0x000000e756500000,0x000000e756600000) (1024K)]
  0x00000285e3ce1bd0 JavaThread "Stdin handler"                     [_thread_blocked, id=23868, stack(0x000000e756600000,0x000000e756700000) (1024K)]
  0x00000285e3ce0190 JavaThread "Daemon client event forwarder"        [_thread_blocked, id=6028, stack(0x000000e756900000,0x000000e756a00000) (1024K)]
  0x00000285e3ce77b0 JavaThread "Cache worker for file hash cache (C:\idhayam-distributor-mobile\node_modules\react-native-linear-gradient\android\.gradle\8.9\fileHashes)"        [_thread_blocked, id=19948, stack(0x000000e756a00000,0x000000e756b00000) (1024K)]
  0x00000285e3ce2260 JavaThread "Cache worker for Build Output Cleanup Cache (C:\idhayam-distributor-mobile\node_modules\react-native-linear-gradient\android\.gradle\buildOutputCleanup)"        [_thread_blocked, id=10920, stack(0x000000e756e00000,0x000000e756f00000) (1024K)]
  0x00000285e3ce49c0 JavaThread "Cache worker for checksums cache (C:\idhayam-distributor-mobile\node_modules\react-native-linear-gradient\android\.gradle\8.9\checksums)"        [_thread_blocked, id=312, stack(0x000000e756f00000,0x000000e757000000) (1024K)]
  0x00000285e3ce3610 JavaThread "Cache worker for cache directory md-rule (C:\Users\LENOVO\.gradle\caches\8.9\md-rule)"        [_thread_blocked, id=13024, stack(0x000000e757100000,0x000000e757200000) (1024K)]
  0x00000285e3ce4330 JavaThread "Cache worker for cache directory md-supplier (C:\Users\LENOVO\.gradle\caches\8.9\md-supplier)"        [_thread_blocked, id=23492, stack(0x000000e757300000,0x000000e757400000) (1024K)]
Total: 39

Other Threads:
  0x00000285c47af6a0 VMThread "VM Thread"                           [id=25004, stack(0x000000e755200000,0x000000e755300000) (1024K)]
  0x00000285c479eb50 WatcherThread "VM Periodic Task Thread"        [id=6556, stack(0x000000e755100000,0x000000e755200000) (1024K)]
  0x00000285af68ecd0 WorkerThread "GC Thread#0"                     [id=25096, stack(0x000000e754c00000,0x000000e754d00000) (1024K)]
  0x00000285c4b10e90 WorkerThread "GC Thread#1"                     [id=25000, stack(0x000000e755d00000,0x000000e755e00000) (1024K)]
  0x00000285de030040 WorkerThread "GC Thread#2"                     [id=2352, stack(0x000000e755e00000,0x000000e755f00000) (1024K)]
  0x00000285de0303f0 WorkerThread "GC Thread#3"                     [id=20340, stack(0x000000e755f00000,0x000000e756000000) (1024K)]
  0x00000285af693d10 ConcurrentGCThread "G1 Main Marker"            [id=25480, stack(0x000000e754d00000,0x000000e754e00000) (1024K)]
  0x00000285af695670 WorkerThread "G1 Conc#0"                       [id=820, stack(0x000000e754e00000,0x000000e754f00000) (1024K)]
  0x00000285c466c640 ConcurrentGCThread "G1 Refine#0"               [id=25236, stack(0x000000e754f00000,0x000000e755000000) (1024K)]
  0x00000285c466ce70 ConcurrentGCThread "G1 Service"                [id=24316, stack(0x000000e755000000,0x000000e755100000) (1024K)]
Total: 10

Threads with active compile tasks:
C2 CompilerThread0  112312 13505       4       org.gradle.api.internal.artifacts.ivyservice.resolveengine.result.DesugaredAttributeContainerSerializer::read (155 bytes)
Total: 1

VM state: not at safepoint (normal execution)

VM Mutex/Monitor currently owned by a thread: None

Heap address: 0x00000000e0000000, size: 512 MB, Compressed Oops mode: 32-bit

CDS archive(s) mapped at: [0x00000285c5000000-0x00000285c5ba0000-0x00000285c5ba0000), size 12189696, SharedBaseAddress: 0x00000285c5000000, ArchiveRelocationMode: 1.
Compressed class space mapped at: 0x00000285c6000000-0x00000285da000000, reserved size: 335544320
Narrow klass base: 0x00000285c5000000, Narrow klass shift: 0, Narrow klass range: 0x100000000

GC Precious Log:
 CardTable entry size: 512
 Card Set container configuration: InlinePtr #cards 5 size 8 Array Of Cards #cards 12 size 40 Howl #buckets 4 coarsen threshold 1843 Howl Bitmap #cards 512 size 80 coarsen threshold 460 Card regions per heap region 1 cards per card region 2048
 CPUs: 4 total, 4 available
 Memory: 8056M
 Large Page Support: Disabled
 NUMA Support: Disabled
 Compressed Oops: Enabled (32-bit)
 Heap Region Size: 1M
 Heap Min Capacity: 256M
 Heap Initial Capacity: 256M
 Heap Max Capacity: 512M
 Pre-touch: Disabled
 Parallel Workers: 4
 Concurrent Workers: 1
 Concurrent Refinement Workers: 4
 Periodic GC: Disabled

Heap:
 garbage-first heap   total 264192K, used 223744K [0x00000000e0000000, 0x0000000100000000)
  region size 1024K, 75 young (76800K), 3 survivors (3072K)
 Metaspace       used 112580K, committed 114816K, reserved 458752K
  class space    used 15621K, committed 16704K, reserved 327680K

Heap Regions: E=young(eden), S=young(survivor), O=old, HS=humongous(starts), HC=humongous(continues), CS=collection set, F=free, TAMS=top-at-mark-start, PB=parsable bottom
|   0|0x00000000e0000000, 0x00000000e0100000, 0x00000000e0100000|100%|HS|  |TAMS 0x00000000e0000000| PB 0x00000000e0000000| Complete 
|   1|0x00000000e0100000, 0x00000000e0200000, 0x00000000e0200000|100%|HC|  |TAMS 0x00000000e0100000| PB 0x00000000e0100000| Complete 
|   2|0x00000000e0200000, 0x00000000e0300000, 0x00000000e0300000|100%|HC|  |TAMS 0x00000000e0200000| PB 0x00000000e0200000| Complete 
|   3|0x00000000e0300000, 0x00000000e0400000, 0x00000000e0400000|100%|HC|  |TAMS 0x00000000e0300000| PB 0x00000000e0300000| Complete 
|   4|0x00000000e0400000, 0x00000000e0500000, 0x00000000e0500000|100%| O|  |TAMS 0x00000000e0400000| PB 0x00000000e0400000| Untracked 
|   5|0x00000000e0500000, 0x00000000e0600000, 0x00000000e0600000|100%| O|  |TAMS 0x00000000e0500000| PB 0x00000000e0500000| Untracked 
|   6|0x00000000e0600000, 0x00000000e0700000, 0x00000000e0700000|100%| O|  |TAMS 0x00000000e0600000| PB 0x00000000e0600000| Untracked 
|   7|0x00000000e0700000, 0x00000000e0800000, 0x00000000e0800000|100%|HS|  |TAMS 0x00000000e0700000| PB 0x00000000e0700000| Complete 
|   8|0x00000000e0800000, 0x00000000e0900000, 0x00000000e0900000|100%| O|  |TAMS 0x00000000e0800000| PB 0x00000000e0800000| Untracked 
|   9|0x00000000e0900000, 0x00000000e0a00000, 0x00000000e0a00000|100%| O|  |TAMS 0x00000000e0900000| PB 0x00000000e0900000| Untracked 
|  10|0x00000000e0a00000, 0x00000000e0b00000, 0x00000000e0b00000|100%| O|  |TAMS 0x00000000e0a00000| PB 0x00000000e0a00000| Untracked 
|  11|0x00000000e0b00000, 0x00000000e0c00000, 0x00000000e0c00000|100%| O|  |TAMS 0x00000000e0b00000| PB 0x00000000e0b00000| Untracked 
|  12|0x00000000e0c00000, 0x00000000e0d00000, 0x00000000e0d00000|100%| O|  |TAMS 0x00000000e0c00000| PB 0x00000000e0c00000| Untracked 
|  13|0x00000000e0d00000, 0x00000000e0e00000, 0x00000000e0e00000|100%| O|  |TAMS 0x00000000e0d00000| PB 0x00000000e0d00000| Untracked 
|  14|0x00000000e0e00000, 0x00000000e0f00000, 0x00000000e0f00000|100%| O|  |TAMS 0x00000000e0e00000| PB 0x00000000e0e00000| Untracked 
|  15|0x00000000e0f00000, 0x00000000e1000000, 0x00000000e1000000|100%| O|  |TAMS 0x00000000e0f00000| PB 0x00000000e0f00000| Untracked 
|  16|0x00000000e1000000, 0x00000000e1100000, 0x00000000e1100000|100%| O|  |TAMS 0x00000000e1000000| PB 0x00000000e1000000| Untracked 
|  17|0x00000000e1100000, 0x00000000e1200000, 0x00000000e1200000|100%| O|  |TAMS 0x00000000e1100000| PB 0x00000000e1100000| Untracked 
|  18|0x00000000e1200000, 0x00000000e1300000, 0x00000000e1300000|100%| O|  |TAMS 0x00000000e1200000| PB 0x00000000e1200000| Untracked 
|  19|0x00000000e1300000, 0x00000000e1400000, 0x00000000e1400000|100%| O|  |TAMS 0x00000000e1300000| PB 0x00000000e1300000| Untracked 
|  20|0x00000000e1400000, 0x00000000e1500000, 0x00000000e1500000|100%| O|  |TAMS 0x00000000e1400000| PB 0x00000000e1400000| Untracked 
|  21|0x00000000e1500000, 0x00000000e1600000, 0x00000000e1600000|100%| O|  |TAMS 0x00000000e1500000| PB 0x00000000e1500000| Untracked 
|  22|0x00000000e1600000, 0x00000000e1700000, 0x00000000e1700000|100%| O|  |TAMS 0x00000000e1600000| PB 0x00000000e1600000| Untracked 
|  23|0x00000000e1700000, 0x00000000e1800000, 0x00000000e1800000|100%| O|  |TAMS 0x00000000e1700000| PB 0x00000000e1700000| Untracked 
|  24|0x00000000e1800000, 0x00000000e1900000, 0x00000000e1900000|100%| O|  |TAMS 0x00000000e1800000| PB 0x00000000e1800000| Untracked 
|  25|0x00000000e1900000, 0x00000000e1a00000, 0x00000000e1a00000|100%| O|  |TAMS 0x00000000e1900000| PB 0x00000000e1900000| Untracked 
|  26|0x00000000e1a00000, 0x00000000e1b00000, 0x00000000e1b00000|100%| O|  |TAMS 0x00000000e1a00000| PB 0x00000000e1a00000| Untracked 
|  27|0x00000000e1b00000, 0x00000000e1c00000, 0x00000000e1c00000|100%| O|  |TAMS 0x00000000e1b00000| PB 0x00000000e1b00000| Untracked 
|  28|0x00000000e1c00000, 0x00000000e1d00000, 0x00000000e1d00000|100%| O|  |TAMS 0x00000000e1c00000| PB 0x00000000e1c00000| Untracked 
|  29|0x00000000e1d00000, 0x00000000e1e00000, 0x00000000e1e00000|100%| O|  |TAMS 0x00000000e1d00000| PB 0x00000000e1d00000| Untracked 
|  30|0x00000000e1e00000, 0x00000000e1f00000, 0x00000000e1f00000|100%| O|  |TAMS 0x00000000e1e00000| PB 0x00000000e1e00000| Untracked 
|  31|0x00000000e1f00000, 0x00000000e2000000, 0x00000000e2000000|100%| O|  |TAMS 0x00000000e1f00000| PB 0x00000000e1f00000| Untracked 
|  32|0x00000000e2000000, 0x00000000e2100000, 0x00000000e2100000|100%| O|  |TAMS 0x00000000e2000000| PB 0x00000000e2000000| Untracked 
|  33|0x00000000e2100000, 0x00000000e2200000, 0x00000000e2200000|100%| O|  |TAMS 0x00000000e2100000| PB 0x00000000e2100000| Untracked 
|  34|0x00000000e2200000, 0x00000000e2300000, 0x00000000e2300000|100%| O|  |TAMS 0x00000000e2200000| PB 0x00000000e2200000| Untracked 
|  35|0x00000000e2300000, 0x00000000e2400000, 0x00000000e2400000|100%| O|  |TAMS 0x00000000e2300000| PB 0x00000000e2300000| Untracked 
|  36|0x00000000e2400000, 0x00000000e2500000, 0x00000000e2500000|100%| O|  |TAMS 0x00000000e2400000| PB 0x00000000e2400000| Untracked 
|  37|0x00000000e2500000, 0x00000000e2600000, 0x00000000e2600000|100%| O|  |TAMS 0x00000000e2500000| PB 0x00000000e2500000| Untracked 
|  38|0x00000000e2600000, 0x00000000e2700000, 0x00000000e2700000|100%| O|  |TAMS 0x00000000e2600000| PB 0x00000000e2600000| Untracked 
|  39|0x00000000e2700000, 0x00000000e2800000, 0x00000000e2800000|100%| O|Cm|TAMS 0x00000000e2700000| PB 0x00000000e2700000| Complete 
|  40|0x00000000e2800000, 0x00000000e2900000, 0x00000000e2900000|100%|HS|  |TAMS 0x00000000e2800000| PB 0x00000000e2800000| Complete 
|  41|0x00000000e2900000, 0x00000000e2a00000, 0x00000000e2a00000|100%|HS|  |TAMS 0x00000000e2900000| PB 0x00000000e2900000| Complete 
|  42|0x00000000e2a00000, 0x00000000e2b00000, 0x00000000e2b00000|100%|HC|  |TAMS 0x00000000e2a00000| PB 0x00000000e2a00000| Complete 
|  43|0x00000000e2b00000, 0x00000000e2c00000, 0x00000000e2c00000|100%|HS|  |TAMS 0x00000000e2b00000| PB 0x00000000e2b00000| Complete 
|  44|0x00000000e2c00000, 0x00000000e2d00000, 0x00000000e2d00000|100%|HS|  |TAMS 0x00000000e2c00000| PB 0x00000000e2c00000| Complete 
|  45|0x00000000e2d00000, 0x00000000e2e00000, 0x00000000e2e00000|100%|HS|  |TAMS 0x00000000e2d00000| PB 0x00000000e2d00000| Complete 
|  46|0x00000000e2e00000, 0x00000000e2f00000, 0x00000000e2f00000|100%|HS|  |TAMS 0x00000000e2e00000| PB 0x00000000e2e00000| Complete 
|  47|0x00000000e2f00000, 0x00000000e3000000, 0x00000000e3000000|100%|HS|  |TAMS 0x00000000e2f00000| PB 0x00000000e2f00000| Complete 
|  48|0x00000000e3000000, 0x00000000e3100000, 0x00000000e3100000|100%| O|  |TAMS 0x00000000e3000000| PB 0x00000000e3000000| Untracked 
|  49|0x00000000e3100000, 0x00000000e3200000, 0x00000000e3200000|100%| O|  |TAMS 0x00000000e3100000| PB 0x00000000e3100000| Untracked 
|  50|0x00000000e3200000, 0x00000000e3300000, 0x00000000e3300000|100%| O|  |TAMS 0x00000000e3200000| PB 0x00000000e3200000| Untracked 
|  51|0x00000000e3300000, 0x00000000e3400000, 0x00000000e3400000|100%| O|  |TAMS 0x00000000e3300000| PB 0x00000000e3300000| Untracked 
|  52|0x00000000e3400000, 0x00000000e3500000, 0x00000000e3500000|100%| O|  |TAMS 0x00000000e3400000| PB 0x00000000e3400000| Untracked 
|  53|0x00000000e3500000, 0x00000000e3600000, 0x00000000e3600000|100%|HS|  |TAMS 0x00000000e3500000| PB 0x00000000e3500000| Complete 
|  54|0x00000000e3600000, 0x00000000e3700000, 0x00000000e3700000|100%|HS|  |TAMS 0x00000000e3600000| PB 0x00000000e3600000| Complete 
|  55|0x00000000e3700000, 0x00000000e3800000, 0x00000000e3800000|100%|HC|  |TAMS 0x00000000e3700000| PB 0x00000000e3700000| Complete 
|  56|0x00000000e3800000, 0x00000000e3900000, 0x00000000e3900000|100%| O|Cm|TAMS 0x00000000e3800000| PB 0x00000000e3800000| Complete 
|  57|0x00000000e3900000, 0x00000000e3a00000, 0x00000000e3a00000|100%| O|  |TAMS 0x00000000e3900000| PB 0x00000000e3900000| Untracked 
|  58|0x00000000e3a00000, 0x00000000e3b00000, 0x00000000e3b00000|100%| O|  |TAMS 0x00000000e3a00000| PB 0x00000000e3a00000| Untracked 
|  59|0x00000000e3b00000, 0x00000000e3c00000, 0x00000000e3c00000|100%| O|  |TAMS 0x00000000e3b00000| PB 0x00000000e3b00000| Untracked 
|  60|0x00000000e3c00000, 0x00000000e3d00000, 0x00000000e3d00000|100%| O|  |TAMS 0x00000000e3c00000| PB 0x00000000e3c00000| Untracked 
|  61|0x00000000e3d00000, 0x00000000e3e00000, 0x00000000e3e00000|100%| O|  |TAMS 0x00000000e3d00000| PB 0x00000000e3d00000| Untracked 
|  62|0x00000000e3e00000, 0x00000000e3f00000, 0x00000000e3f00000|100%| O|  |TAMS 0x00000000e3e00000| PB 0x00000000e3e00000| Untracked 
|  63|0x00000000e3f00000, 0x00000000e4000000, 0x00000000e4000000|100%| O|  |TAMS 0x00000000e3f00000| PB 0x00000000e3f00000| Untracked 
|  64|0x00000000e4000000, 0x00000000e4100000, 0x00000000e4100000|100%| O|  |TAMS 0x00000000e4000000| PB 0x00000000e4000000| Untracked 
|  65|0x00000000e4100000, 0x00000000e4200000, 0x00000000e4200000|100%| O|  |TAMS 0x00000000e4100000| PB 0x00000000e4100000| Untracked 
|  66|0x00000000e4200000, 0x00000000e4300000, 0x00000000e4300000|100%| O|  |TAMS 0x00000000e4200000| PB 0x00000000e4200000| Untracked 
|  67|0x00000000e4300000, 0x00000000e4400000, 0x00000000e4400000|100%| O|  |TAMS 0x00000000e4300000| PB 0x00000000e4300000| Untracked 
|  68|0x00000000e4400000, 0x00000000e4500000, 0x00000000e4500000|100%|HS|  |TAMS 0x00000000e4400000| PB 0x00000000e4400000| Complete 
|  69|0x00000000e4500000, 0x00000000e4600000, 0x00000000e4600000|100%|HS|  |TAMS 0x00000000e4500000| PB 0x00000000e4500000| Complete 
|  70|0x00000000e4600000, 0x00000000e4700000, 0x00000000e4700000|100%|HS|  |TAMS 0x00000000e4600000| PB 0x00000000e4600000| Complete 
|  71|0x00000000e4700000, 0x00000000e4800000, 0x00000000e4800000|100%|HS|  |TAMS 0x00000000e4700000| PB 0x00000000e4700000| Complete 
|  72|0x00000000e4800000, 0x00000000e4900000, 0x00000000e4900000|100%|HC|  |TAMS 0x00000000e4800000| PB 0x00000000e4800000| Complete 
|  73|0x00000000e4900000, 0x00000000e4a00000, 0x00000000e4a00000|100%|HS|  |TAMS 0x00000000e4900000| PB 0x00000000e4900000| Complete 
|  74|0x00000000e4a00000, 0x00000000e4b00000, 0x00000000e4b00000|100%| O|  |TAMS 0x00000000e4a00000| PB 0x00000000e4a00000| Untracked 
|  75|0x00000000e4b00000, 0x00000000e4c00000, 0x00000000e4c00000|100%| O|  |TAMS 0x00000000e4b00000| PB 0x00000000e4b00000| Untracked 
|  76|0x00000000e4c00000, 0x00000000e4d00000, 0x00000000e4d00000|100%| O|  |TAMS 0x00000000e4c00000| PB 0x00000000e4c00000| Untracked 
|  77|0x00000000e4d00000, 0x00000000e4e00000, 0x00000000e4e00000|100%| O|  |TAMS 0x00000000e4d00000| PB 0x00000000e4d00000| Untracked 
|  78|0x00000000e4e00000, 0x00000000e4f00000, 0x00000000e4f00000|100%| O|  |TAMS 0x00000000e4e00000| PB 0x00000000e4e00000| Untracked 
|  79|0x00000000e4f00000, 0x00000000e5000000, 0x00000000e5000000|100%| O|  |TAMS 0x00000000e4f00000| PB 0x00000000e4f00000| Untracked 
|  80|0x00000000e5000000, 0x00000000e5100000, 0x00000000e5100000|100%| O|  |TAMS 0x00000000e5000000| PB 0x00000000e5000000| Untracked 
|  81|0x00000000e5100000, 0x00000000e5200000, 0x00000000e5200000|100%| O|  |TAMS 0x00000000e5100000| PB 0x00000000e5100000| Untracked 
|  82|0x00000000e5200000, 0x00000000e5300000, 0x00000000e5300000|100%| O|  |TAMS 0x00000000e5200000| PB 0x00000000e5200000| Untracked 
|  83|0x00000000e5300000, 0x00000000e5400000, 0x00000000e5400000|100%| O|  |TAMS 0x00000000e5300000| PB 0x00000000e5300000| Untracked 
|  84|0x00000000e5400000, 0x00000000e5500000, 0x00000000e5500000|100%| O|  |TAMS 0x00000000e5400000| PB 0x00000000e5400000| Untracked 
|  85|0x00000000e5500000, 0x00000000e5600000, 0x00000000e5600000|100%|HS|  |TAMS 0x00000000e5500000| PB 0x00000000e5500000| Complete 
|  86|0x00000000e5600000, 0x00000000e5700000, 0x00000000e5700000|100%|HC|  |TAMS 0x00000000e5600000| PB 0x00000000e5600000| Complete 
|  87|0x00000000e5700000, 0x00000000e5800000, 0x00000000e5800000|100%| O|  |TAMS 0x00000000e5700000| PB 0x00000000e5700000| Untracked 
|  88|0x00000000e5800000, 0x00000000e5900000, 0x00000000e5900000|100%| O|  |TAMS 0x00000000e5800000| PB 0x00000000e5800000| Untracked 
|  89|0x00000000e5900000, 0x00000000e5a00000, 0x00000000e5a00000|100%| O|  |TAMS 0x00000000e5900000| PB 0x00000000e5900000| Untracked 
|  90|0x00000000e5a00000, 0x00000000e5b00000, 0x00000000e5b00000|100%| O|  |TAMS 0x00000000e5a00000| PB 0x00000000e5a00000| Untracked 
|  91|0x00000000e5b00000, 0x00000000e5c00000, 0x00000000e5c00000|100%| O|  |TAMS 0x00000000e5b00000| PB 0x00000000e5b00000| Untracked 
|  92|0x00000000e5c00000, 0x00000000e5d00000, 0x00000000e5d00000|100%| O|  |TAMS 0x00000000e5c00000| PB 0x00000000e5c00000| Untracked 
|  93|0x00000000e5d00000, 0x00000000e5e00000, 0x00000000e5e00000|100%| O|  |TAMS 0x00000000e5d00000| PB 0x00000000e5d00000| Untracked 
|  94|0x00000000e5e00000, 0x00000000e5f00000, 0x00000000e5f00000|100%| O|  |TAMS 0x00000000e5e00000| PB 0x00000000e5e00000| Untracked 
|  95|0x00000000e5f00000, 0x00000000e6000000, 0x00000000e6000000|100%| O|  |TAMS 0x00000000e5f00000| PB 0x00000000e5f00000| Untracked 
|  96|0x00000000e6000000, 0x00000000e6100000, 0x00000000e6100000|100%| O|  |TAMS 0x00000000e6000000| PB 0x00000000e6000000| Untracked 
|  97|0x00000000e6100000, 0x00000000e6200000, 0x00000000e6200000|100%| O|  |TAMS 0x00000000e6100000| PB 0x00000000e6100000| Untracked 
|  98|0x00000000e6200000, 0x00000000e6300000, 0x00000000e6300000|100%|HS|  |TAMS 0x00000000e6200000| PB 0x00000000e6200000| Complete 
|  99|0x00000000e6300000, 0x00000000e6400000, 0x00000000e6400000|100%| O|  |TAMS 0x00000000e6300000| PB 0x00000000e6300000| Untracked 
| 100|0x00000000e6400000, 0x00000000e6500000, 0x00000000e6500000|100%| O|  |TAMS 0x00000000e6400000| PB 0x00000000e6400000| Untracked 
| 101|0x00000000e6500000, 0x00000000e6600000, 0x00000000e6600000|100%| O|  |TAMS 0x00000000e6500000| PB 0x00000000e6500000| Untracked 
| 102|0x00000000e6600000, 0x00000000e6700000, 0x00000000e6700000|100%| O|  |TAMS 0x00000000e6600000| PB 0x00000000e6600000| Untracked 
| 103|0x00000000e6700000, 0x00000000e6800000, 0x00000000e6800000|100%| O|  |TAMS 0x00000000e6700000| PB 0x00000000e6700000| Untracked 
| 104|0x00000000e6800000, 0x00000000e6900000, 0x00000000e6900000|100%| O|  |TAMS 0x00000000e6800000| PB 0x00000000e6800000| Untracked 
| 105|0x00000000e6900000, 0x00000000e6a00000, 0x00000000e6a00000|100%| O|  |TAMS 0x00000000e6900000| PB 0x00000000e6900000| Untracked 
| 106|0x00000000e6a00000, 0x00000000e6b00000, 0x00000000e6b00000|100%| O|  |TAMS 0x00000000e6a00000| PB 0x00000000e6a00000| Untracked 
| 107|0x00000000e6b00000, 0x00000000e6c00000, 0x00000000e6c00000|100%| O|  |TAMS 0x00000000e6b00000| PB 0x00000000e6b00000| Untracked 
| 108|0x00000000e6c00000, 0x00000000e6d00000, 0x00000000e6d00000|100%| O|  |TAMS 0x00000000e6c00000| PB 0x00000000e6c00000| Untracked 
| 109|0x00000000e6d00000, 0x00000000e6e00000, 0x00000000e6e00000|100%| O|  |TAMS 0x00000000e6d00000| PB 0x00000000e6d00000| Untracked 
| 110|0x00000000e6e00000, 0x00000000e6f00000, 0x00000000e6f00000|100%| O|  |TAMS 0x00000000e6e00000| PB 0x00000000e6e00000| Untracked 
| 111|0x00000000e6f00000, 0x00000000e7000000, 0x00000000e7000000|100%| O|  |TAMS 0x00000000e6f00000| PB 0x00000000e6f00000| Untracked 
| 112|0x00000000e7000000, 0x00000000e7100000, 0x00000000e7100000|100%| O|  |TAMS 0x00000000e7000000| PB 0x00000000e7000000| Untracked 
| 113|0x00000000e7100000, 0x00000000e7200000, 0x00000000e7200000|100%| O|  |TAMS 0x00000000e7100000| PB 0x00000000e7100000| Untracked 
| 114|0x00000000e7200000, 0x00000000e7300000, 0x00000000e7300000|100%| O|  |TAMS 0x00000000e7200000| PB 0x00000000e7200000| Untracked 
| 115|0x00000000e7300000, 0x00000000e7400000, 0x00000000e7400000|100%| O|  |TAMS 0x00000000e7300000| PB 0x00000000e7300000| Untracked 
| 116|0x00000000e7400000, 0x00000000e7500000, 0x00000000e7500000|100%| O|Cm|TAMS 0x00000000e7400000| PB 0x00000000e7400000| Complete 
| 117|0x00000000e7500000, 0x00000000e7600000, 0x00000000e7600000|100%| O|  |TAMS 0x00000000e7500000| PB 0x00000000e7500000| Untracked 
| 118|0x00000000e7600000, 0x00000000e7700000, 0x00000000e7700000|100%| O|Cm|TAMS 0x00000000e7600000| PB 0x00000000e7600000| Complete 
| 119|0x00000000e7700000, 0x00000000e7800000, 0x00000000e7800000|100%| O|  |TAMS 0x00000000e7700000| PB 0x00000000e7700000| Untracked 
| 120|0x00000000e7800000, 0x00000000e7900000, 0x00000000e7900000|100%| O|  |TAMS 0x00000000e7800000| PB 0x00000000e7800000| Untracked 
| 121|0x00000000e7900000, 0x00000000e7a00000, 0x00000000e7a00000|100%| O|  |TAMS 0x00000000e7900000| PB 0x00000000e7900000| Untracked 
| 122|0x00000000e7a00000, 0x00000000e7b00000, 0x00000000e7b00000|100%| O|  |TAMS 0x00000000e7a00000| PB 0x00000000e7a00000| Untracked 
| 123|0x00000000e7b00000, 0x00000000e7c00000, 0x00000000e7c00000|100%| O|  |TAMS 0x00000000e7b00000| PB 0x00000000e7b00000| Untracked 
| 124|0x00000000e7c00000, 0x00000000e7d00000, 0x00000000e7d00000|100%| O|  |TAMS 0x00000000e7c00000| PB 0x00000000e7c00000| Untracked 
| 125|0x00000000e7d00000, 0x00000000e7e00000, 0x00000000e7e00000|100%| O|  |TAMS 0x00000000e7d00000| PB 0x00000000e7d00000| Untracked 
| 126|0x00000000e7e00000, 0x00000000e7f00000, 0x00000000e7f00000|100%| O|  |TAMS 0x00000000e7e00000| PB 0x00000000e7e00000| Untracked 
| 127|0x00000000e7f00000, 0x00000000e8000000, 0x00000000e8000000|100%| O|  |TAMS 0x00000000e7f00000| PB 0x00000000e7f00000| Untracked 
| 128|0x00000000e8000000, 0x00000000e8100000, 0x00000000e8100000|100%| O|  |TAMS 0x00000000e8000000| PB 0x00000000e8000000| Untracked 
| 129|0x00000000e8100000, 0x00000000e8200000, 0x00000000e8200000|100%| O|  |TAMS 0x00000000e8100000| PB 0x00000000e8100000| Untracked 
| 130|0x00000000e8200000, 0x00000000e8300000, 0x00000000e8300000|100%| O|  |TAMS 0x00000000e8200000| PB 0x00000000e8200000| Untracked 
| 131|0x00000000e8300000, 0x00000000e8400000, 0x00000000e8400000|100%| O|Cm|TAMS 0x00000000e8300000| PB 0x00000000e8300000| Complete 
| 132|0x00000000e8400000, 0x00000000e8500000, 0x00000000e8500000|100%| O|  |TAMS 0x00000000e8400000| PB 0x00000000e8400000| Untracked 
| 133|0x00000000e8500000, 0x00000000e8600000, 0x00000000e8600000|100%|HS|  |TAMS 0x00000000e8500000| PB 0x00000000e8500000| Complete 
| 134|0x00000000e8600000, 0x00000000e8600000, 0x00000000e8700000|  0%| F|  |TAMS 0x00000000e8600000| PB 0x00000000e8600000| Untracked 
| 135|0x00000000e8700000, 0x00000000e8700000, 0x00000000e8800000|  0%| F|  |TAMS 0x00000000e8700000| PB 0x00000000e8700000| Untracked 
| 136|0x00000000e8800000, 0x00000000e8800000, 0x00000000e8900000|  0%| F|  |TAMS 0x00000000e8800000| PB 0x00000000e8800000| Untracked 
| 137|0x00000000e8900000, 0x00000000e8a00000, 0x00000000e8a00000|100%| O|  |TAMS 0x00000000e8900000| PB 0x00000000e8900000| Untracked 
| 138|0x00000000e8a00000, 0x00000000e8b00000, 0x00000000e8b00000|100%| O|  |TAMS 0x00000000e8a00000| PB 0x00000000e8a00000| Untracked 
| 139|0x00000000e8b00000, 0x00000000e8c00000, 0x00000000e8c00000|100%| O|  |TAMS 0x00000000e8b00000| PB 0x00000000e8b00000| Untracked 
| 140|0x00000000e8c00000, 0x00000000e8d00000, 0x00000000e8d00000|100%| O|  |TAMS 0x00000000e8c00000| PB 0x00000000e8c00000| Untracked 
| 141|0x00000000e8d00000, 0x00000000e8e00000, 0x00000000e8e00000|100%| O|  |TAMS 0x00000000e8d00000| PB 0x00000000e8d00000| Untracked 
| 142|0x00000000e8e00000, 0x00000000e8f00000, 0x00000000e8f00000|100%| O|  |TAMS 0x00000000e8e00000| PB 0x00000000e8e00000| Untracked 
| 143|0x00000000e8f00000, 0x00000000e9000000, 0x00000000e9000000|100%| O|  |TAMS 0x00000000e8f00000| PB 0x00000000e8f00000| Untracked 
| 144|0x00000000e9000000, 0x00000000e9100000, 0x00000000e9100000|100%| O|  |TAMS 0x00000000e9000000| PB 0x00000000e9000000| Untracked 
| 145|0x00000000e9100000, 0x00000000e9200000, 0x00000000e9200000|100%| O|  |TAMS 0x00000000e9100000| PB 0x00000000e9100000| Untracked 
| 146|0x00000000e9200000, 0x00000000e9200000, 0x00000000e9300000|  0%| F|  |TAMS 0x00000000e9200000| PB 0x00000000e9200000| Untracked 
| 147|0x00000000e9300000, 0x00000000e9300000, 0x00000000e9400000|  0%| F|  |TAMS 0x00000000e9300000| PB 0x00000000e9300000| Untracked 
| 148|0x00000000e9400000, 0x00000000e9400000, 0x00000000e9500000|  0%| F|  |TAMS 0x00000000e9400000| PB 0x00000000e9400000| Untracked 
| 149|0x00000000e9500000, 0x00000000e9500000, 0x00000000e9600000|  0%| F|  |TAMS 0x00000000e9500000| PB 0x00000000e9500000| Untracked 
| 150|0x00000000e9600000, 0x00000000e9600000, 0x00000000e9700000|  0%| F|  |TAMS 0x00000000e9600000| PB 0x00000000e9600000| Untracked 
| 151|0x00000000e9700000, 0x00000000e9700000, 0x00000000e9800000|  0%| F|  |TAMS 0x00000000e9700000| PB 0x00000000e9700000| Untracked 
| 152|0x00000000e9800000, 0x00000000e9800000, 0x00000000e9900000|  0%| F|  |TAMS 0x00000000e9800000| PB 0x00000000e9800000| Untracked 
| 153|0x00000000e9900000, 0x00000000e9900000, 0x00000000e9a00000|  0%| F|  |TAMS 0x00000000e9900000| PB 0x00000000e9900000| Untracked 
| 154|0x00000000e9a00000, 0x00000000e9a00000, 0x00000000e9b00000|  0%| F|  |TAMS 0x00000000e9a00000| PB 0x00000000e9a00000| Untracked 
| 155|0x00000000e9b00000, 0x00000000e9b00000, 0x00000000e9c00000|  0%| F|  |TAMS 0x00000000e9b00000| PB 0x00000000e9b00000| Untracked 
| 156|0x00000000e9c00000, 0x00000000e9c00000, 0x00000000e9d00000|  0%| F|  |TAMS 0x00000000e9c00000| PB 0x00000000e9c00000| Untracked 
| 157|0x00000000e9d00000, 0x00000000e9d00000, 0x00000000e9e00000|  0%| F|  |TAMS 0x00000000e9d00000| PB 0x00000000e9d00000| Untracked 
| 158|0x00000000e9e00000, 0x00000000e9e00000, 0x00000000e9f00000|  0%| F|  |TAMS 0x00000000e9e00000| PB 0x00000000e9e00000| Untracked 
| 159|0x00000000e9f00000, 0x00000000e9f00000, 0x00000000ea000000|  0%| F|  |TAMS 0x00000000e9f00000| PB 0x00000000e9f00000| Untracked 
| 160|0x00000000ea000000, 0x00000000ea000000, 0x00000000ea100000|  0%| F|  |TAMS 0x00000000ea000000| PB 0x00000000ea000000| Untracked 
| 161|0x00000000ea100000, 0x00000000ea100000, 0x00000000ea200000|  0%| F|  |TAMS 0x00000000ea100000| PB 0x00000000ea100000| Untracked 
| 162|0x00000000ea200000, 0x00000000ea200000, 0x00000000ea300000|  0%| F|  |TAMS 0x00000000ea200000| PB 0x00000000ea200000| Untracked 
| 163|0x00000000ea300000, 0x00000000ea300000, 0x00000000ea400000|  0%| F|  |TAMS 0x00000000ea300000| PB 0x00000000ea300000| Untracked 
| 164|0x00000000ea400000, 0x00000000ea400000, 0x00000000ea500000|  0%| F|  |TAMS 0x00000000ea400000| PB 0x00000000ea400000| Untracked 
| 165|0x00000000ea500000, 0x00000000ea500000, 0x00000000ea600000|  0%| F|  |TAMS 0x00000000ea500000| PB 0x00000000ea500000| Untracked 
| 166|0x00000000ea600000, 0x00000000ea600000, 0x00000000ea700000|  0%| F|  |TAMS 0x00000000ea600000| PB 0x00000000ea600000| Untracked 
| 167|0x00000000ea700000, 0x00000000ea700000, 0x00000000ea800000|  0%| F|  |TAMS 0x00000000ea700000| PB 0x00000000ea700000| Untracked 
| 168|0x00000000ea800000, 0x00000000ea800000, 0x00000000ea900000|  0%| F|  |TAMS 0x00000000ea800000| PB 0x00000000ea800000| Untracked 
| 169|0x00000000ea900000, 0x00000000ea900000, 0x00000000eaa00000|  0%| F|  |TAMS 0x00000000ea900000| PB 0x00000000ea900000| Untracked 
| 170|0x00000000eaa00000, 0x00000000eaa00000, 0x00000000eab00000|  0%| F|  |TAMS 0x00000000eaa00000| PB 0x00000000eaa00000| Untracked 
| 171|0x00000000eab00000, 0x00000000eab00000, 0x00000000eac00000|  0%| F|  |TAMS 0x00000000eab00000| PB 0x00000000eab00000| Untracked 
| 172|0x00000000eac00000, 0x00000000eac00000, 0x00000000ead00000|  0%| F|  |TAMS 0x00000000eac00000| PB 0x00000000eac00000| Untracked 
| 173|0x00000000ead00000, 0x00000000ead00000, 0x00000000eae00000|  0%| F|  |TAMS 0x00000000ead00000| PB 0x00000000ead00000| Untracked 
| 174|0x00000000eae00000, 0x00000000eae00000, 0x00000000eaf00000|  0%| F|  |TAMS 0x00000000eae00000| PB 0x00000000eae00000| Untracked 
| 175|0x00000000eaf00000, 0x00000000eaf00000, 0x00000000eb000000|  0%| F|  |TAMS 0x00000000eaf00000| PB 0x00000000eaf00000| Untracked 
| 176|0x00000000eb000000, 0x00000000eb000000, 0x00000000eb100000|  0%| F|  |TAMS 0x00000000eb000000| PB 0x00000000eb000000| Untracked 
| 177|0x00000000eb100000, 0x00000000eb100000, 0x00000000eb200000|  0%| F|  |TAMS 0x00000000eb100000| PB 0x00000000eb100000| Untracked 
| 178|0x00000000eb200000, 0x00000000eb200000, 0x00000000eb300000|  0%| F|  |TAMS 0x00000000eb200000| PB 0x00000000eb200000| Untracked 
| 179|0x00000000eb300000, 0x00000000eb300000, 0x00000000eb400000|  0%| F|  |TAMS 0x00000000eb300000| PB 0x00000000eb300000| Untracked 
| 180|0x00000000eb400000, 0x00000000eb480000, 0x00000000eb500000| 50%| E|  |TAMS 0x00000000eb400000| PB 0x00000000eb400000| Complete 
| 181|0x00000000eb500000, 0x00000000eb600000, 0x00000000eb600000|100%| E|CS|TAMS 0x00000000eb500000| PB 0x00000000eb500000| Complete 
| 182|0x00000000eb600000, 0x00000000eb700000, 0x00000000eb700000|100%| E|CS|TAMS 0x00000000eb600000| PB 0x00000000eb600000| Complete 
| 183|0x00000000eb700000, 0x00000000eb800000, 0x00000000eb800000|100%| E|CS|TAMS 0x00000000eb700000| PB 0x00000000eb700000| Complete 
| 184|0x00000000eb800000, 0x00000000eb900000, 0x00000000eb900000|100%| E|CS|TAMS 0x00000000eb800000| PB 0x00000000eb800000| Complete 
| 185|0x00000000eb900000, 0x00000000eba00000, 0x00000000eba00000|100%| E|CS|TAMS 0x00000000eb900000| PB 0x00000000eb900000| Complete 
| 186|0x00000000eba00000, 0x00000000ebb00000, 0x00000000ebb00000|100%| E|CS|TAMS 0x00000000eba00000| PB 0x00000000eba00000| Complete 
| 187|0x00000000ebb00000, 0x00000000ebc00000, 0x00000000ebc00000|100%| E|CS|TAMS 0x00000000ebb00000| PB 0x00000000ebb00000| Complete 
| 188|0x00000000ebc00000, 0x00000000ebd00000, 0x00000000ebd00000|100%| E|CS|TAMS 0x00000000ebc00000| PB 0x00000000ebc00000| Complete 
| 189|0x00000000ebd00000, 0x00000000ebe00000, 0x00000000ebe00000|100%| E|CS|TAMS 0x00000000ebd00000| PB 0x00000000ebd00000| Complete 
| 190|0x00000000ebe00000, 0x00000000ebf00000, 0x00000000ebf00000|100%| E|CS|TAMS 0x00000000ebe00000| PB 0x00000000ebe00000| Complete 
| 191|0x00000000ebf00000, 0x00000000ec000000, 0x00000000ec000000|100%| E|CS|TAMS 0x00000000ebf00000| PB 0x00000000ebf00000| Complete 
| 192|0x00000000ec000000, 0x00000000ec100000, 0x00000000ec100000|100%| E|CS|TAMS 0x00000000ec000000| PB 0x00000000ec000000| Complete 
| 193|0x00000000ec100000, 0x00000000ec200000, 0x00000000ec200000|100%| E|CS|TAMS 0x00000000ec100000| PB 0x00000000ec100000| Complete 
| 194|0x00000000ec200000, 0x00000000ec300000, 0x00000000ec300000|100%| E|CS|TAMS 0x00000000ec200000| PB 0x00000000ec200000| Complete 
| 195|0x00000000ec300000, 0x00000000ec400000, 0x00000000ec400000|100%| E|CS|TAMS 0x00000000ec300000| PB 0x00000000ec300000| Complete 
| 196|0x00000000ec400000, 0x00000000ec500000, 0x00000000ec500000|100%| E|CS|TAMS 0x00000000ec400000| PB 0x00000000ec400000| Complete 
| 197|0x00000000ec500000, 0x00000000ec600000, 0x00000000ec600000|100%| E|CS|TAMS 0x00000000ec500000| PB 0x00000000ec500000| Complete 
| 198|0x00000000ec600000, 0x00000000ec700000, 0x00000000ec700000|100%| E|CS|TAMS 0x00000000ec600000| PB 0x00000000ec600000| Complete 
| 199|0x00000000ec700000, 0x00000000ec800000, 0x00000000ec800000|100%| E|CS|TAMS 0x00000000ec700000| PB 0x00000000ec700000| Complete 
| 200|0x00000000ec800000, 0x00000000ec900000, 0x00000000ec900000|100%| E|CS|TAMS 0x00000000ec800000| PB 0x00000000ec800000| Complete 
| 201|0x00000000ec900000, 0x00000000eca00000, 0x00000000eca00000|100%| E|CS|TAMS 0x00000000ec900000| PB 0x00000000ec900000| Complete 
| 202|0x00000000eca00000, 0x00000000ecb00000, 0x00000000ecb00000|100%| E|CS|TAMS 0x00000000eca00000| PB 0x00000000eca00000| Complete 
| 203|0x00000000ecb00000, 0x00000000ecc00000, 0x00000000ecc00000|100%| E|CS|TAMS 0x00000000ecb00000| PB 0x00000000ecb00000| Complete 
| 204|0x00000000ecc00000, 0x00000000ecd00000, 0x00000000ecd00000|100%| E|CS|TAMS 0x00000000ecc00000| PB 0x00000000ecc00000| Complete 
| 205|0x00000000ecd00000, 0x00000000ece00000, 0x00000000ece00000|100%| E|CS|TAMS 0x00000000ecd00000| PB 0x00000000ecd00000| Complete 
| 206|0x00000000ece00000, 0x00000000ecf00000, 0x00000000ecf00000|100%| E|CS|TAMS 0x00000000ece00000| PB 0x00000000ece00000| Complete 
| 207|0x00000000ecf00000, 0x00000000ed000000, 0x00000000ed000000|100%| E|CS|TAMS 0x00000000ecf00000| PB 0x00000000ecf00000| Complete 
| 208|0x00000000ed000000, 0x00000000ed100000, 0x00000000ed100000|100%| E|CS|TAMS 0x00000000ed000000| PB 0x00000000ed000000| Complete 
| 209|0x00000000ed100000, 0x00000000ed200000, 0x00000000ed200000|100%| E|CS|TAMS 0x00000000ed100000| PB 0x00000000ed100000| Complete 
| 210|0x00000000ed200000, 0x00000000ed300000, 0x00000000ed300000|100%| E|CS|TAMS 0x00000000ed200000| PB 0x00000000ed200000| Complete 
| 211|0x00000000ed300000, 0x00000000ed400000, 0x00000000ed400000|100%| E|CS|TAMS 0x00000000ed300000| PB 0x00000000ed300000| Complete 
| 212|0x00000000ed400000, 0x00000000ed500000, 0x00000000ed500000|100%| E|CS|TAMS 0x00000000ed400000| PB 0x00000000ed400000| Complete 
| 213|0x00000000ed500000, 0x00000000ed600000, 0x00000000ed600000|100%| E|CS|TAMS 0x00000000ed500000| PB 0x00000000ed500000| Complete 
| 214|0x00000000ed600000, 0x00000000ed700000, 0x00000000ed700000|100%| E|CS|TAMS 0x00000000ed600000| PB 0x00000000ed600000| Complete 
| 215|0x00000000ed700000, 0x00000000ed800000, 0x00000000ed800000|100%| E|CS|TAMS 0x00000000ed700000| PB 0x00000000ed700000| Complete 
| 216|0x00000000ed800000, 0x00000000ed900000, 0x00000000ed900000|100%| E|CS|TAMS 0x00000000ed800000| PB 0x00000000ed800000| Complete 
| 217|0x00000000ed900000, 0x00000000eda00000, 0x00000000eda00000|100%| E|CS|TAMS 0x00000000ed900000| PB 0x00000000ed900000| Complete 
| 218|0x00000000eda00000, 0x00000000edb00000, 0x00000000edb00000|100%| E|CS|TAMS 0x00000000eda00000| PB 0x00000000eda00000| Complete 
| 219|0x00000000edb00000, 0x00000000edc00000, 0x00000000edc00000|100%| E|CS|TAMS 0x00000000edb00000| PB 0x00000000edb00000| Complete 
| 220|0x00000000edc00000, 0x00000000edd00000, 0x00000000edd00000|100%| E|CS|TAMS 0x00000000edc00000| PB 0x00000000edc00000| Complete 
| 221|0x00000000edd00000, 0x00000000ede00000, 0x00000000ede00000|100%| E|CS|TAMS 0x00000000edd00000| PB 0x00000000edd00000| Complete 
| 222|0x00000000ede00000, 0x00000000edf00000, 0x00000000edf00000|100%| E|CS|TAMS 0x00000000ede00000| PB 0x00000000ede00000| Complete 
| 223|0x00000000edf00000, 0x00000000ee000000, 0x00000000ee000000|100%| E|CS|TAMS 0x00000000edf00000| PB 0x00000000edf00000| Complete 
| 224|0x00000000ee000000, 0x00000000ee100000, 0x00000000ee100000|100%| E|CS|TAMS 0x00000000ee000000| PB 0x00000000ee000000| Complete 
| 225|0x00000000ee100000, 0x00000000ee200000, 0x00000000ee200000|100%| E|CS|TAMS 0x00000000ee100000| PB 0x00000000ee100000| Complete 
| 226|0x00000000ee200000, 0x00000000ee300000, 0x00000000ee300000|100%| E|CS|TAMS 0x00000000ee200000| PB 0x00000000ee200000| Complete 
| 227|0x00000000ee300000, 0x00000000ee400000, 0x00000000ee400000|100%| E|CS|TAMS 0x00000000ee300000| PB 0x00000000ee300000| Complete 
| 228|0x00000000ee400000, 0x00000000ee500000, 0x00000000ee500000|100%| E|CS|TAMS 0x00000000ee400000| PB 0x00000000ee400000| Complete 
| 229|0x00000000ee500000, 0x00000000ee600000, 0x00000000ee600000|100%| E|CS|TAMS 0x00000000ee500000| PB 0x00000000ee500000| Complete 
| 230|0x00000000ee600000, 0x00000000ee700000, 0x00000000ee700000|100%| E|CS|TAMS 0x00000000ee600000| PB 0x00000000ee600000| Complete 
| 231|0x00000000ee700000, 0x00000000ee800000, 0x00000000ee800000|100%| E|CS|TAMS 0x00000000ee700000| PB 0x00000000ee700000| Complete 
| 232|0x00000000ee800000, 0x00000000ee900000, 0x00000000ee900000|100%| E|CS|TAMS 0x00000000ee800000| PB 0x00000000ee800000| Complete 
| 233|0x00000000ee900000, 0x00000000eea00000, 0x00000000eea00000|100%| E|CS|TAMS 0x00000000ee900000| PB 0x00000000ee900000| Complete 
| 234|0x00000000eea00000, 0x00000000eeb00000, 0x00000000eeb00000|100%| E|CS|TAMS 0x00000000eea00000| PB 0x00000000eea00000| Complete 
| 235|0x00000000eeb00000, 0x00000000eec00000, 0x00000000eec00000|100%| E|CS|TAMS 0x00000000eeb00000| PB 0x00000000eeb00000| Complete 
| 236|0x00000000eec00000, 0x00000000eed00000, 0x00000000eed00000|100%| E|CS|TAMS 0x00000000eec00000| PB 0x00000000eec00000| Complete 
| 237|0x00000000eed00000, 0x00000000eee00000, 0x00000000eee00000|100%| E|CS|TAMS 0x00000000eed00000| PB 0x00000000eed00000| Complete 
| 238|0x00000000eee00000, 0x00000000eef00000, 0x00000000eef00000|100%| E|CS|TAMS 0x00000000eee00000| PB 0x00000000eee00000| Complete 
| 239|0x00000000eef00000, 0x00000000ef000000, 0x00000000ef000000|100%| E|CS|TAMS 0x00000000eef00000| PB 0x00000000eef00000| Complete 
| 240|0x00000000ef000000, 0x00000000ef100000, 0x00000000ef100000|100%| E|CS|TAMS 0x00000000ef000000| PB 0x00000000ef000000| Complete 
| 241|0x00000000ef100000, 0x00000000ef200000, 0x00000000ef200000|100%| E|CS|TAMS 0x00000000ef100000| PB 0x00000000ef100000| Complete 
| 242|0x00000000ef200000, 0x00000000ef300000, 0x00000000ef300000|100%| E|CS|TAMS 0x00000000ef200000| PB 0x00000000ef200000| Complete 
| 243|0x00000000ef300000, 0x00000000ef400000, 0x00000000ef400000|100%| E|CS|TAMS 0x00000000ef300000| PB 0x00000000ef300000| Complete 
| 244|0x00000000ef400000, 0x00000000ef500000, 0x00000000ef500000|100%| E|CS|TAMS 0x00000000ef400000| PB 0x00000000ef400000| Complete 
| 245|0x00000000ef500000, 0x00000000ef580000, 0x00000000ef600000| 50%| S|CS|TAMS 0x00000000ef500000| PB 0x00000000ef500000| Complete 
| 246|0x00000000ef600000, 0x00000000ef700000, 0x00000000ef700000|100%| S|CS|TAMS 0x00000000ef600000| PB 0x00000000ef600000| Complete 
| 247|0x00000000ef700000, 0x00000000ef800000, 0x00000000ef800000|100%| S|CS|TAMS 0x00000000ef700000| PB 0x00000000ef700000| Complete 
| 248|0x00000000ef800000, 0x00000000ef900000, 0x00000000ef900000|100%| E|CS|TAMS 0x00000000ef800000| PB 0x00000000ef800000| Complete 
| 249|0x00000000ef900000, 0x00000000efa00000, 0x00000000efa00000|100%| E|CS|TAMS 0x00000000ef900000| PB 0x00000000ef900000| Complete 
| 250|0x00000000efa00000, 0x00000000efb00000, 0x00000000efb00000|100%| E|CS|TAMS 0x00000000efa00000| PB 0x00000000efa00000| Complete 
| 251|0x00000000efb00000, 0x00000000efc00000, 0x00000000efc00000|100%| E|CS|TAMS 0x00000000efb00000| PB 0x00000000efb00000| Complete 
| 252|0x00000000efc00000, 0x00000000efd00000, 0x00000000efd00000|100%| E|CS|TAMS 0x00000000efc00000| PB 0x00000000efc00000| Complete 
| 253|0x00000000efd00000, 0x00000000efe00000, 0x00000000efe00000|100%| E|CS|TAMS 0x00000000efd00000| PB 0x00000000efd00000| Complete 
| 254|0x00000000efe00000, 0x00000000eff00000, 0x00000000eff00000|100%| E|CS|TAMS 0x00000000efe00000| PB 0x00000000efe00000| Complete 
| 255|0x00000000eff00000, 0x00000000f0000000, 0x00000000f0000000|100%| E|CS|TAMS 0x00000000eff00000| PB 0x00000000eff00000| Complete 
| 510|0x00000000ffe00000, 0x00000000fff00000, 0x00000000fff00000|100%| O|  |TAMS 0x00000000ffe00000| PB 0x00000000ffe00000| Untracked 
| 511|0x00000000fff00000, 0x0000000100000000, 0x0000000100000000|100%| O|  |TAMS 0x00000000fff00000| PB 0x00000000fff00000| Untracked 

Card table byte_map: [0x00000285c1870000,0x00000285c1970000] _byte_map_base: 0x00000285c1170000

Marking Bits: (CMBitMap*) 0x00000285af68f280
 Bits: [0x00000285c1970000, 0x00000285c2170000)

Polling page: 0x00000285ad3c0000

Metaspace:

Usage:
  Non-class:     94.69 MB used.
      Class:     15.26 MB used.
       Both:    109.94 MB used.

Virtual space:
  Non-class space:      128.00 MB reserved,      95.81 MB ( 75%) committed,  2 nodes.
      Class space:      320.00 MB reserved,      16.31 MB (  5%) committed,  1 nodes.
             Both:      448.00 MB reserved,     112.12 MB ( 25%) committed. 

Chunk freelists:
   Non-Class:  15.81 MB
       Class:  15.57 MB
        Both:  31.38 MB

MaxMetaspaceSize: 384.00 MB
CompressedClassSpaceSize: 320.00 MB
Initial GC threshold: 21.00 MB
Current GC threshold: 181.56 MB
CDS: on
 - commit_granule_bytes: 65536.
 - commit_granule_words: 8192.
 - virtual_space_node_default_size: 8388608.
 - enlarge_chunks_in_place: 1.
 - use_allocation_guard: 0.


Internal statistics:

num_allocs_failed_limit: 24.
num_arena_births: 3994.
num_arena_deaths: 0.
num_vsnodes_births: 3.
num_vsnodes_deaths: 0.
num_space_committed: 1794.
num_space_uncommitted: 0.
num_chunks_returned_to_freelist: 24.
num_chunks_taken_from_freelist: 8976.
num_chunk_merges: 21.
num_chunk_splits: 6026.
num_chunks_enlarged: 3972.
num_inconsistent_stats: 0.

CodeHeap 'non-profiled nmethods': size=120000Kb used=8255Kb max_used=8469Kb free=111744Kb
 bounds [0x00000285ba340000, 0x00000285bab90000, 0x00000285c1870000]
CodeHeap 'profiled nmethods': size=120000Kb used=20914Kb max_used=22992Kb free=99085Kb
 bounds [0x00000285b2870000, 0x00000285b3f00000, 0x00000285b9da0000]
CodeHeap 'non-nmethods': size=5760Kb used=2724Kb max_used=2812Kb free=3036Kb
 bounds [0x00000285b9da0000, 0x00000285ba070000, 0x00000285ba340000]
CodeCache: size=245760Kb, used=31893Kb, max_used=34273Kb, free=213865Kb
 total_blobs=12211, nmethods=11230, adapters=885, full_count=0
Compilation: enabled, stopped_count=0, restarted_count=0

Compilation events (20 events):
Event: 112.037 Thread 0x00000285c47cedb0 nmethod 13495 0x00000285ba70e310 code [0x00000285ba70e4a0, 0x00000285ba70e5b0]
Event: 112.037 Thread 0x00000285c47cedb0 13496       4       org.gradle.api.internal.artifacts.result.DefaultResolvedVariantResult::<init> (40 bytes)
Event: 112.047 Thread 0x00000285c47cf850 13497       3       org.gradle.internal.component.external.model.AbstractModuleComponentResolveMetadata::<init> (136 bytes)
Event: 112.049 Thread 0x00000285c47cf850 nmethod 13497 0x00000285b2f53b90 code [0x00000285b2f53e40, 0x00000285b2f555b8]
Event: 112.063 Thread 0x00000285c47cedb0 nmethod 13496 0x00000285ba658710 code [0x00000285ba658920, 0x00000285ba6593e0]
Event: 112.092 Thread 0x00000285c47cedb0 13498       4       org.gradle.api.internal.attributes.DefaultImmutableAttributesFactory::mutable (6 bytes)
Event: 112.095 Thread 0x00000285c47cedb0 nmethod 13498 0x00000285ba93f890 code [0x00000285ba93fa20, 0x00000285ba93fbb8]
Event: 112.096 Thread 0x00000285c47cedb0 13499       4       org.gradle.api.internal.attributes.DefaultImmutableAttributesFactory::mutable (14 bytes)
Event: 112.098 Thread 0x00000285c47cedb0 nmethod 13499 0x00000285ba93f410 code [0x00000285ba93f5a0, 0x00000285ba93f738]
Event: 112.103 Thread 0x00000285c47cedb0 13500       4       org.gradle.internal.component.external.model.ModuleComponentFileArtifactIdentifier::getComponentIdentifier (8 bytes)
Event: 112.104 Thread 0x00000285c47cedb0 nmethod 13500 0x00000285ba93f110 code [0x00000285ba93f2a0, 0x00000285ba93f368]
Event: 112.126 Thread 0x00000285c47cf850 13501       3       java.util.BitSet::recalculateWordsInUse (39 bytes)
Event: 112.127 Thread 0x00000285c47cf850 nmethod 13501 0x00000285b3454590 code [0x00000285b3454740, 0x00000285b3454968]
Event: 112.127 Thread 0x00000285c47cf850 13502       3       java.util.BitSet::clear (70 bytes)
Event: 112.128 Thread 0x00000285c47cf850 nmethod 13502 0x00000285b2c77c90 code [0x00000285b2c77f00, 0x00000285b2c786c8]
Event: 112.129 Thread 0x00000285c47cf850 13503       3       org.gradle.internal.component.model.MultipleCandidateMatcher::matchCandidate (78 bytes)
Event: 112.130 Thread 0x00000285c47cf850 nmethod 13503 0x00000285b2cc9790 code [0x00000285b2cc9980, 0x00000285b2cc9db0]
Event: 112.164 Thread 0x00000285c47cf850 13504       3       org.gradle.api.internal.artifacts.ivyservice.resolveengine.graph.selectors.SelectorStateResolver::resolveSingleSelector (62 bytes)
Event: 112.165 Thread 0x00000285c47cf850 nmethod 13504 0x00000285b2b83510 code [0x00000285b2b83700, 0x00000285b2b83b88]
Event: 112.169 Thread 0x00000285c47cedb0 13505       4       org.gradle.api.internal.artifacts.ivyservice.resolveengine.result.DesugaredAttributeContainerSerializer::read (155 bytes)

GC Heap History (20 events):
Event: 27.312 GC heap before
{Heap before GC invocations=9 (full 0):
 garbage-first heap   total 262144K, used 151552K [0x00000000e0000000, 0x0000000100000000)
  region size 1024K, 103 young (105472K), 11 survivors (11264K)
 Metaspace       used 58742K, committed 60480K, reserved 393216K
  class space    used 8294K, committed 9152K, reserved 327680K
}
Event: 27.331 GC heap after
{Heap after GC invocations=10 (full 0):
 garbage-first heap   total 262144K, used 66560K [0x00000000e0000000, 0x0000000100000000)
  region size 1024K, 19 young (19456K), 19 survivors (19456K)
 Metaspace       used 58742K, committed 60480K, reserved 393216K
  class space    used 8294K, committed 9152K, reserved 327680K
}
Event: 31.675 GC heap before
{Heap before GC invocations=11 (full 0):
 garbage-first heap   total 262144K, used 212992K [0x00000000e0000000, 0x0000000100000000)
  region size 1024K, 153 young (156672K), 19 survivors (19456K)
 Metaspace       used 71452K, committed 73280K, reserved 393216K
  class space    used 10013K, committed 10880K, reserved 327680K
}
Event: 31.708 GC heap after
{Heap after GC invocations=12 (full 0):
 garbage-first heap   total 262144K, used 79680K [0x00000000e0000000, 0x0000000100000000)
  region size 1024K, 18 young (18432K), 18 survivors (18432K)
 Metaspace       used 71452K, committed 73280K, reserved 393216K
  class space    used 10013K, committed 10880K, reserved 327680K
}
Event: 39.837 GC heap before
{Heap before GC invocations=12 (full 0):
 garbage-first heap   total 262144K, used 217920K [0x00000000e0000000, 0x0000000100000000)
  region size 1024K, 153 young (156672K), 18 survivors (18432K)
 Metaspace       used 75766K, committed 77760K, reserved 458752K
  class space    used 10628K, committed 11648K, reserved 327680K
}
Event: 39.870 GC heap after
{Heap after GC invocations=13 (full 0):
 garbage-first heap   total 262144K, used 89600K [0x00000000e0000000, 0x0000000100000000)
  region size 1024K, 20 young (20480K), 20 survivors (20480K)
 Metaspace       used 75766K, committed 77760K, reserved 458752K
  class space    used 10628K, committed 11648K, reserved 327680K
}
Event: 47.668 GC heap before
{Heap before GC invocations=13 (full 0):
 garbage-first heap   total 262144K, used 230912K [0x00000000e0000000, 0x0000000100000000)
  region size 1024K, 153 young (156672K), 20 survivors (20480K)
 Metaspace       used 84312K, committed 86336K, reserved 458752K
  class space    used 11672K, committed 12672K, reserved 327680K
}
Event: 47.700 GC heap after
{Heap after GC invocations=14 (full 0):
 garbage-first heap   total 264192K, used 107520K [0x00000000e0000000, 0x0000000100000000)
  region size 1024K, 20 young (20480K), 20 survivors (20480K)
 Metaspace       used 84312K, committed 86336K, reserved 458752K
  class space    used 11672K, committed 12672K, reserved 327680K
}
Event: 50.067 GC heap before
{Heap before GC invocations=14 (full 0):
 garbage-first heap   total 264192K, used 230400K [0x00000000e0000000, 0x0000000100000000)
  region size 1024K, 140 young (143360K), 20 survivors (20480K)
 Metaspace       used 91673K, committed 93824K, reserved 458752K
  class space    used 12839K, committed 13888K, reserved 327680K
}
Event: 50.094 GC heap after
{Heap after GC invocations=15 (full 0):
 garbage-first heap   total 264192K, used 117248K [0x00000000e0000000, 0x0000000100000000)
  region size 1024K, 9 young (9216K), 9 survivors (9216K)
 Metaspace       used 91673K, committed 93824K, reserved 458752K
  class space    used 12839K, committed 13888K, reserved 327680K
}
Event: 54.398 GC heap before
{Heap before GC invocations=15 (full 0):
 garbage-first heap   total 264192K, used 232960K [0x00000000e0000000, 0x0000000100000000)
  region size 1024K, 122 young (124928K), 9 survivors (9216K)
 Metaspace       used 97296K, committed 99520K, reserved 458752K
  class space    used 13635K, committed 14720K, reserved 327680K
}
Event: 54.422 GC heap after
{Heap after GC invocations=16 (full 0):
 garbage-first heap   total 264192K, used 125440K [0x00000000e0000000, 0x0000000100000000)
  region size 1024K, 16 young (16384K), 16 survivors (16384K)
 Metaspace       used 97296K, committed 99520K, reserved 458752K
  class space    used 13635K, committed 14720K, reserved 327680K
}
Event: 58.158 GC heap before
{Heap before GC invocations=16 (full 0):
 garbage-first heap   total 264192K, used 183808K [0x00000000e0000000, 0x0000000100000000)
  region size 1024K, 73 young (74752K), 16 survivors (16384K)
 Metaspace       used 98827K, committed 100928K, reserved 458752K
  class space    used 13829K, committed 14848K, reserved 327680K
}
Event: 58.179 GC heap after
{Heap after GC invocations=17 (full 0):
 garbage-first heap   total 264192K, used 135565K [0x00000000e0000000, 0x0000000100000000)
  region size 1024K, 8 young (8192K), 8 survivors (8192K)
 Metaspace       used 98827K, committed 100928K, reserved 458752K
  class space    used 13829K, committed 14848K, reserved 327680K
}
Event: 62.715 GC heap before
{Heap before GC invocations=18 (full 0):
 garbage-first heap   total 264192K, used 235917K [0x00000000e0000000, 0x0000000100000000)
  region size 1024K, 107 young (109568K), 8 survivors (8192K)
 Metaspace       used 100603K, committed 102784K, reserved 458752K
  class space    used 14018K, committed 15104K, reserved 327680K
}
Event: 62.727 GC heap after
{Heap after GC invocations=19 (full 0):
 garbage-first heap   total 264192K, used 140173K [0x00000000e0000000, 0x0000000100000000)
  region size 1024K, 12 young (12288K), 12 survivors (12288K)
 Metaspace       used 100603K, committed 102784K, reserved 458752K
  class space    used 14018K, committed 15104K, reserved 327680K
}
Event: 66.972 GC heap before
{Heap before GC invocations=19 (full 0):
 garbage-first heap   total 264192K, used 239501K [0x00000000e0000000, 0x0000000100000000)
  region size 1024K, 109 young (111616K), 12 survivors (12288K)
 Metaspace       used 107942K, committed 110080K, reserved 458752K
  class space    used 14898K, committed 15936K, reserved 327680K
}
Event: 66.988 GC heap after
{Heap after GC invocations=20 (full 0):
 garbage-first heap   total 264192K, used 146432K [0x00000000e0000000, 0x0000000100000000)
  region size 1024K, 14 young (14336K), 14 survivors (14336K)
 Metaspace       used 107942K, committed 110080K, reserved 458752K
  class space    used 14898K, committed 15936K, reserved 327680K
}
Event: 67.088 GC heap before
{Heap before GC invocations=20 (full 0):
 garbage-first heap   total 264192K, used 153600K [0x00000000e0000000, 0x0000000100000000)
  region size 1024K, 22 young (22528K), 14 survivors (14336K)
 Metaspace       used 108735K, committed 110912K, reserved 458752K
  class space    used 14986K, committed 16064K, reserved 327680K
}
Event: 67.110 GC heap after
{Heap after GC invocations=21 (full 0):
 garbage-first heap   total 264192K, used 150016K [0x00000000e0000000, 0x0000000100000000)
  region size 1024K, 3 young (3072K), 3 survivors (3072K)
 Metaspace       used 108735K, committed 110912K, reserved 458752K
  class space    used 14986K, committed 16064K, reserved 327680K
}

Dll operation events (14 events):
Event: 0.011 Loaded shared library C:\Users\LENOVO\.antigravity-ide\extensions\redhat.java-1.54.0-win32-x64\jre\21.0.10-win32-x86_64\bin\java.dll
Event: 0.089 Loaded shared library C:\Users\LENOVO\.antigravity-ide\extensions\redhat.java-1.54.0-win32-x64\jre\21.0.10-win32-x86_64\bin\zip.dll
Event: 0.123 Loaded shared library C:\Users\LENOVO\.antigravity-ide\extensions\redhat.java-1.54.0-win32-x64\jre\21.0.10-win32-x86_64\bin\instrument.dll
Event: 0.128 Loaded shared library C:\Users\LENOVO\.antigravity-ide\extensions\redhat.java-1.54.0-win32-x64\jre\21.0.10-win32-x86_64\bin\net.dll
Event: 0.134 Loaded shared library C:\Users\LENOVO\.antigravity-ide\extensions\redhat.java-1.54.0-win32-x64\jre\21.0.10-win32-x86_64\bin\nio.dll
Event: 0.137 Loaded shared library C:\Users\LENOVO\.antigravity-ide\extensions\redhat.java-1.54.0-win32-x64\jre\21.0.10-win32-x86_64\bin\zip.dll
Event: 0.478 Loaded shared library C:\Users\LENOVO\.antigravity-ide\extensions\redhat.java-1.54.0-win32-x64\jre\21.0.10-win32-x86_64\bin\jimage.dll
Event: 0.706 Loaded shared library C:\Users\LENOVO\.antigravity-ide\extensions\redhat.java-1.54.0-win32-x64\jre\21.0.10-win32-x86_64\bin\verify.dll
Event: 0.942 Loaded shared library C:\Users\LENOVO\.gradle\native\c067742578af261105cb4f569cf0c3c89f3d7b1fecec35dd04571415982c5e48\windows-amd64\native-platform.dll
Event: 1.232 Loaded shared library C:\Users\LENOVO\.gradle\native\100fb08df4bc3b14c8652ba06237920a3bd2aa13389f12d3474272988ae205f9\windows-amd64\native-platform-file-events.dll
Event: 3.076 Loaded shared library C:\Users\LENOVO\.antigravity-ide\extensions\redhat.java-1.54.0-win32-x64\jre\21.0.10-win32-x86_64\bin\management.dll
Event: 3.080 Loaded shared library C:\Users\LENOVO\.antigravity-ide\extensions\redhat.java-1.54.0-win32-x64\jre\21.0.10-win32-x86_64\bin\management_ext.dll
Event: 3.414 Loaded shared library C:\Users\LENOVO\.antigravity-ide\extensions\redhat.java-1.54.0-win32-x64\jre\21.0.10-win32-x86_64\bin\extnet.dll
Event: 3.743 Loaded shared library C:\Users\LENOVO\.antigravity-ide\extensions\redhat.java-1.54.0-win32-x64\jre\21.0.10-win32-x86_64\bin\sunmscapi.dll

Deoptimization events (20 events):
Event: 68.459 Thread 0x00000285df81b540 Uncommon trap: trap_request=0xffffff45 fr.pc=0x00000285baa3ee08 relative=0x0000000000000468
Event: 68.459 Thread 0x00000285df81b540 Uncommon trap: reason=unstable_if action=reinterpret pc=0x00000285baa3ee08 method=java.util.regex.Matcher.appendExpandedReplacement(Ljava/lang/Appendable;Ljava/lang/String;)V @ 71 c2
Event: 68.459 Thread 0x00000285df81b540 DEOPT PACKING pc=0x00000285baa3ee08 sp=0x000000e7567fa280
Event: 68.459 Thread 0x00000285df81b540 DEOPT UNPACKING pc=0x00000285b9df4422 sp=0x000000e7567fa230 mode 2
Event: 68.468 Thread 0x00000285df81b540 Uncommon trap: trap_request=0xffffffde fr.pc=0x00000285ba8d1d68 relative=0x00000000000003c8
Event: 68.468 Thread 0x00000285df81b540 Uncommon trap: reason=class_check action=maybe_recompile pc=0x00000285ba8d1d68 method=org.gradle.internal.operations.logging.LoggingBuildOperationProgressBroadcaster.onOutput(Lorg/gradle/internal/logging/events/OutputEvent;)V @ 8 c2
Event: 68.468 Thread 0x00000285df81b540 DEOPT PACKING pc=0x00000285ba8d1d68 sp=0x000000e7567fcd20
Event: 68.468 Thread 0x00000285df81b540 DEOPT UNPACKING pc=0x00000285b9df4422 sp=0x000000e7567fcc70 mode 2
Event: 68.499 Thread 0x00000285df81b540 Uncommon trap: trap_request=0xffffff45 fr.pc=0x00000285baa7d1a8 relative=0x0000000000002ea8
Event: 68.499 Thread 0x00000285df81b540 Uncommon trap: reason=unstable_if action=reinterpret pc=0x00000285baa7d1a8 method=java.io.ObjectOutputStream.writeObject0(Ljava/lang/Object;Z)V @ 498 c2
Event: 68.499 Thread 0x00000285df81b540 DEOPT PACKING pc=0x00000285baa7d1a8 sp=0x000000e7567fd870
Event: 68.499 Thread 0x00000285df81b540 DEOPT UNPACKING pc=0x00000285b9df4422 sp=0x000000e7567fd8c0 mode 2
Event: 68.507 Thread 0x00000285df81b540 Uncommon trap: trap_request=0xffffffbe fr.pc=0x00000285ba51c804 relative=0x0000000000001644
Event: 68.507 Thread 0x00000285df81b540 Uncommon trap: reason=profile_predicate action=maybe_recompile pc=0x00000285ba51c804 method=java.io.ObjectStreamClass$FieldReflector.getPrimFieldValues(Ljava/lang/Object;[B)V @ 19 c2
Event: 68.508 Thread 0x00000285df81b540 DEOPT PACKING pc=0x00000285ba51c804 sp=0x000000e7567fdbe0
Event: 68.508 Thread 0x00000285df81b540 DEOPT UNPACKING pc=0x00000285b9df4422 sp=0x000000e7567fdaa0 mode 2
Event: 111.395 Thread 0x00000285df90e340 Uncommon trap: trap_request=0xffffff45 fr.pc=0x00000285ba4398dc relative=0x00000000000000bc
Event: 111.395 Thread 0x00000285df90e340 Uncommon trap: reason=unstable_if action=reinterpret pc=0x00000285ba4398dc method=java.lang.Integer.stringSize(I)I @ 19 c2
Event: 111.395 Thread 0x00000285df90e340 DEOPT PACKING pc=0x00000285ba4398dc sp=0x000000e7562fe9a0
Event: 111.395 Thread 0x00000285df90e340 DEOPT UNPACKING pc=0x00000285b9df4422 sp=0x000000e7562fe918 mode 2

Classes loaded (20 events):
Event: 58.062 Loading class javax/management/AttributeNotFoundException
Event: 58.063 Loading class javax/management/AttributeNotFoundException done
Event: 58.063 Loading class javax/management/ReflectionException
Event: 58.063 Loading class javax/management/ReflectionException done
Event: 58.063 Loading class javax/management/InstanceNotFoundException
Event: 58.063 Loading class javax/management/InstanceNotFoundException done
Event: 58.078 Loading class java/util/stream/ReduceOps$5
Event: 58.079 Loading class java/util/stream/ReduceOps$5 done
Event: 58.079 Loading class java/util/stream/ReduceOps$CountingSink$OfRef
Event: 58.079 Loading class java/util/stream/ReduceOps$CountingSink
Event: 58.079 Loading class java/util/stream/ReduceOps$CountingSink done
Event: 58.079 Loading class java/util/stream/ReduceOps$CountingSink$OfRef done
Event: 58.081 Loading class java/time/format/DateTimeFormatterBuilder$WeekBasedFieldPrinterParser
Event: 58.081 Loading class java/time/format/DateTimeFormatterBuilder$WeekBasedFieldPrinterParser done
Event: 58.464 Loading class java/io/ObjectOutputStream$PutFieldImpl
Event: 58.465 Loading class java/io/ObjectOutputStream$PutField
Event: 58.465 Loading class java/io/ObjectOutputStream$PutField done
Event: 58.465 Loading class java/io/ObjectOutputStream$PutFieldImpl done
Event: 68.499 Loading class java/io/NotSerializableException
Event: 68.499 Loading class java/io/NotSerializableException done

Classes unloaded (0 events):
No events

Classes redefined (0 events):
No events

Internal exceptions (20 events):
Event: 67.617 Thread 0x00000285df81b540 Exception <a 'java/lang/ClassNotFoundException'{0x00000000eedb8750}: com/android/build/gradle/internal/dsl/LintOptions_DecoratedBeanInfo> (0x00000000eedb8750) 
thrown [s\src\hotspot\share\classfile\systemDictionary.cpp, line 312]
Event: 67.618 Thread 0x00000285df81b540 Exception <a 'java/lang/ClassNotFoundException'{0x00000000eedc0ac0}: com/android/build/gradle/internal/dsl/LintOptionsBeanInfo> (0x00000000eedc0ac0) 
thrown [s\src\hotspot\share\classfile\systemDictionary.cpp, line 312]
Event: 67.618 Thread 0x00000285df81b540 Exception <a 'java/lang/ClassNotFoundException'{0x00000000eedc8e08}: com/android/build/gradle/internal/dsl/LintOptionsCustomizer> (0x00000000eedc8e08) 
thrown [s\src\hotspot\share\classfile\systemDictionary.cpp, line 312]
Event: 67.619 Thread 0x00000285df81b540 Exception <a 'java/lang/ClassNotFoundException'{0x00000000eec14788}: com/android/build/gradle/internal/dsl/LintOptions_DecoratedCustomizer> (0x00000000eec14788) 
thrown [s\src\hotspot\share\classfile\systemDictionary.cpp, line 312]
Event: 67.648 Thread 0x00000285df81b540 Exception <a 'java/lang/ClassNotFoundException'{0x00000000eecec680}: com/android/build/gradle/internal/dsl/TestOptions_DecoratedBeanInfo> (0x00000000eecec680) 
thrown [s\src\hotspot\share\classfile\systemDictionary.cpp, line 312]
Event: 67.649 Thread 0x00000285df81b540 Exception <a 'java/lang/ClassNotFoundException'{0x00000000eecf7950}: com/android/build/gradle/internal/dsl/TestOptionsBeanInfo> (0x00000000eecf7950) 
thrown [s\src\hotspot\share\classfile\systemDictionary.cpp, line 312]
Event: 67.650 Thread 0x00000285df81b540 Exception <a 'java/lang/ClassNotFoundException'{0x00000000eeb03158}: com/android/build/gradle/internal/dsl/TestOptionsCustomizer> (0x00000000eeb03158) 
thrown [s\src\hotspot\share\classfile\systemDictionary.cpp, line 312]
Event: 67.651 Thread 0x00000285df81b540 Exception <a 'java/lang/ClassNotFoundException'{0x00000000eeb213b8}: com/android/build/gradle/internal/dsl/TestOptions_DecoratedCustomizer> (0x00000000eeb213b8) 
thrown [s\src\hotspot\share\classfile\systemDictionary.cpp, line 312]
Event: 67.653 Thread 0x00000285df81b540 Exception <a 'java/lang/ClassNotFoundException'{0x00000000eeb7abe8}: com/android/build/gradle/internal/dsl/TestOptions$UnitTestOptions_DecoratedBeanInfo> (0x00000000eeb7abe8) 
thrown [s\src\hotspot\share\classfile\systemDictionary.cpp, line 312]
Event: 67.654 Thread 0x00000285df81b540 Exception <a 'java/lang/ClassNotFoundException'{0x00000000eeb86238}: com/android/build/gradle/internal/dsl/TestOptions$UnitTestOptionsBeanInfo> (0x00000000eeb86238) 
thrown [s\src\hotspot\share\classfile\systemDictionary.cpp, line 312]
Event: 67.654 Thread 0x00000285df81b540 Exception <a 'java/lang/ClassNotFoundException'{0x00000000eeb918d0}: com/android/build/gradle/internal/dsl/TestOptions$UnitTestOptionsCustomizer> (0x00000000eeb918d0) 
thrown [s\src\hotspot\share\classfile\systemDictionary.cpp, line 312]
Event: 67.655 Thread 0x00000285df81b540 Exception <a 'java/lang/ClassNotFoundException'{0x00000000eeba36a0}: com/android/build/gradle/internal/dsl/TestOptions$UnitTestOptions_DecoratedCustomizer> (0x00000000eeba36a0) 
thrown [s\src\hotspot\share\classfile\systemDictionary.cpp, line 312]
Event: 67.838 Thread 0x00000285df81b540 Implicit null exception at 0x00000285bab7ba9b to 0x00000285bab7c3b0
Event: 68.444 Thread 0x00000285df81b540 Exception <a 'java/lang/NoClassDefFoundError'{0x00000000eceb3730}: org/gradle/api/plugins/MavenPlugin> (0x00000000eceb3730) 
thrown [s\src\hotspot\share\classfile\systemDictionary.cpp, line 301]
Event: 111.619 Thread 0x00000285df81b540 Exception <a 'sun/nio/fs/WindowsException'{0x00000000ebea3e88}> (0x00000000ebea3e88) 
thrown [s\src\hotspot\share\prims\jni.cpp, line 520]
Event: 111.620 Thread 0x00000285df81b540 Exception <a 'sun/nio/fs/WindowsException'{0x00000000ebea5340}> (0x00000000ebea5340) 
thrown [s\src\hotspot\share\prims\jni.cpp, line 520]
Event: 111.620 Thread 0x00000285df81b540 Exception <a 'sun/nio/fs/WindowsException'{0x00000000ebea67e8}> (0x00000000ebea67e8) 
thrown [s\src\hotspot\share\prims\jni.cpp, line 520]
Event: 111.620 Thread 0x00000285df81b540 Exception <a 'sun/nio/fs/WindowsException'{0x00000000ebea7888}> (0x00000000ebea7888) 
thrown [s\src\hotspot\share\prims\jni.cpp, line 520]
Event: 111.778 Thread 0x00000285df81b540 Exception <a 'java/lang/ClassNotFoundException'{0x00000000ebc3c240}: build_cz538iercfi267f2zqant7gjkBeanInfo> (0x00000000ebc3c240) 
thrown [s\src\hotspot\share\classfile\systemDictionary.cpp, line 312]
Event: 111.779 Thread 0x00000285df81b540 Exception <a 'java/lang/ClassNotFoundException'{0x00000000ebc42c28}: build_cz538iercfi267f2zqant7gjkCustomizer> (0x00000000ebc42c28) 
thrown [s\src\hotspot\share\classfile\systemDictionary.cpp, line 312]

ZGC Phase Switch (0 events):
No events

VM Operations (20 events):
Event: 66.335 Executing non-safepoint VM operation: HandshakeAllThreads (Deoptimize)
Event: 66.335 Executing non-safepoint VM operation: HandshakeAllThreads (Deoptimize) done
Event: 66.972 Executing safepoint VM operation: G1CollectForAllocation (G1 Evacuation Pause)
Event: 66.988 Executing safepoint VM operation: G1CollectForAllocation (G1 Evacuation Pause) done
Event: 67.088 Executing safepoint VM operation: G1TryInitiateConcMark (G1 Humongous Allocation)
Event: 67.110 Executing safepoint VM operation: G1TryInitiateConcMark (G1 Humongous Allocation) done
Event: 67.406 Executing safepoint VM operation: G1PauseRemark
Event: 67.428 Executing safepoint VM operation: G1PauseRemark done
Event: 67.576 Executing safepoint VM operation: G1PauseCleanup
Event: 67.577 Executing safepoint VM operation: G1PauseCleanup done
Event: 68.588 Executing safepoint VM operation: Cleanup
Event: 68.589 Executing safepoint VM operation: Cleanup done
Event: 86.707 Executing safepoint VM operation: Cleanup
Event: 86.708 Executing safepoint VM operation: Cleanup done
Event: 87.708 Executing safepoint VM operation: Cleanup
Event: 87.708 Executing safepoint VM operation: Cleanup done
Event: 97.792 Executing safepoint VM operation: Cleanup
Event: 97.792 Executing safepoint VM operation: Cleanup done
Event: 111.895 Executing safepoint VM operation: Cleanup
Event: 111.895 Executing safepoint VM operation: Cleanup done

Memory protections (0 events):
No events

Nmethod flushes (20 events):
Event: 67.419 Thread 0x00000285c47af6a0 flushing  nmethod 0x00000285b395cf10
Event: 67.419 Thread 0x00000285c47af6a0 flushing  nmethod 0x00000285b3a3f590
Event: 67.419 Thread 0x00000285c47af6a0 flushing  nmethod 0x00000285b3ac0510
Event: 67.419 Thread 0x00000285c47af6a0 flushing  nmethod 0x00000285b3b06510
Event: 67.419 Thread 0x00000285c47af6a0 flushing  nmethod 0x00000285b3b30f10
Event: 67.419 Thread 0x00000285c47af6a0 flushing  nmethod 0x00000285b3b31b10
Event: 67.419 Thread 0x00000285c47af6a0 flushing  nmethod 0x00000285b3b7c910
Event: 67.419 Thread 0x00000285c47af6a0 flushing  nmethod 0x00000285b3bd3990
Event: 67.419 Thread 0x00000285c47af6a0 flushing  nmethod 0x00000285b3c01390
Event: 67.419 Thread 0x00000285c47af6a0 flushing  nmethod 0x00000285b3c66b90
Event: 67.419 Thread 0x00000285c47af6a0 flushing  nmethod 0x00000285b3c6be90
Event: 67.419 Thread 0x00000285c47af6a0 flushing  nmethod 0x00000285b3c6c310
Event: 67.419 Thread 0x00000285c47af6a0 flushing  nmethod 0x00000285b3d4a010
Event: 67.419 Thread 0x00000285c47af6a0 flushing  nmethod 0x00000285b3d9a690
Event: 67.419 Thread 0x00000285c47af6a0 flushing  nmethod 0x00000285b3d9aa10
Event: 67.419 Thread 0x00000285c47af6a0 flushing  nmethod 0x00000285b3df9110
Event: 67.419 Thread 0x00000285c47af6a0 flushing  nmethod 0x00000285b3df9590
Event: 67.419 Thread 0x00000285c47af6a0 flushing  nmethod 0x00000285b3df9c90
Event: 67.419 Thread 0x00000285c47af6a0 flushing  nmethod 0x00000285b3dfb610
Event: 67.419 Thread 0x00000285c47af6a0 flushing  nmethod 0x00000285b3e55d10

Events (20 events):
Event: 68.527 Thread 0x00000285deee1290 Thread exited: 0x00000285deee1290
Event: 68.527 Thread 0x00000285dff7e5c0 Thread exited: 0x00000285dff7e5c0
Event: 68.527 Thread 0x00000285deee1920 Thread exited: 0x00000285deee1920
Event: 68.527 Thread 0x00000285deee1fb0 Thread exited: 0x00000285deee1fb0
Event: 68.532 Thread 0x00000285dff7cb80 Thread exited: 0x00000285dff7cb80
Event: 68.533 Thread 0x00000285dff82df0 Thread exited: 0x00000285dff82df0
Event: 68.557 Thread 0x00000285dff813b0 Thread exited: 0x00000285dff813b0
Event: 68.584 Thread 0x00000285dff80000 Thread exited: 0x00000285dff80000
Event: 68.606 Thread 0x00000285dff82760 Thread exited: 0x00000285dff82760
Event: 85.873 Thread 0x00000285df81a820 Thread added: 0x00000285e3ce28f0
Event: 111.398 Thread 0x00000285df8ea910 Thread added: 0x00000285e3ce3ca0
Event: 111.411 Thread 0x00000285df8ea910 Thread added: 0x00000285e3ce0eb0
Event: 111.422 Thread 0x00000285df81b540 Thread added: 0x00000285e3ce6a90
Event: 111.424 Thread 0x00000285df81b540 Thread added: 0x00000285e3ce1bd0
Event: 111.424 Thread 0x00000285df81b540 Thread added: 0x00000285e3ce0190
Event: 111.471 Thread 0x00000285df81b540 Thread added: 0x00000285e3ce77b0
Event: 111.496 Thread 0x00000285df81b540 Thread added: 0x00000285e3ce2260
Event: 111.568 Thread 0x00000285df81b540 Thread added: 0x00000285e3ce49c0
Event: 111.592 Thread 0x00000285df81b540 Thread added: 0x00000285e3ce3610
Event: 111.601 Thread 0x00000285df81b540 Thread added: 0x00000285e3ce4330


Dynamic libraries:
0x00007ff62f3d0000 - 0x00007ff62f3de000 	C:\Users\LENOVO\.antigravity-ide\extensions\redhat.java-1.54.0-win32-x64\jre\21.0.10-win32-x86_64\bin\java.exe
0x00007ffcfd1d0000 - 0x00007ffcfd3c8000 	C:\Windows\SYSTEM32\ntdll.dll
0x00007ffcfce40000 - 0x00007ffcfcf02000 	C:\Windows\System32\KERNEL32.DLL
0x00007ffcfacb0000 - 0x00007ffcfafa6000 	C:\Windows\System32\KERNELBASE.dll
0x00007ffcfab60000 - 0x00007ffcfac60000 	C:\Windows\System32\ucrtbase.dll
0x00007ffcf1270000 - 0x00007ffcf128e000 	C:\Users\LENOVO\.antigravity-ide\extensions\redhat.java-1.54.0-win32-x64\jre\21.0.10-win32-x86_64\bin\VCRUNTIME140.dll
0x00007ffcf5210000 - 0x00007ffcf5228000 	C:\Users\LENOVO\.antigravity-ide\extensions\redhat.java-1.54.0-win32-x64\jre\21.0.10-win32-x86_64\bin\jli.dll
0x00007ffcfcb10000 - 0x00007ffcfccb1000 	C:\Windows\System32\USER32.dll
0x00007ffce88f0000 - 0x00007ffce8b8b000 	C:\Windows\WinSxS\amd64_microsoft.windows.common-controls_6595b64144ccf1df_6.0.19041.6456_none_60b8a6cb71f64256\COMCTL32.dll
0x00007ffcfb080000 - 0x00007ffcfb0a2000 	C:\Windows\System32\win32u.dll
0x00007ffcfccc0000 - 0x00007ffcfcd5e000 	C:\Windows\System32\msvcrt.dll
0x00007ffcfd0f0000 - 0x00007ffcfd11b000 	C:\Windows\System32\GDI32.dll
0x00007ffcfaa40000 - 0x00007ffcfab59000 	C:\Windows\System32\gdi32full.dll
0x00007ffcfafb0000 - 0x00007ffcfb04d000 	C:\Windows\System32\msvcp_win.dll
0x00007ffcfd0c0000 - 0x00007ffcfd0ef000 	C:\Windows\System32\IMM32.DLL
0x00007ffcf4860000 - 0x00007ffcf486c000 	C:\Users\LENOVO\.antigravity-ide\extensions\redhat.java-1.54.0-win32-x64\jre\21.0.10-win32-x86_64\bin\vcruntime140_1.dll
0x00007ffcee360000 - 0x00007ffcee3ed000 	C:\Users\LENOVO\.antigravity-ide\extensions\redhat.java-1.54.0-win32-x64\jre\21.0.10-win32-x86_64\bin\msvcp140.dll
0x00007ffc811e0000 - 0x00007ffc81f81000 	C:\Users\LENOVO\.antigravity-ide\extensions\redhat.java-1.54.0-win32-x64\jre\21.0.10-win32-x86_64\bin\server\jvm.dll
0x00007ffcfb380000 - 0x00007ffcfb431000 	C:\Windows\System32\ADVAPI32.dll
0x00007ffcfc3c0000 - 0x00007ffcfc45f000 	C:\Windows\System32\sechost.dll
0x00007ffcfbf40000 - 0x00007ffcfc060000 	C:\Windows\System32\RPCRT4.dll
0x00007ffcfb050000 - 0x00007ffcfb077000 	C:\Windows\System32\bcrypt.dll
0x00007ffcfd120000 - 0x00007ffcfd18b000 	C:\Windows\System32\WS2_32.dll
0x00007ffcf9d60000 - 0x00007ffcf9dab000 	C:\Windows\SYSTEM32\POWRPROF.dll
0x00007ffcf0fd0000 - 0x00007ffcf0fda000 	C:\Windows\SYSTEM32\VERSION.dll
0x00007ffce5710000 - 0x00007ffce5737000 	C:\Windows\SYSTEM32\WINMM.dll
0x00007ffcf9c20000 - 0x00007ffcf9c32000 	C:\Windows\SYSTEM32\UMPDC.dll
0x00007ffcf8690000 - 0x00007ffcf86a2000 	C:\Windows\SYSTEM32\kernel.appcore.dll
0x00007ffcf4750000 - 0x00007ffcf475a000 	C:\Users\LENOVO\.antigravity-ide\extensions\redhat.java-1.54.0-win32-x64\jre\21.0.10-win32-x86_64\bin\jimage.dll
0x00007ffce60f0000 - 0x00007ffce62f1000 	C:\Windows\SYSTEM32\DBGHELP.DLL
0x00007ffce1550000 - 0x00007ffce1584000 	C:\Windows\SYSTEM32\dbgcore.DLL
0x00007ffcfb160000 - 0x00007ffcfb1e2000 	C:\Windows\System32\bcryptPrimitives.dll
0x00007ffcf5010000 - 0x00007ffcf501f000 	C:\Users\LENOVO\.antigravity-ide\extensions\redhat.java-1.54.0-win32-x64\jre\21.0.10-win32-x86_64\bin\instrument.dll
0x00007ffcee960000 - 0x00007ffcee980000 	C:\Users\LENOVO\.antigravity-ide\extensions\redhat.java-1.54.0-win32-x64\jre\21.0.10-win32-x86_64\bin\java.dll
0x00007ffcfb720000 - 0x00007ffcfbe90000 	C:\Windows\System32\SHELL32.dll
0x00007ffcf8890000 - 0x00007ffcf9035000 	C:\Windows\SYSTEM32\windows.storage.dll
0x00007ffcfc060000 - 0x00007ffcfc3b4000 	C:\Windows\System32\combase.dll
0x00007ffcfa1b0000 - 0x00007ffcfa1db000 	C:\Windows\SYSTEM32\Wldp.dll
0x00007ffcfb440000 - 0x00007ffcfb50d000 	C:\Windows\System32\OLEAUT32.dll
0x00007ffcfc4c0000 - 0x00007ffcfc56d000 	C:\Windows\System32\SHCORE.dll
0x00007ffcfb200000 - 0x00007ffcfb25b000 	C:\Windows\System32\shlwapi.dll
0x00007ffcfa790000 - 0x00007ffcfa7b4000 	C:\Windows\SYSTEM32\profapi.dll
0x00007ffcf0f80000 - 0x00007ffcf0f98000 	C:\Users\LENOVO\.antigravity-ide\extensions\redhat.java-1.54.0-win32-x64\jre\21.0.10-win32-x86_64\bin\zip.dll
0x00007ffcf4640000 - 0x00007ffcf4650000 	C:\Users\LENOVO\.antigravity-ide\extensions\redhat.java-1.54.0-win32-x64\jre\21.0.10-win32-x86_64\bin\net.dll
0x00007ffcef7d0000 - 0x00007ffcef8da000 	C:\Windows\SYSTEM32\WINHTTP.dll
0x00007ffcf9f90000 - 0x00007ffcf9ffa000 	C:\Windows\system32\mswsock.dll
0x00007ffcf0f60000 - 0x00007ffcf0f76000 	C:\Users\LENOVO\.antigravity-ide\extensions\redhat.java-1.54.0-win32-x64\jre\21.0.10-win32-x86_64\bin\nio.dll
0x00007ffcf3ee0000 - 0x00007ffcf3ef0000 	C:\Users\LENOVO\.antigravity-ide\extensions\redhat.java-1.54.0-win32-x64\jre\21.0.10-win32-x86_64\bin\verify.dll
0x00007ffcd3720000 - 0x00007ffcd3747000 	C:\Users\LENOVO\.gradle\native\c067742578af261105cb4f569cf0c3c89f3d7b1fecec35dd04571415982c5e48\windows-amd64\native-platform.dll
0x00007ffcaf500000 - 0x00007ffcaf644000 	C:\Users\LENOVO\.gradle\native\100fb08df4bc3b14c8652ba06237920a3bd2aa13389f12d3474272988ae205f9\windows-amd64\native-platform-file-events.dll
0x00007ffcf46a0000 - 0x00007ffcf46aa000 	C:\Users\LENOVO\.antigravity-ide\extensions\redhat.java-1.54.0-win32-x64\jre\21.0.10-win32-x86_64\bin\management.dll
0x00007ffcf0770000 - 0x00007ffcf077c000 	C:\Users\LENOVO\.antigravity-ide\extensions\redhat.java-1.54.0-win32-x64\jre\21.0.10-win32-x86_64\bin\management_ext.dll
0x00007ffcfb310000 - 0x00007ffcfb318000 	C:\Windows\System32\PSAPI.DLL
0x00007ffcfa1f0000 - 0x00007ffcfa208000 	C:\Windows\SYSTEM32\CRYPTSP.dll
0x00007ffcf9860000 - 0x00007ffcf9898000 	C:\Windows\system32\rsaenh.dll
0x00007ffcfa710000 - 0x00007ffcfa73e000 	C:\Windows\SYSTEM32\USERENV.dll
0x00007ffcfa120000 - 0x00007ffcfa12c000 	C:\Windows\SYSTEM32\CRYPTBASE.dll
0x00007ffcf9c40000 - 0x00007ffcf9c7b000 	C:\Windows\SYSTEM32\IPHLPAPI.DLL
0x00007ffcfb690000 - 0x00007ffcfb698000 	C:\Windows\System32\NSI.dll
0x00007ffcf0060000 - 0x00007ffcf0069000 	C:\Users\LENOVO\.antigravity-ide\extensions\redhat.java-1.54.0-win32-x64\jre\21.0.10-win32-x86_64\bin\extnet.dll
0x00007ffcee4f0000 - 0x00007ffcee4fe000 	C:\Users\LENOVO\.antigravity-ide\extensions\redhat.java-1.54.0-win32-x64\jre\21.0.10-win32-x86_64\bin\sunmscapi.dll
0x00007ffcfa8e0000 - 0x00007ffcfaa3d000 	C:\Windows\System32\CRYPT32.dll
0x00007ffcfa300000 - 0x00007ffcfa327000 	C:\Windows\SYSTEM32\ncrypt.dll
0x00007ffcfa2c0000 - 0x00007ffcfa2fb000 	C:\Windows\SYSTEM32\NTASN1.dll
0x00007ffcd9850000 - 0x00007ffcd9857000 	C:\Windows\system32\wshunix.dll

JVMTI agents:
C:\Users\LENOVO\.gradle\wrapper\dists\gradle-8.9-bin\90cnw93cvbtalezasaz0blq0a\gradle-8.9\lib\agents\gradle-instrumentation-agent-8.9.jar path:C:\Users\LENOVO\.antigravity-ide\extensions\redhat.java-1.54.0-win32-x64\jre\21.0.10-win32-x86_64\bin\instrument.dll, loaded, initialized, instrumentlib options:none

dbghelp: loaded successfully - version: 4.0.5 - missing functions: none
symbol engine: initialized successfully - sym options: 0x614 - pdb path: .;C:\Users\LENOVO\.antigravity-ide\extensions\redhat.java-1.54.0-win32-x64\jre\21.0.10-win32-x86_64\bin;C:\Windows\SYSTEM32;C:\Windows\WinSxS\amd64_microsoft.windows.common-controls_6595b64144ccf1df_6.0.19041.6456_none_60b8a6cb71f64256;C:\Users\LENOVO\.antigravity-ide\extensions\redhat.java-1.54.0-win32-x64\jre\21.0.10-win32-x86_64\bin\server;C:\Users\LENOVO\.gradle\native\c067742578af261105cb4f569cf0c3c89f3d7b1fecec35dd04571415982c5e48\windows-amd64;C:\Users\LENOVO\.gradle\native\100fb08df4bc3b14c8652ba06237920a3bd2aa13389f12d3474272988ae205f9\windows-amd64

VM Arguments:
jvm_args: --add-opens=java.base/java.util=ALL-UNNAMED --add-opens=java.base/java.lang=ALL-UNNAMED --add-opens=java.base/java.lang.invoke=ALL-UNNAMED --add-opens=java.prefs/java.util.prefs=ALL-UNNAMED --add-exports=jdk.compiler/com.sun.tools.javac.api=ALL-UNNAMED --add-exports=jdk.compiler/com.sun.tools.javac.util=ALL-UNNAMED --add-opens=java.base/java.nio.charset=ALL-UNNAMED --add-opens=java.base/java.net=ALL-UNNAMED --add-opens=java.base/java.util.concurrent.atomic=ALL-UNNAMED -XX:MaxMetaspaceSize=384m -XX:+HeapDumpOnOutOfMemoryError -Xms256m -Xmx512m -Dfile.encoding=utf8 -Duser.country=US -Duser.language=en -Duser.variant -javaagent:C:\Users\LENOVO\.gradle\wrapper\dists\gradle-8.9-bin\90cnw93cvbtalezasaz0blq0a\gradle-8.9\lib\agents\gradle-instrumentation-agent-8.9.jar 
java_command: org.gradle.launcher.daemon.bootstrap.GradleDaemon 8.9
java_class_path (initial): C:\Users\LENOVO\.gradle\wrapper\dists\gradle-8.9-bin\90cnw93cvbtalezasaz0blq0a\gradle-8.9\lib\gradle-daemon-main-8.9.jar
Launcher Type: SUN_STANDARD

[Global flags]
     intx CICompilerCount                          = 3                                         {product} {ergonomic}
   size_t CompressedClassSpaceSize                 = 335544320                                 {product} {ergonomic}
     uint ConcGCThreads                            = 1                                         {product} {ergonomic}
     uint G1ConcRefinementThreads                  = 4                                         {product} {ergonomic}
   size_t G1HeapRegionSize                         = 1048576                                   {product} {ergonomic}
    uintx GCDrainStackTargetSize                   = 64                                        {product} {ergonomic}
     bool HeapDumpOnOutOfMemoryError               = true                                   {manageable} {command line}
   size_t InitialHeapSize                          = 268435456                                 {product} {command line}
   size_t MarkStackSize                            = 4194304                                   {product} {ergonomic}
   size_t MaxHeapSize                              = 536870912                                 {product} {command line}
   size_t MaxMetaspaceSize                         = 402653184                                 {product} {command line}
   size_t MaxNewSize                               = 321912832                                 {product} {ergonomic}
   size_t MinHeapDeltaBytes                        = 1048576                                   {product} {ergonomic}
   size_t MinHeapSize                              = 268435456                                 {product} {command line}
    uintx NonNMethodCodeHeapSize                   = 5832780                                {pd product} {ergonomic}
    uintx NonProfiledCodeHeapSize                  = 122912730                              {pd product} {ergonomic}
    uintx ProfiledCodeHeapSize                     = 122912730                              {pd product} {ergonomic}
    uintx ReservedCodeCacheSize                    = 251658240                              {pd product} {ergonomic}
     bool SegmentedCodeCache                       = true                                      {product} {ergonomic}
   size_t SoftMaxHeapSize                          = 536870912                              {manageable} {ergonomic}
     bool UseCompressedOops                        = true                           {product lp64_product} {ergonomic}
     bool UseG1GC                                  = true                                      {product} {ergonomic}
     bool UseLargePagesIndividualAllocation        = false                                  {pd product} {ergonomic}

Logging:
Log output configuration:
 #0: stdout all=warning uptime,level,tags foldmultilines=false
 #1: stderr all=off uptime,level,tags foldmultilines=false

Release file:
JAVA_VERSION="21.0.10" 
MODULES="java.base java.compiler java.datatransfer java.xml java.prefs java.desktop java.instrument java.logging java.management java.security.sasl java.naming java.rmi java.management.rmi java.net.http java.scripting java.security.jgss java.transaction.xa java.sql java.sql.rowset java.xml.crypto java.se java.smartcardio jdk.accessibility jdk.internal.jvmstat jdk.attach jdk.charsets jdk.internal.opt jdk.zipfs jdk.compiler jdk.crypto.ec jdk.crypto.cryptoki jdk.crypto.mscapi jdk.dynalink jdk.internal.ed jdk.editpad jdk.hotspot.agent jdk.httpserver jdk.internal.le jdk.internal.vm.ci jdk.internal.vm.compiler jdk.internal.vm.compiler.management jdk.jartool jdk.javadoc jdk.jcmd jdk.management jdk.management.agent jdk.jconsole jdk.jdeps jdk.jdwp.agent jdk.jdi jdk.jfr jdk.jshell jdk.jsobject jdk.jstatd jdk.localedata jdk.management.jfr jdk.naming.dns jdk.naming.rmi jdk.net jdk.nio.mapmode jdk.random jdk.sctp jdk.security.auth jdk.security.jgss jdk.unsupported jdk.unsupported.desktop jdk.xml.dom" 

Environment Variables:
PATH=C:\Program Files (x86)\Common Files\MVS\Runtime\Win32_i86;C:\Program Files (x86)\Common Files\MVS\Runtime\Win64_x64;C:\Python314\Scripts\;C:\Python314\;C:\Program Files\Python313\Scripts\;C:\Program Files\Python313\;C:\Program Files\Common Files\Oracle\Java\javapath;C:\Windows\system32;C:\Windows;C:\Windows\System32\Wbem;C:\Windows\System32\WindowsPowerShell\v1.0\;C:\Windows\System32\OpenSSH\;C:\Program Files (x86)\Windows Kits\8.1\Windows Performance Toolkit\;C:\Program Files\Java\jdk-21\bin;C:\Program Files\Git\cmd;C:\Program Files\PuTTY\;C:\ProgramData\chocolatey\bin;C:\Program Files\nodejs\;C:\Program Files (x86)\Windows Kits\10\Windows Performance Toolkit\;C:\Program Files (x86)\Yarn\bin\;C:\Program Files\dotnet\;D:\AndroidSDK\platform-tools;D:\AndroidSDK\emulator;D:\AndroidSDK\tools;D:\AndroidSDK\tools\bin;c:\Users\LENOVO\AppData\Local\Programs\cursor\resources\app\codeBin;C:\Program Files\Python313;C:\Program Files\Python313\Scripts;C:\Program Files\MySQL\MySQL Shell 8.0\bin\;C:\Users\LENOVO\AppData\Local\Microsoft\WindowsApps;C:\Users\LENOVO\AppData\Local\Programs\Microsoft VS Code\bin;C:\Users\LENOVO\AppData\Local\Python\bin;C:\Users\LENOVO\AppData\Local\Programs\Antigravity\bin;C:\Program Files\JetBrains\PyCharm 2025.3.1\bin;C:\Users\LENOVO\AppData\Roaming\npm;C:\Users\LENOVO\AppData\Local\Programs\cursor\resources\app\bin;C:\Users\LENOVO\AppData\Local\Programs\Antigravity IDE\bin;C:\Users\LENOVO\AppData\Local\Yarn\bin;C:\Users\LENOVO\.dotnet\tools
USERNAME=LENOVO
OS=Windows_NT
PROCESSOR_IDENTIFIER=Intel64 Family 6 Model 142 Stepping 9, GenuineIntel
TMP=C:\Users\LENOVO\AppData\Local\Temp
TEMP=C:\Users\LENOVO\AppData\Local\Temp




Periodic native trim disabled

---------------  S Y S T E M  ---------------

OS:
 Windows 10 , 64 bit Build 19041 (10.0.19041.5915)
OS uptime: 16 days 23:06 hours
Hyper-V role detected

CPU: total 4 (initial active 4) (2 cores per cpu, 2 threads per core) family 6 model 142 stepping 9 microcode 0xf0, cx8, cmov, fxsr, ht, mmx, 3dnowpref, sse, sse2, sse3, ssse3, sse4.1, sse4.2, popcnt, lzcnt, tsc, tscinvbit, avx, avx2, aes, erms, clmul, bmi1, bmi2, rtm, adx, fma, vzeroupper, clflush, clflushopt, hv, rdtscp, f16c
Processor Information for the first 4 processors :
  Max Mhz: 2701, Current Mhz: 2500, Mhz Limit: 2484

Memory: 4k page, system-wide physical 8056M (375M free)
TotalPageFile size 27252M (AvailPageFile size 1M)
current process WorkingSet (physical memory assigned to process): 402M, peak: 462M
current process commit charge ("private bytes"): 578M, peak: 593M

vm_info: OpenJDK 64-Bit Server VM (21.0.10+7-LTS) for windows-amd64 JRE (21.0.10+7-LTS), built on 2026-01-20T00:00:00Z by "admin" with MS VC++ 17.12 (VS2022)

END.
