#
# There is insufficient memory for the Java Runtime Environment to continue.
# Native memory allocation (malloc) failed to allocate 2441664 bytes. Error detail: Chunk::new
# Possible reasons:
#   The system is out of physical RAM or swap space
#   This process is running with CompressedOops enabled, and the Java Heap may be blocking the growth of the native heap
# Possible solutions:
#   Reduce memory load on the system
#   Increase physical memory or swap space
#   Check if swap backing store is full
#   Decrease Java heap size (-Xmx/-Xms)
#   Decrease number of Java threads
#   Decrease Java thread stack sizes (-Xss)
#   Set larger code cache with -XX:ReservedCodeCacheSize=
#   JVM is running with Zero Based Compressed Oops mode in which the Java heap is
#     placed in the first 32GB address space. The Java Heap base address is the
#     maximum limit for the native heap growth. Please use -XX:HeapBaseMinAddress
#     to set the Java Heap base and to place the Java Heap above 32GB virtual address.
# This output file may be truncated or incomplete.
#
#  Out of Memory Error (arena.cpp:168), pid=5832, tid=13692
#
# JRE version: OpenJDK Runtime Environment Temurin-21.0.10+7 (21.0.10+7) (build 21.0.10+7-LTS)
# Java VM: OpenJDK 64-Bit Server VM Temurin-21.0.10+7 (21.0.10+7-LTS, mixed mode, sharing, tiered, compressed oops, compressed class ptrs, g1 gc, windows-amd64)
# No core dump will be written. Minidumps are not enabled by default on client versions of Windows
#

---------------  S U M M A R Y ------------

Command Line: --add-opens=java.base/java.lang=ALL-UNNAMED --add-opens=java.base/java.lang.invoke=ALL-UNNAMED --add-opens=java.base/java.util=ALL-UNNAMED --add-opens=java.prefs/java.util.prefs=ALL-UNNAMED --add-exports=jdk.compiler/com.sun.tools.javac.api=ALL-UNNAMED --add-exports=jdk.compiler/com.sun.tools.javac.util=ALL-UNNAMED --add-opens=java.base/java.util=ALL-UNNAMED --add-opens=java.prefs/java.util.prefs=ALL-UNNAMED --add-opens=java.base/java.nio.charset=ALL-UNNAMED --add-opens=java.base/java.net=ALL-UNNAMED --add-opens=java.base/java.util.concurrent.atomic=ALL-UNNAMED --add-opens=java.xml/javax.xml.namespace=ALL-UNNAMED -XX:MaxMetaspaceSize=1024m -XX:+HeapDumpOnOutOfMemoryError -Xmx4096m -Dfile.encoding=UTF-8 -Duser.country=US -Duser.language=en -Duser.variant -javaagent:C:\Users\LENOVO\.gradle\wrapper\dists\gradle-8.13-bin\5xuhj0ry160q40clulazy9h7d\gradle-8.13\lib\agents\gradle-instrumentation-agent-8.13.jar org.gradle.launcher.daemon.bootstrap.GradleDaemon 8.13

Host: Intel(R) Core(TM) i5-7300U CPU @ 2.60GHz, 4 cores, 7G,  Windows 10 , 64 bit Build 19041 (10.0.19041.5915)
Time: Fri Jun 12 10:18:22 2026 India Standard Time elapsed time: 209.400311 seconds (0d 0h 3m 29s)

---------------  T H R E A D  ---------------

Current thread (0x0000029f5250b710):  JavaThread "C2 CompilerThread0" daemon [_thread_in_native, id=13692, stack(0x000000a1c8700000,0x000000a1c8800000) (1024K)]


Current CompileTask:
C2:209400 19274       4       com.android.build.gradle.internal.cxx.settings.NameTable::environments (605 bytes)

Stack: [0x000000a1c8700000,0x000000a1c8800000]
Native frames: (J=compiled Java code, j=interpreted, Vv=VM code, C=native code)
V  [jvm.dll+0x6d7a39]
V  [jvm.dll+0x8b4b26]
V  [jvm.dll+0x8b70de]
V  [jvm.dll+0x8b77c3]
V  [jvm.dll+0x284346]
V  [jvm.dll+0xc66ed]
V  [jvm.dll+0xc6c31]
V  [jvm.dll+0x3bec3b]
V  [jvm.dll+0x38b162]
V  [jvm.dll+0x38a5aa]
V  [jvm.dll+0x24c560]
V  [jvm.dll+0x24bb40]
V  [jvm.dll+0x1cb34e]
V  [jvm.dll+0x25b85d]
V  [jvm.dll+0x259dea]
V  [jvm.dll+0x3f857e]
V  [jvm.dll+0x85f59d]
V  [jvm.dll+0x6d626d]
C  [ucrtbase.dll+0x21bb2]
C  [KERNEL32.DLL+0x17374]
C  [ntdll.dll+0x4cc91]


---------------  P R O C E S S  ---------------

Threads class SMR info:
_java_thread_list=0x0000029f61591ed0, length=87, elements={
0x0000029f36ad9390, 0x0000029f524ff3e0, 0x0000029f524ffe40, 0x0000029f52503140,
0x0000029f52503ba0, 0x0000029f52506610, 0x0000029f52507070, 0x0000029f5250b710,
0x0000029f52516220, 0x0000029f527a6f50, 0x0000029f5279dce0, 0x0000029f586b07c0,
0x0000029f585ee280, 0x0000029f585ddcf0, 0x0000029f5872bfc0, 0x0000029f5872da00,
0x0000029f5872e090, 0x0000029f58be1990, 0x0000029f58bdff50, 0x0000029f58bdd7f0,
0x0000029f58be1300, 0x0000029f58bde510, 0x0000029f58bdf230, 0x0000029f5b360cd0,
0x0000029f5a974fe0, 0x0000029f64ae6b30, 0x0000029f64ae71c0, 0x0000029f64ae50f0,
0x0000029f64aeb360, 0x0000029f64ae8c00, 0x0000029f64aea640, 0x0000029f64aeacd0,
0x0000029f64aeb9f0, 0x0000029f64ae4a60, 0x0000029f64ae5780, 0x0000029f64aec080,
0x0000029f64ae5e10, 0x0000029f64ae64a0, 0x0000029f64ae9290, 0x0000029f64ae7850,
0x0000029f64ae7ee0, 0x0000029f64ae8570, 0x0000029f64ae9920, 0x0000029f58f1cc80,
0x0000029f58f1a520, 0x0000029f58f1bf60, 0x0000029f58f20100, 0x0000029f58f1abb0,
0x0000029f58f1ed50, 0x0000029f58f19170, 0x0000029f58f20790, 0x0000029f58f1d310,
0x0000029f58f1f3e0, 0x0000029f58f19e90, 0x0000029f58f1fa70, 0x0000029f58f19800,
0x0000029f58f1b8d0, 0x0000029f59702840, 0x0000029f59704280, 0x0000029f596ffa50,
0x0000029f59702ed0, 0x0000029f597021b0, 0x0000029f59701b20, 0x0000029f59700770,
0x0000029f59703560, 0x0000029f59704910, 0x0000029f59703bf0, 0x0000029f59707070,
0x0000029f59705630, 0x0000029f59705cc0, 0x0000029f59706350, 0x0000029f597000e0,
0x0000029f5b9e8180, 0x0000029f5b9ea8e0, 0x0000029f5b9e5390, 0x0000029f5b9e8810,
0x0000029f5b9e6740, 0x0000029f5b9e4d00, 0x0000029f5b9e5a20, 0x0000029f5b9e6dd0,
0x0000029f5b9e60b0, 0x0000029f5b9e9530, 0x0000029f5b9eaf70, 0x0000029f5b9e3fe0,
0x0000029f5b9eb600, 0x0000029f5b9e7af0, 0x0000029f5b3619f0
}

Java Threads: ( => current thread )
  0x0000029f36ad9390 JavaThread "main"                              [_thread_blocked, id=13292, stack(0x000000a1c7900000,0x000000a1c7a00000) (1024K)]
  0x0000029f524ff3e0 JavaThread "Reference Handler"          daemon [_thread_blocked, id=25224, stack(0x000000a1c8100000,0x000000a1c8200000) (1024K)]
  0x0000029f524ffe40 JavaThread "Finalizer"                  daemon [_thread_blocked, id=12160, stack(0x000000a1c8200000,0x000000a1c8300000) (1024K)]
  0x0000029f52503140 JavaThread "Signal Dispatcher"          daemon [_thread_blocked, id=22800, stack(0x000000a1c8300000,0x000000a1c8400000) (1024K)]
  0x0000029f52503ba0 JavaThread "Attach Listener"            daemon [_thread_blocked, id=12740, stack(0x000000a1c8400000,0x000000a1c8500000) (1024K)]
  0x0000029f52506610 JavaThread "Service Thread"             daemon [_thread_blocked, id=3468, stack(0x000000a1c8500000,0x000000a1c8600000) (1024K)]
  0x0000029f52507070 JavaThread "Monitor Deflation Thread"   daemon [_thread_blocked, id=17576, stack(0x000000a1c8600000,0x000000a1c8700000) (1024K)]
=>0x0000029f5250b710 JavaThread "C2 CompilerThread0"         daemon [_thread_in_native, id=13692, stack(0x000000a1c8700000,0x000000a1c8800000) (1024K)]
  0x0000029f52516220 JavaThread "C1 CompilerThread0"         daemon [_thread_blocked, id=12636, stack(0x000000a1c8800000,0x000000a1c8900000) (1024K)]
  0x0000029f527a6f50 JavaThread "Common-Cleaner"             daemon [_thread_blocked, id=2300, stack(0x000000a1c8900000,0x000000a1c8a00000) (1024K)]
  0x0000029f5279dce0 JavaThread "Notification Thread"        daemon [_thread_blocked, id=6920, stack(0x000000a1c8a00000,0x000000a1c8b00000) (1024K)]
  0x0000029f586b07c0 JavaThread "Daemon health stats"               [_thread_blocked, id=15804, stack(0x000000a1c8d00000,0x000000a1c8e00000) (1024K)]
  0x0000029f585ee280 JavaThread "Incoming local TCP Connector on port 65195"        [_thread_in_native, id=21860, stack(0x000000a1c8f00000,0x000000a1c9000000) (1024K)]
  0x0000029f585ddcf0 JavaThread "Daemon periodic checks"            [_thread_blocked, id=14564, stack(0x000000a1c9000000,0x000000a1c9100000) (1024K)]
  0x0000029f5872bfc0 JavaThread "Cache worker for journal cache (C:\Users\LENOVO\.gradle\caches\journal-1)"        [_thread_blocked, id=6816, stack(0x000000a1c9800000,0x000000a1c9900000) (1024K)]
  0x0000029f5872da00 JavaThread "File lock request listener"        [_thread_in_native, id=20740, stack(0x000000a1c9900000,0x000000a1c9a00000) (1024K)]
  0x0000029f5872e090 JavaThread "Cache worker for file hash cache (C:\Users\LENOVO\.gradle\caches\8.13\fileHashes)"        [_thread_blocked, id=8952, stack(0x000000a1c9a00000,0x000000a1c9b00000) (1024K)]
  0x0000029f58be1990 JavaThread "File watcher server"        daemon [_thread_in_native, id=1028, stack(0x000000a1c9d00000,0x000000a1c9e00000) (1024K)]
  0x0000029f58bdff50 JavaThread "File watcher consumer"      daemon [_thread_blocked, id=7800, stack(0x000000a1c9e00000,0x000000a1c9f00000) (1024K)]
  0x0000029f58bdd7f0 JavaThread "jar transforms"                    [_thread_blocked, id=21980, stack(0x000000a1c9f00000,0x000000a1ca000000) (1024K)]
  0x0000029f58be1300 JavaThread "jar transforms Thread 2"           [_thread_blocked, id=17564, stack(0x000000a1ca000000,0x000000a1ca100000) (1024K)]
  0x0000029f58bde510 JavaThread "Cache worker for file content cache (C:\Users\LENOVO\.gradle\caches\8.13\fileContent)"        [_thread_blocked, id=7204, stack(0x000000a1ca200000,0x000000a1ca300000) (1024K)]
  0x0000029f58bdf230 JavaThread "jar transforms Thread 3"           [_thread_blocked, id=17440, stack(0x000000a1ca300000,0x000000a1ca400000) (1024K)]
  0x0000029f5b360cd0 JavaThread "Memory manager"                    [_thread_blocked, id=8396, stack(0x000000a1cb800000,0x000000a1cb900000) (1024K)]
  0x0000029f5a974fe0 JavaThread "jar transforms Thread 4"           [_thread_blocked, id=22648, stack(0x000000a1cda00000,0x000000a1cdb00000) (1024K)]
  0x0000029f64ae6b30 JavaThread "Daemon Thread 2"                   [_thread_blocked, id=23828, stack(0x000000a1c7600000,0x000000a1c7700000) (1024K)]
  0x0000029f64ae71c0 JavaThread "Handler for socket connection from /127.0.0.1:65195 to /127.0.0.1:65309"        [_thread_in_native, id=13056, stack(0x000000a1c7700000,0x000000a1c7800000) (1024K)]
  0x0000029f64ae50f0 JavaThread "Cancel handler"                    [_thread_blocked, id=22624, stack(0x000000a1c7800000,0x000000a1c7900000) (1024K)]
  0x0000029f64aeb360 JavaThread "Daemon worker Thread 2"            [_thread_in_Java, id=11624, stack(0x000000a1c9100000,0x000000a1c9200000) (1024K)]
  0x0000029f64ae8c00 JavaThread "Asynchronous log dispatcher for DefaultDaemonConnection: socket connection from /127.0.0.1:65195 to /127.0.0.1:65309"        [_thread_blocked, id=14660, stack(0x000000a1c9200000,0x000000a1c9300000) (1024K)]
  0x0000029f64aea640 JavaThread "Stdin handler"                     [_thread_blocked, id=8360, stack(0x000000a1c9300000,0x000000a1c9400000) (1024K)]
  0x0000029f64aeacd0 JavaThread "Daemon client event forwarder"        [_thread_blocked, id=14260, stack(0x000000a1c9400000,0x000000a1c9500000) (1024K)]
  0x0000029f64aeb9f0 JavaThread "Cache worker for file hash cache (C:\idhayam-distributor-mobile\android\.gradle\8.13\fileHashes)"        [_thread_blocked, id=12912, stack(0x000000a1c9500000,0x000000a1c9600000) (1024K)]
  0x0000029f64ae4a60 JavaThread "Cache worker for Build Output Cleanup Cache (C:\idhayam-distributor-mobile\android\.gradle\buildOutputCleanup)"        [_thread_blocked, id=9248, stack(0x000000a1c9600000,0x000000a1c9700000) (1024K)]
  0x0000029f64ae5780 JavaThread "Cache worker for checksums cache (C:\idhayam-distributor-mobile\android\.gradle\8.13\checksums)"        [_thread_blocked, id=14360, stack(0x000000a1c9700000,0x000000a1c9800000) (1024K)]
  0x0000029f64aec080 JavaThread "Cache worker for cache directory md-supplier (C:\Users\LENOVO\.gradle\caches\8.13\md-supplier)"        [_thread_blocked, id=22488, stack(0x000000a1c9b00000,0x000000a1c9c00000) (1024K)]
  0x0000029f64ae5e10 JavaThread "Cache worker for cache directory md-rule (C:\Users\LENOVO\.gradle\caches\8.13\md-rule)"        [_thread_blocked, id=13932, stack(0x000000a1c9c00000,0x000000a1c9d00000) (1024K)]
  0x0000029f64ae64a0 JavaThread "Cache worker for Build Output Cleanup Cache (C:\idhayam-distributor-mobile\node_modules\@react-native\gradle-plugin\.gradle\buildOutputCleanup)"        [_thread_blocked, id=12112, stack(0x000000a1ca100000,0x000000a1ca200000) (1024K)]
  0x0000029f64ae9290 JavaThread "Unconstrained build operations"        [_thread_blocked, id=21280, stack(0x000000a1ca400000,0x000000a1ca500000) (1024K)]
  0x0000029f64ae7850 JavaThread "Unconstrained build operations Thread 2"        [_thread_blocked, id=10820, stack(0x000000a1ca500000,0x000000a1ca600000) (1024K)]
  0x0000029f64ae7ee0 JavaThread "Unconstrained build operations Thread 3"        [_thread_blocked, id=24708, stack(0x000000a1ca600000,0x000000a1ca700000) (1024K)]
  0x0000029f64ae8570 JavaThread "Unconstrained build operations Thread 4"        [_thread_blocked, id=23624, stack(0x000000a1ca800000,0x000000a1ca900000) (1024K)]
  0x0000029f64ae9920 JavaThread "Unconstrained build operations Thread 5"        [_thread_blocked, id=6336, stack(0x000000a1ca900000,0x000000a1caa00000) (1024K)]
  0x0000029f58f1cc80 JavaThread "Unconstrained build operations Thread 6"        [_thread_blocked, id=15104, stack(0x000000a1caa00000,0x000000a1cab00000) (1024K)]
  0x0000029f58f1a520 JavaThread "Unconstrained build operations Thread 7"        [_thread_blocked, id=9688, stack(0x000000a1cab00000,0x000000a1cac00000) (1024K)]
  0x0000029f58f1bf60 JavaThread "Unconstrained build operations Thread 8"        [_thread_blocked, id=10204, stack(0x000000a1cac00000,0x000000a1cad00000) (1024K)]
  0x0000029f58f20100 JavaThread "Unconstrained build operations Thread 9"        [_thread_blocked, id=19652, stack(0x000000a1cad00000,0x000000a1cae00000) (1024K)]
  0x0000029f58f1abb0 JavaThread "Unconstrained build operations Thread 10"        [_thread_blocked, id=14648, stack(0x000000a1cae00000,0x000000a1caf00000) (1024K)]
  0x0000029f58f1ed50 JavaThread "build event listener"              [_thread_blocked, id=1692, stack(0x000000a1caf00000,0x000000a1cb000000) (1024K)]
  0x0000029f58f19170 JavaThread "ForkJoinPool.commonPool-worker-4" daemon [_thread_blocked, id=13668, stack(0x000000a1cb000000,0x000000a1cb100000) (1024K)]
  0x0000029f58f20790 JavaThread "ForkJoinPool.commonPool-worker-5" daemon [_thread_blocked, id=23976, stack(0x000000a1cb100000,0x000000a1cb200000) (1024K)]
  0x0000029f58f1d310 JavaThread "ForkJoinPool.commonPool-worker-6" daemon [_thread_blocked, id=4844, stack(0x000000a1cb200000,0x000000a1cb300000) (1024K)]
  0x0000029f58f1f3e0 JavaThread "included builds"                   [_thread_blocked, id=20908, stack(0x000000a1cb300000,0x000000a1cb400000) (1024K)]
  0x0000029f58f19e90 JavaThread "Execution worker"                  [_thread_blocked, id=17648, stack(0x000000a1cb400000,0x000000a1cb500000) (1024K)]
  0x0000029f58f1fa70 JavaThread "Execution worker Thread 2"         [_thread_blocked, id=24004, stack(0x000000a1cb500000,0x000000a1cb600000) (1024K)]
  0x0000029f58f19800 JavaThread "Execution worker Thread 3"         [_thread_blocked, id=21356, stack(0x000000a1cb600000,0x000000a1cb700000) (1024K)]
  0x0000029f58f1b8d0 JavaThread "Cache worker for execution history cache (C:\idhayam-distributor-mobile\node_modules\@react-native\gradle-plugin\.gradle\8.13\executionHistory)"        [_thread_blocked, id=16620, stack(0x000000a1cb700000,0x000000a1cb800000) (1024K)]
  0x0000029f59702840 JavaThread "Unconstrained build operations Thread 11"        [_thread_blocked, id=23984, stack(0x000000a1cb900000,0x000000a1cba00000) (1024K)]
  0x0000029f59704280 JavaThread "Unconstrained build operations Thread 12"        [_thread_blocked, id=17916, stack(0x000000a1cba00000,0x000000a1cbb00000) (1024K)]
  0x0000029f596ffa50 JavaThread "Unconstrained build operations Thread 13"        [_thread_blocked, id=13308, stack(0x000000a1cbb00000,0x000000a1cbc00000) (1024K)]
  0x0000029f59702ed0 JavaThread "Unconstrained build operations Thread 14"        [_thread_blocked, id=22948, stack(0x000000a1cbc00000,0x000000a1cbd00000) (1024K)]
  0x0000029f597021b0 JavaThread "Unconstrained build operations Thread 15"        [_thread_blocked, id=25352, stack(0x000000a1cbd00000,0x000000a1cbe00000) (1024K)]
  0x0000029f59701b20 JavaThread "Unconstrained build operations Thread 16"        [_thread_blocked, id=6272, stack(0x000000a1cbe00000,0x000000a1cbf00000) (1024K)]
  0x0000029f59700770 JavaThread "Unconstrained build operations Thread 17"        [_thread_blocked, id=23928, stack(0x000000a1cbf00000,0x000000a1cc000000) (1024K)]
  0x0000029f59703560 JavaThread "Unconstrained build operations Thread 18"        [_thread_blocked, id=19440, stack(0x000000a1cc000000,0x000000a1cc100000) (1024K)]
  0x0000029f59704910 JavaThread "Unconstrained build operations Thread 19"        [_thread_blocked, id=24348, stack(0x000000a1cc100000,0x000000a1cc200000) (1024K)]
  0x0000029f59703bf0 JavaThread "Unconstrained build operations Thread 20"        [_thread_blocked, id=14692, stack(0x000000a1cc200000,0x000000a1cc300000) (1024K)]
  0x0000029f59707070 JavaThread "Unconstrained build operations Thread 21"        [_thread_blocked, id=2736, stack(0x000000a1cc300000,0x000000a1cc400000) (1024K)]
  0x0000029f59705630 JavaThread "Unconstrained build operations Thread 22"        [_thread_blocked, id=24324, stack(0x000000a1cc400000,0x000000a1cc500000) (1024K)]
  0x0000029f59705cc0 JavaThread "Unconstrained build operations Thread 23"        [_thread_blocked, id=13660, stack(0x000000a1cc500000,0x000000a1cc600000) (1024K)]
  0x0000029f59706350 JavaThread "Unconstrained build operations Thread 24"        [_thread_blocked, id=17276, stack(0x000000a1cc600000,0x000000a1cc700000) (1024K)]
  0x0000029f597000e0 JavaThread "Unconstrained build operations Thread 25"        [_thread_blocked, id=21120, stack(0x000000a1cc700000,0x000000a1cc800000) (1024K)]
  0x0000029f5b9e8180 JavaThread "Unconstrained build operations Thread 26"        [_thread_blocked, id=16132, stack(0x000000a1cc800000,0x000000a1cc900000) (1024K)]
  0x0000029f5b9ea8e0 JavaThread "Unconstrained build operations Thread 27"        [_thread_blocked, id=13280, stack(0x000000a1cc900000,0x000000a1cca00000) (1024K)]
  0x0000029f5b9e5390 JavaThread "Unconstrained build operations Thread 28"        [_thread_blocked, id=25348, stack(0x000000a1cca00000,0x000000a1ccb00000) (1024K)]
  0x0000029f5b9e8810 JavaThread "Unconstrained build operations Thread 29"        [_thread_blocked, id=15092, stack(0x000000a1ccb00000,0x000000a1ccc00000) (1024K)]
  0x0000029f5b9e6740 JavaThread "Unconstrained build operations Thread 30"        [_thread_blocked, id=16080, stack(0x000000a1ccc00000,0x000000a1ccd00000) (1024K)]
  0x0000029f5b9e4d00 JavaThread "Unconstrained build operations Thread 31"        [_thread_blocked, id=8408, stack(0x000000a1ccd00000,0x000000a1cce00000) (1024K)]
  0x0000029f5b9e5a20 JavaThread "Unconstrained build operations Thread 32"        [_thread_blocked, id=7400, stack(0x000000a1cce00000,0x000000a1ccf00000) (1024K)]
  0x0000029f5b9e6dd0 JavaThread "build event listener"              [_thread_blocked, id=24452, stack(0x000000a1ccf00000,0x000000a1cd000000) (1024K)]
  0x0000029f5b9e60b0 JavaThread "Problems report writer"            [_thread_blocked, id=21028, stack(0x000000a1cd000000,0x000000a1cd100000) (1024K)]
  0x0000029f5b9e9530 JavaThread "Unconstrained build operations Thread 33"        [_thread_blocked, id=22116, stack(0x000000a1cd100000,0x000000a1cd200000) (1024K)]
  0x0000029f5b9eaf70 JavaThread "Unconstrained build operations Thread 34"        [_thread_blocked, id=24816, stack(0x000000a1cd200000,0x000000a1cd300000) (1024K)]
  0x0000029f5b9e3fe0 JavaThread "Unconstrained build operations Thread 35"        [_thread_blocked, id=16112, stack(0x000000a1cd300000,0x000000a1cd400000) (1024K)]
  0x0000029f5b9eb600 JavaThread "Unconstrained build operations Thread 36"        [_thread_in_vm, id=14984, stack(0x000000a1cd400000,0x000000a1cd500000) (1024K)]
  0x0000029f5b9e7af0 JavaThread "Unconstrained build operations Thread 37"        [_thread_new, id=22960, stack(0x0000000000000000,0x0000000000000000) (0B)]
  0x0000029f5b3619f0 JavaThread "Unconstrained build operations Thread 38"        [_thread_new, id=8984, stack(0x0000000000000000,0x0000000000000000) (0B)]
Total: 87

Other Threads:
  0x0000029f524e7530 VMThread "VM Thread"                           [id=8636, stack(0x000000a1c8000000,0x000000a1c8100000) (1024K)]
  0x0000029f524d5b90 WatcherThread "VM Periodic Task Thread"        [id=744, stack(0x000000a1c7f00000,0x000000a1c8000000) (1024K)]
  0x0000029f38e7abd0 WorkerThread "GC Thread#0"                     [id=20116, stack(0x000000a1c7a00000,0x000000a1c7b00000) (1024K)]
  0x0000029f527ebf60 WorkerThread "GC Thread#1"                     [id=2160, stack(0x000000a1c8b00000,0x000000a1c8c00000) (1024K)]
  0x0000029f527f07a0 WorkerThread "GC Thread#2"                     [id=16604, stack(0x000000a1c8c00000,0x000000a1c8d00000) (1024K)]
  0x0000029f5729c370 WorkerThread "GC Thread#3"                     [id=9768, stack(0x000000a1c8e00000,0x000000a1c8f00000) (1024K)]
  0x0000029f38e8bc10 ConcurrentGCThread "G1 Main Marker"            [id=6808, stack(0x000000a1c7b00000,0x000000a1c7c00000) (1024K)]
  0x0000029f38e8d570 WorkerThread "G1 Conc#0"                       [id=17400, stack(0x000000a1c7c00000,0x000000a1c7d00000) (1024K)]
  0x0000029f5239ec30 ConcurrentGCThread "G1 Refine#0"               [id=6812, stack(0x000000a1c7d00000,0x000000a1c7e00000) (1024K)]
  0x0000029f5239f650 ConcurrentGCThread "G1 Service"                [id=24772, stack(0x000000a1c7e00000,0x000000a1c7f00000) (1024K)]
Total: 10

Threads with active compile tasks:
C2 CompilerThread0  209473 19274       4       com.android.build.gradle.internal.cxx.settings.NameTable::environments (605 bytes)
Total: 1

VM state: not at safepoint (normal execution)

VM Mutex/Monitor currently owned by a thread: None

Heap address: 0x0000000700000000, size: 4096 MB, Compressed Oops mode: Zero based, Oop shift amount: 3

CDS archive(s) mapped at: [0x0000029f00000000-0x0000029f00ba0000-0x0000029f00ba0000), size 12189696, SharedBaseAddress: 0x0000029f00000000, ArchiveRelocationMode: 1.
Compressed class space mapped at: 0x0000029f01000000-0x0000029f35000000, reserved size: 872415232
Narrow klass base: 0x0000029f00000000, Narrow klass shift: 0, Narrow klass range: 0x100000000

GC Precious Log:
 CardTable entry size: 512
 Card Set container configuration: InlinePtr #cards 4 size 8 Array Of Cards #cards 16 size 48 Howl #buckets 8 coarsen threshold 3686 Howl Bitmap #cards 512 size 80 coarsen threshold 460 Card regions per heap region 1 cards per card region 4096
 CPUs: 4 total, 4 available
 Memory: 8056M
 Large Page Support: Disabled
 NUMA Support: Disabled
 Compressed Oops: Enabled (Zero based)
 Heap Region Size: 2M
 Heap Min Capacity: 8M
 Heap Initial Capacity: 126M
 Heap Max Capacity: 4G
 Pre-touch: Disabled
 Parallel Workers: 4
 Concurrent Workers: 1
 Concurrent Refinement Workers: 4
 Periodic GC: Disabled

Heap:
 garbage-first heap   total 376832K, used 263833K [0x0000000700000000, 0x0000000800000000)
  region size 2048K, 19 young (38912K), 6 survivors (12288K)
 Metaspace       used 121399K, committed 124288K, reserved 983040K
  class space    used 17142K, committed 18560K, reserved 851968K

Heap Regions: E=young(eden), S=young(survivor), O=old, HS=humongous(starts), HC=humongous(continues), CS=collection set, F=free, TAMS=top-at-mark-start, PB=parsable bottom
|   0|0x0000000700000000, 0x0000000700200000, 0x0000000700200000|100%|HS|  |TAMS 0x0000000700000000| PB 0x0000000700000000| Complete 
|   1|0x0000000700200000, 0x0000000700400000, 0x0000000700400000|100%|HC|  |TAMS 0x0000000700200000| PB 0x0000000700200000| Complete 
|   2|0x0000000700400000, 0x0000000700600000, 0x0000000700600000|100%| O|  |TAMS 0x0000000700400000| PB 0x0000000700400000| Untracked 
|   3|0x0000000700600000, 0x0000000700800000, 0x0000000700800000|100%| O|  |TAMS 0x0000000700600000| PB 0x0000000700600000| Untracked 
|   4|0x0000000700800000, 0x0000000700a00000, 0x0000000700a00000|100%| O|  |TAMS 0x0000000700800000| PB 0x0000000700800000| Untracked 
|   5|0x0000000700a00000, 0x0000000700c00000, 0x0000000700c00000|100%| O|  |TAMS 0x0000000700a00000| PB 0x0000000700a00000| Untracked 
|   6|0x0000000700c00000, 0x0000000700e00000, 0x0000000700e00000|100%| O|  |TAMS 0x0000000700c00000| PB 0x0000000700c00000| Untracked 
|   7|0x0000000700e00000, 0x0000000701000000, 0x0000000701000000|100%| O|  |TAMS 0x0000000700e00000| PB 0x0000000700e00000| Untracked 
|   8|0x0000000701000000, 0x0000000701200000, 0x0000000701200000|100%| O|  |TAMS 0x0000000701000000| PB 0x0000000701000000| Untracked 
|   9|0x0000000701200000, 0x0000000701400000, 0x0000000701400000|100%| O|  |TAMS 0x0000000701200000| PB 0x0000000701200000| Untracked 
|  10|0x0000000701400000, 0x0000000701600000, 0x0000000701600000|100%| O|  |TAMS 0x0000000701400000| PB 0x0000000701400000| Untracked 
|  11|0x0000000701600000, 0x0000000701800000, 0x0000000701800000|100%| O|  |TAMS 0x0000000701600000| PB 0x0000000701600000| Untracked 
|  12|0x0000000701800000, 0x0000000701a00000, 0x0000000701a00000|100%| O|  |TAMS 0x0000000701800000| PB 0x0000000701800000| Untracked 
|  13|0x0000000701a00000, 0x0000000701c00000, 0x0000000701c00000|100%| O|  |TAMS 0x0000000701a00000| PB 0x0000000701a00000| Untracked 
|  14|0x0000000701c00000, 0x0000000701e00000, 0x0000000701e00000|100%| O|  |TAMS 0x0000000701c00000| PB 0x0000000701c00000| Untracked 
|  15|0x0000000701e00000, 0x0000000702000000, 0x0000000702000000|100%| O|  |TAMS 0x0000000701e00000| PB 0x0000000701e00000| Untracked 
|  16|0x0000000702000000, 0x0000000702200000, 0x0000000702200000|100%| O|  |TAMS 0x0000000702000000| PB 0x0000000702000000| Untracked 
|  17|0x0000000702200000, 0x0000000702400000, 0x0000000702400000|100%| O|  |TAMS 0x0000000702200000| PB 0x0000000702200000| Untracked 
|  18|0x0000000702400000, 0x0000000702600000, 0x0000000702600000|100%| O|  |TAMS 0x0000000702400000| PB 0x0000000702400000| Untracked 
|  19|0x0000000702600000, 0x0000000702800000, 0x0000000702800000|100%| O|  |TAMS 0x0000000702600000| PB 0x0000000702600000| Untracked 
|  20|0x0000000702800000, 0x0000000702a00000, 0x0000000702a00000|100%| O|  |TAMS 0x0000000702800000| PB 0x0000000702800000| Untracked 
|  21|0x0000000702a00000, 0x0000000702c00000, 0x0000000702c00000|100%| O|  |TAMS 0x0000000702a00000| PB 0x0000000702a00000| Untracked 
|  22|0x0000000702c00000, 0x0000000702e00000, 0x0000000702e00000|100%| O|  |TAMS 0x0000000702c00000| PB 0x0000000702c00000| Untracked 
|  23|0x0000000702e00000, 0x0000000703000000, 0x0000000703000000|100%| O|  |TAMS 0x0000000702e00000| PB 0x0000000702e00000| Untracked 
|  24|0x0000000703000000, 0x0000000703200000, 0x0000000703200000|100%| O|  |TAMS 0x0000000703000000| PB 0x0000000703000000| Untracked 
|  25|0x0000000703200000, 0x0000000703400000, 0x0000000703400000|100%|HS|  |TAMS 0x0000000703200000| PB 0x0000000703200000| Complete 
|  26|0x0000000703400000, 0x0000000703600000, 0x0000000703600000|100%|HC|  |TAMS 0x0000000703400000| PB 0x0000000703400000| Complete 
|  27|0x0000000703600000, 0x0000000703800000, 0x0000000703800000|100%|HS|  |TAMS 0x0000000703600000| PB 0x0000000703600000| Complete 
|  28|0x0000000703800000, 0x0000000703a00000, 0x0000000703a00000|100%|HC|  |TAMS 0x0000000703800000| PB 0x0000000703800000| Complete 
|  29|0x0000000703a00000, 0x0000000703c00000, 0x0000000703c00000|100%| O|  |TAMS 0x0000000703a00000| PB 0x0000000703a00000| Untracked 
|  30|0x0000000703c00000, 0x0000000703e00000, 0x0000000703e00000|100%| O|  |TAMS 0x0000000703c00000| PB 0x0000000703c00000| Untracked 
|  31|0x0000000703e00000, 0x0000000704000000, 0x0000000704000000|100%| O|  |TAMS 0x0000000703e00000| PB 0x0000000703e00000| Untracked 
|  32|0x0000000704000000, 0x0000000704200000, 0x0000000704200000|100%| O|  |TAMS 0x0000000704000000| PB 0x0000000704000000| Untracked 
|  33|0x0000000704200000, 0x0000000704400000, 0x0000000704400000|100%| O|  |TAMS 0x0000000704200000| PB 0x0000000704200000| Untracked 
|  34|0x0000000704400000, 0x0000000704600000, 0x0000000704600000|100%| O|  |TAMS 0x0000000704400000| PB 0x0000000704400000| Untracked 
|  35|0x0000000704600000, 0x0000000704800000, 0x0000000704800000|100%| O|  |TAMS 0x0000000704600000| PB 0x0000000704600000| Untracked 
|  36|0x0000000704800000, 0x0000000704a00000, 0x0000000704a00000|100%| O|  |TAMS 0x0000000704800000| PB 0x0000000704800000| Untracked 
|  37|0x0000000704a00000, 0x0000000704c00000, 0x0000000704c00000|100%| O|  |TAMS 0x0000000704a00000| PB 0x0000000704a00000| Untracked 
|  38|0x0000000704c00000, 0x0000000704e00000, 0x0000000704e00000|100%| O|  |TAMS 0x0000000704c00000| PB 0x0000000704c00000| Untracked 
|  39|0x0000000704e00000, 0x0000000705000000, 0x0000000705000000|100%| O|  |TAMS 0x0000000704e00000| PB 0x0000000704e00000| Untracked 
|  40|0x0000000705000000, 0x0000000705200000, 0x0000000705200000|100%| O|  |TAMS 0x0000000705000000| PB 0x0000000705000000| Untracked 
|  41|0x0000000705200000, 0x0000000705400000, 0x0000000705400000|100%| O|  |TAMS 0x0000000705200000| PB 0x0000000705200000| Untracked 
|  42|0x0000000705400000, 0x0000000705600000, 0x0000000705600000|100%| O|  |TAMS 0x0000000705400000| PB 0x0000000705400000| Untracked 
|  43|0x0000000705600000, 0x0000000705800000, 0x0000000705800000|100%| O|  |TAMS 0x0000000705600000| PB 0x0000000705600000| Untracked 
|  44|0x0000000705800000, 0x0000000705a00000, 0x0000000705a00000|100%| O|  |TAMS 0x0000000705800000| PB 0x0000000705800000| Untracked 
|  45|0x0000000705a00000, 0x0000000705c00000, 0x0000000705c00000|100%| O|  |TAMS 0x0000000705a00000| PB 0x0000000705a00000| Untracked 
|  46|0x0000000705c00000, 0x0000000705e00000, 0x0000000705e00000|100%| O|  |TAMS 0x0000000705c00000| PB 0x0000000705c00000| Untracked 
|  47|0x0000000705e00000, 0x0000000706000000, 0x0000000706000000|100%| O|  |TAMS 0x0000000705e00000| PB 0x0000000705e00000| Untracked 
|  48|0x0000000706000000, 0x0000000706200000, 0x0000000706200000|100%| O|  |TAMS 0x0000000706000000| PB 0x0000000706000000| Untracked 
|  49|0x0000000706200000, 0x0000000706400000, 0x0000000706400000|100%| O|  |TAMS 0x0000000706200000| PB 0x0000000706200000| Untracked 
|  50|0x0000000706400000, 0x0000000706600000, 0x0000000706600000|100%| O|  |TAMS 0x0000000706400000| PB 0x0000000706400000| Untracked 
|  51|0x0000000706600000, 0x0000000706800000, 0x0000000706800000|100%| O|  |TAMS 0x0000000706600000| PB 0x0000000706600000| Untracked 
|  52|0x0000000706800000, 0x0000000706a00000, 0x0000000706a00000|100%| O|  |TAMS 0x0000000706800000| PB 0x0000000706800000| Untracked 
|  53|0x0000000706a00000, 0x0000000706c00000, 0x0000000706c00000|100%|HS|  |TAMS 0x0000000706a00000| PB 0x0000000706a00000| Complete 
|  54|0x0000000706c00000, 0x0000000706e00000, 0x0000000706e00000|100%|HC|  |TAMS 0x0000000706c00000| PB 0x0000000706c00000| Complete 
|  55|0x0000000706e00000, 0x0000000707000000, 0x0000000707000000|100%| O|  |TAMS 0x0000000706e00000| PB 0x0000000706e00000| Untracked 
|  56|0x0000000707000000, 0x0000000707200000, 0x0000000707200000|100%| O|  |TAMS 0x0000000707000000| PB 0x0000000707000000| Untracked 
|  57|0x0000000707200000, 0x0000000707400000, 0x0000000707400000|100%| O|  |TAMS 0x0000000707200000| PB 0x0000000707200000| Untracked 
|  58|0x0000000707400000, 0x0000000707600000, 0x0000000707600000|100%| O|  |TAMS 0x0000000707400000| PB 0x0000000707400000| Untracked 
|  59|0x0000000707600000, 0x0000000707800000, 0x0000000707800000|100%| O|  |TAMS 0x0000000707600000| PB 0x0000000707600000| Untracked 
|  60|0x0000000707800000, 0x0000000707a00000, 0x0000000707a00000|100%| O|  |TAMS 0x0000000707800000| PB 0x0000000707800000| Untracked 
|  61|0x0000000707a00000, 0x0000000707c00000, 0x0000000707c00000|100%| O|  |TAMS 0x0000000707a00000| PB 0x0000000707a00000| Untracked 
|  62|0x0000000707c00000, 0x0000000707e00000, 0x0000000707e00000|100%| O|  |TAMS 0x0000000707c00000| PB 0x0000000707c00000| Untracked 
|  63|0x0000000707e00000, 0x0000000708000000, 0x0000000708000000|100%| O|  |TAMS 0x0000000707e00000| PB 0x0000000707e00000| Untracked 
|  64|0x0000000708000000, 0x0000000708200000, 0x0000000708200000|100%| O|  |TAMS 0x0000000708000000| PB 0x0000000708000000| Untracked 
|  65|0x0000000708200000, 0x0000000708400000, 0x0000000708400000|100%| O|  |TAMS 0x0000000708200000| PB 0x0000000708200000| Untracked 
|  66|0x0000000708400000, 0x0000000708600000, 0x0000000708600000|100%|HS|  |TAMS 0x0000000708400000| PB 0x0000000708400000| Complete 
|  67|0x0000000708600000, 0x0000000708800000, 0x0000000708800000|100%| O|  |TAMS 0x0000000708600000| PB 0x0000000708600000| Untracked 
|  68|0x0000000708800000, 0x0000000708a00000, 0x0000000708a00000|100%| O|  |TAMS 0x0000000708800000| PB 0x0000000708800000| Untracked 
|  69|0x0000000708a00000, 0x0000000708c00000, 0x0000000708c00000|100%| O|  |TAMS 0x0000000708a00000| PB 0x0000000708a00000| Untracked 
|  70|0x0000000708c00000, 0x0000000708e00000, 0x0000000708e00000|100%| O|  |TAMS 0x0000000708c00000| PB 0x0000000708c00000| Untracked 
|  71|0x0000000708e00000, 0x0000000709000000, 0x0000000709000000|100%| O|  |TAMS 0x0000000708e00000| PB 0x0000000708e00000| Untracked 
|  72|0x0000000709000000, 0x0000000709200000, 0x0000000709200000|100%| O|  |TAMS 0x0000000709000000| PB 0x0000000709000000| Untracked 
|  73|0x0000000709200000, 0x0000000709400000, 0x0000000709400000|100%| O|  |TAMS 0x0000000709200000| PB 0x0000000709200000| Untracked 
|  74|0x0000000709400000, 0x0000000709600000, 0x0000000709600000|100%| O|  |TAMS 0x0000000709400000| PB 0x0000000709400000| Untracked 
|  75|0x0000000709600000, 0x0000000709800000, 0x0000000709800000|100%| O|  |TAMS 0x0000000709600000| PB 0x0000000709600000| Untracked 
|  76|0x0000000709800000, 0x0000000709a00000, 0x0000000709a00000|100%| O|  |TAMS 0x0000000709800000| PB 0x0000000709800000| Untracked 
|  77|0x0000000709a00000, 0x0000000709c00000, 0x0000000709c00000|100%| O|  |TAMS 0x0000000709a00000| PB 0x0000000709a00000| Untracked 
|  78|0x0000000709c00000, 0x0000000709c00000, 0x0000000709e00000|  0%| F|  |TAMS 0x0000000709c00000| PB 0x0000000709c00000| Untracked 
|  79|0x0000000709e00000, 0x000000070a000000, 0x000000070a000000|100%| O|  |TAMS 0x0000000709e00000| PB 0x0000000709e00000| Untracked 
|  80|0x000000070a000000, 0x000000070a200000, 0x000000070a200000|100%| O|  |TAMS 0x000000070a000000| PB 0x000000070a000000| Untracked 
|  81|0x000000070a200000, 0x000000070a400000, 0x000000070a400000|100%| O|  |TAMS 0x000000070a200000| PB 0x000000070a200000| Untracked 
|  82|0x000000070a400000, 0x000000070a600000, 0x000000070a600000|100%| O|  |TAMS 0x000000070a400000| PB 0x000000070a400000| Untracked 
|  83|0x000000070a600000, 0x000000070a800000, 0x000000070a800000|100%| O|  |TAMS 0x000000070a600000| PB 0x000000070a600000| Untracked 
|  84|0x000000070a800000, 0x000000070aa00000, 0x000000070aa00000|100%| O|  |TAMS 0x000000070a800000| PB 0x000000070a800000| Untracked 
|  85|0x000000070aa00000, 0x000000070ac00000, 0x000000070ac00000|100%|HS|  |TAMS 0x000000070aa00000| PB 0x000000070aa00000| Complete 
|  86|0x000000070ac00000, 0x000000070ae00000, 0x000000070ae00000|100%| O|  |TAMS 0x000000070ac00000| PB 0x000000070ac00000| Untracked 
|  87|0x000000070ae00000, 0x000000070ae00000, 0x000000070b000000|  0%| F|  |TAMS 0x000000070ae00000| PB 0x000000070ae00000| Untracked 
|  88|0x000000070b000000, 0x000000070b200000, 0x000000070b200000|100%| O|  |TAMS 0x000000070b000000| PB 0x000000070b000000| Untracked 
|  89|0x000000070b200000, 0x000000070b400000, 0x000000070b400000|100%| O|  |TAMS 0x000000070b200000| PB 0x000000070b200000| Untracked 
|  90|0x000000070b400000, 0x000000070b600000, 0x000000070b600000|100%| O|  |TAMS 0x000000070b400000| PB 0x000000070b400000| Untracked 
|  91|0x000000070b600000, 0x000000070b800000, 0x000000070b800000|100%| O|  |TAMS 0x000000070b600000| PB 0x000000070b600000| Untracked 
|  92|0x000000070b800000, 0x000000070ba00000, 0x000000070ba00000|100%| O|  |TAMS 0x000000070b800000| PB 0x000000070b800000| Untracked 
|  93|0x000000070ba00000, 0x000000070bc00000, 0x000000070bc00000|100%| O|  |TAMS 0x000000070ba00000| PB 0x000000070ba00000| Untracked 
|  94|0x000000070bc00000, 0x000000070be00000, 0x000000070be00000|100%| O|  |TAMS 0x000000070bc00000| PB 0x000000070bc00000| Untracked 
|  95|0x000000070be00000, 0x000000070c000000, 0x000000070c000000|100%| O|  |TAMS 0x000000070be00000| PB 0x000000070be00000| Untracked 
|  96|0x000000070c000000, 0x000000070c000000, 0x000000070c200000|  0%| F|  |TAMS 0x000000070c000000| PB 0x000000070c000000| Untracked 
|  97|0x000000070c200000, 0x000000070c400000, 0x000000070c400000|100%| O|  |TAMS 0x000000070c200000| PB 0x000000070c200000| Untracked 
|  98|0x000000070c400000, 0x000000070c600000, 0x000000070c600000|100%| O|  |TAMS 0x000000070c400000| PB 0x000000070c400000| Untracked 
|  99|0x000000070c600000, 0x000000070c800000, 0x000000070c800000|100%| O|  |TAMS 0x000000070c600000| PB 0x000000070c600000| Untracked 
| 100|0x000000070c800000, 0x000000070ca00000, 0x000000070ca00000|100%| O|  |TAMS 0x000000070c800000| PB 0x000000070c800000| Untracked 
| 101|0x000000070ca00000, 0x000000070cc00000, 0x000000070cc00000|100%| O|  |TAMS 0x000000070ca00000| PB 0x000000070ca00000| Untracked 
| 102|0x000000070cc00000, 0x000000070ce00000, 0x000000070ce00000|100%| O|  |TAMS 0x000000070cc00000| PB 0x000000070cc00000| Untracked 
| 103|0x000000070ce00000, 0x000000070ce00000, 0x000000070d000000|  0%| F|  |TAMS 0x000000070ce00000| PB 0x000000070ce00000| Untracked 
| 104|0x000000070d000000, 0x000000070d200000, 0x000000070d200000|100%| O|  |TAMS 0x000000070d000000| PB 0x000000070d000000| Untracked 
| 105|0x000000070d200000, 0x000000070d400000, 0x000000070d400000|100%| O|  |TAMS 0x000000070d200000| PB 0x000000070d200000| Untracked 
| 106|0x000000070d400000, 0x000000070d600000, 0x000000070d600000|100%| O|  |TAMS 0x000000070d400000| PB 0x000000070d400000| Untracked 
| 107|0x000000070d600000, 0x000000070d800000, 0x000000070d800000|100%| O|  |TAMS 0x000000070d600000| PB 0x000000070d600000| Untracked 
| 108|0x000000070d800000, 0x000000070da00000, 0x000000070da00000|100%| O|  |TAMS 0x000000070d800000| PB 0x000000070d800000| Untracked 
| 109|0x000000070da00000, 0x000000070dc00000, 0x000000070dc00000|100%| O|  |TAMS 0x000000070da00000| PB 0x000000070da00000| Untracked 
| 110|0x000000070dc00000, 0x000000070de00000, 0x000000070de00000|100%| O|  |TAMS 0x000000070dc00000| PB 0x000000070dc00000| Untracked 
| 111|0x000000070de00000, 0x000000070dfa6580, 0x000000070e000000| 82%| O|  |TAMS 0x000000070de00000| PB 0x000000070de00000| Untracked 
| 112|0x000000070e000000, 0x000000070e000000, 0x000000070e200000|  0%| F|  |TAMS 0x000000070e000000| PB 0x000000070e000000| Untracked 
| 113|0x000000070e200000, 0x000000070e200000, 0x000000070e400000|  0%| F|  |TAMS 0x000000070e200000| PB 0x000000070e200000| Untracked 
| 114|0x000000070e400000, 0x000000070e400000, 0x000000070e600000|  0%| F|  |TAMS 0x000000070e400000| PB 0x000000070e400000| Untracked 
| 115|0x000000070e600000, 0x000000070e600000, 0x000000070e800000|  0%| F|  |TAMS 0x000000070e600000| PB 0x000000070e600000| Untracked 
| 116|0x000000070e800000, 0x000000070e800000, 0x000000070ea00000|  0%| F|  |TAMS 0x000000070e800000| PB 0x000000070e800000| Untracked 
| 117|0x000000070ea00000, 0x000000070ea00000, 0x000000070ec00000|  0%| F|  |TAMS 0x000000070ea00000| PB 0x000000070ea00000| Untracked 
| 118|0x000000070ec00000, 0x000000070ec00000, 0x000000070ee00000|  0%| F|  |TAMS 0x000000070ec00000| PB 0x000000070ec00000| Untracked 
| 119|0x000000070ee00000, 0x000000070ee00000, 0x000000070f000000|  0%| F|  |TAMS 0x000000070ee00000| PB 0x000000070ee00000| Untracked 
| 120|0x000000070f000000, 0x000000070f000000, 0x000000070f200000|  0%| F|  |TAMS 0x000000070f000000| PB 0x000000070f000000| Untracked 
| 121|0x000000070f200000, 0x000000070f400000, 0x000000070f400000|100%| S|CS|TAMS 0x000000070f200000| PB 0x000000070f200000| Complete 
| 122|0x000000070f400000, 0x000000070f600000, 0x000000070f600000|100%| S|CS|TAMS 0x000000070f400000| PB 0x000000070f400000| Complete 
| 123|0x000000070f600000, 0x000000070f800000, 0x000000070f800000|100%| S|CS|TAMS 0x000000070f600000| PB 0x000000070f600000| Complete 
| 124|0x000000070f800000, 0x000000070fa00000, 0x000000070fa00000|100%| S|CS|TAMS 0x000000070f800000| PB 0x000000070f800000| Complete 
| 125|0x000000070fa00000, 0x000000070fc00000, 0x000000070fc00000|100%| S|CS|TAMS 0x000000070fa00000| PB 0x000000070fa00000| Complete 
| 126|0x000000070fc00000, 0x000000070fe00000, 0x000000070fe00000|100%| S|CS|TAMS 0x000000070fc00000| PB 0x000000070fc00000| Complete 
| 127|0x000000070fe00000, 0x000000070fe00000, 0x0000000710000000|  0%| F|  |TAMS 0x000000070fe00000| PB 0x000000070fe00000| Untracked 
| 128|0x0000000710000000, 0x0000000710000000, 0x0000000710200000|  0%| F|  |TAMS 0x0000000710000000| PB 0x0000000710000000| Untracked 
| 129|0x0000000710200000, 0x0000000710200000, 0x0000000710400000|  0%| F|  |TAMS 0x0000000710200000| PB 0x0000000710200000| Untracked 
| 130|0x0000000710400000, 0x0000000710400000, 0x0000000710600000|  0%| F|  |TAMS 0x0000000710400000| PB 0x0000000710400000| Untracked 
| 131|0x0000000710600000, 0x0000000710600000, 0x0000000710800000|  0%| F|  |TAMS 0x0000000710600000| PB 0x0000000710600000| Untracked 
| 132|0x0000000710800000, 0x0000000710800000, 0x0000000710a00000|  0%| F|  |TAMS 0x0000000710800000| PB 0x0000000710800000| Untracked 
| 133|0x0000000710a00000, 0x0000000710a00000, 0x0000000710c00000|  0%| F|  |TAMS 0x0000000710a00000| PB 0x0000000710a00000| Untracked 
| 134|0x0000000710c00000, 0x0000000710c00000, 0x0000000710e00000|  0%| F|  |TAMS 0x0000000710c00000| PB 0x0000000710c00000| Untracked 
| 135|0x0000000710e00000, 0x0000000710e00000, 0x0000000711000000|  0%| F|  |TAMS 0x0000000710e00000| PB 0x0000000710e00000| Untracked 
| 136|0x0000000711000000, 0x0000000711000000, 0x0000000711200000|  0%| F|  |TAMS 0x0000000711000000| PB 0x0000000711000000| Untracked 
| 137|0x0000000711200000, 0x0000000711200000, 0x0000000711400000|  0%| F|  |TAMS 0x0000000711200000| PB 0x0000000711200000| Untracked 
| 138|0x0000000711400000, 0x0000000711400000, 0x0000000711600000|  0%| F|  |TAMS 0x0000000711400000| PB 0x0000000711400000| Untracked 
| 139|0x0000000711600000, 0x0000000711600000, 0x0000000711800000|  0%| F|  |TAMS 0x0000000711600000| PB 0x0000000711600000| Untracked 
| 140|0x0000000711800000, 0x0000000711800000, 0x0000000711a00000|  0%| F|  |TAMS 0x0000000711800000| PB 0x0000000711800000| Untracked 
| 141|0x0000000711a00000, 0x0000000711a00000, 0x0000000711c00000|  0%| F|  |TAMS 0x0000000711a00000| PB 0x0000000711a00000| Untracked 
| 142|0x0000000711c00000, 0x0000000711c00000, 0x0000000711e00000|  0%| F|  |TAMS 0x0000000711c00000| PB 0x0000000711c00000| Untracked 
| 143|0x0000000711e00000, 0x0000000711e00000, 0x0000000712000000|  0%| F|  |TAMS 0x0000000711e00000| PB 0x0000000711e00000| Untracked 
| 144|0x0000000712000000, 0x0000000712000000, 0x0000000712200000|  0%| F|  |TAMS 0x0000000712000000| PB 0x0000000712000000| Untracked 
| 145|0x0000000712200000, 0x0000000712200000, 0x0000000712400000|  0%| F|  |TAMS 0x0000000712200000| PB 0x0000000712200000| Untracked 
| 146|0x0000000712400000, 0x0000000712400000, 0x0000000712600000|  0%| F|  |TAMS 0x0000000712400000| PB 0x0000000712400000| Untracked 
| 147|0x0000000712600000, 0x0000000712600000, 0x0000000712800000|  0%| F|  |TAMS 0x0000000712600000| PB 0x0000000712600000| Untracked 
| 148|0x0000000712800000, 0x0000000712800000, 0x0000000712a00000|  0%| F|  |TAMS 0x0000000712800000| PB 0x0000000712800000| Untracked 
| 149|0x0000000712a00000, 0x0000000712a00000, 0x0000000712c00000|  0%| F|  |TAMS 0x0000000712a00000| PB 0x0000000712a00000| Untracked 
| 150|0x0000000712c00000, 0x0000000712c00000, 0x0000000712e00000|  0%| F|  |TAMS 0x0000000712c00000| PB 0x0000000712c00000| Untracked 
| 151|0x0000000712e00000, 0x0000000712e00000, 0x0000000713000000|  0%| F|  |TAMS 0x0000000712e00000| PB 0x0000000712e00000| Untracked 
| 152|0x0000000713000000, 0x0000000713000000, 0x0000000713200000|  0%| F|  |TAMS 0x0000000713000000| PB 0x0000000713000000| Untracked 
| 153|0x0000000713200000, 0x0000000713200000, 0x0000000713400000|  0%| F|  |TAMS 0x0000000713200000| PB 0x0000000713200000| Untracked 
| 154|0x0000000713400000, 0x0000000713400000, 0x0000000713600000|  0%| F|  |TAMS 0x0000000713400000| PB 0x0000000713400000| Untracked 
| 155|0x0000000713600000, 0x0000000713600000, 0x0000000713800000|  0%| F|  |TAMS 0x0000000713600000| PB 0x0000000713600000| Untracked 
| 156|0x0000000713800000, 0x0000000713800000, 0x0000000713a00000|  0%| F|  |TAMS 0x0000000713800000| PB 0x0000000713800000| Untracked 
| 157|0x0000000713a00000, 0x0000000713a00000, 0x0000000713c00000|  0%| F|  |TAMS 0x0000000713a00000| PB 0x0000000713a00000| Untracked 
| 158|0x0000000713c00000, 0x0000000713c00000, 0x0000000713e00000|  0%| F|  |TAMS 0x0000000713c00000| PB 0x0000000713c00000| Untracked 
| 159|0x0000000713e00000, 0x0000000713e00000, 0x0000000714000000|  0%| F|  |TAMS 0x0000000713e00000| PB 0x0000000713e00000| Untracked 
| 160|0x0000000714000000, 0x0000000714000000, 0x0000000714200000|  0%| F|  |TAMS 0x0000000714000000| PB 0x0000000714000000| Untracked 
| 161|0x0000000714200000, 0x0000000714200000, 0x0000000714400000|  0%| F|  |TAMS 0x0000000714200000| PB 0x0000000714200000| Untracked 
| 162|0x0000000714400000, 0x0000000714400000, 0x0000000714600000|  0%| F|  |TAMS 0x0000000714400000| PB 0x0000000714400000| Untracked 
| 163|0x0000000714600000, 0x0000000714600000, 0x0000000714800000|  0%| F|  |TAMS 0x0000000714600000| PB 0x0000000714600000| Untracked 
| 164|0x0000000714800000, 0x0000000714800000, 0x0000000714a00000|  0%| F|  |TAMS 0x0000000714800000| PB 0x0000000714800000| Untracked 
| 165|0x0000000714a00000, 0x0000000714a00000, 0x0000000714c00000|  0%| F|  |TAMS 0x0000000714a00000| PB 0x0000000714a00000| Untracked 
| 166|0x0000000714c00000, 0x0000000714c00000, 0x0000000714e00000|  0%| F|  |TAMS 0x0000000714c00000| PB 0x0000000714c00000| Untracked 
| 167|0x0000000714e00000, 0x0000000714e00000, 0x0000000715000000|  0%| F|  |TAMS 0x0000000714e00000| PB 0x0000000714e00000| Untracked 
| 168|0x0000000715000000, 0x00000007150decd0, 0x0000000715200000| 43%| E|  |TAMS 0x0000000715000000| PB 0x0000000715000000| Complete 
| 169|0x0000000715200000, 0x0000000715400000, 0x0000000715400000|100%| E|CS|TAMS 0x0000000715200000| PB 0x0000000715200000| Complete 
| 170|0x0000000715400000, 0x0000000715600000, 0x0000000715600000|100%| E|CS|TAMS 0x0000000715400000| PB 0x0000000715400000| Complete 
| 171|0x0000000715600000, 0x0000000715800000, 0x0000000715800000|100%| E|CS|TAMS 0x0000000715600000| PB 0x0000000715600000| Complete 
| 172|0x0000000715800000, 0x0000000715a00000, 0x0000000715a00000|100%| E|CS|TAMS 0x0000000715800000| PB 0x0000000715800000| Complete 
| 173|0x0000000715a00000, 0x0000000715c00000, 0x0000000715c00000|100%| E|CS|TAMS 0x0000000715a00000| PB 0x0000000715a00000| Complete 
| 174|0x0000000715c00000, 0x0000000715e00000, 0x0000000715e00000|100%| E|CS|TAMS 0x0000000715c00000| PB 0x0000000715c00000| Complete 
| 175|0x0000000715e00000, 0x0000000716000000, 0x0000000716000000|100%| E|CS|TAMS 0x0000000715e00000| PB 0x0000000715e00000| Complete 
|2040|0x00000007ff000000, 0x00000007ff200000, 0x00000007ff200000|100%| O|  |TAMS 0x00000007ff000000| PB 0x00000007ff000000| Untracked 
|2041|0x00000007ff200000, 0x00000007ff400000, 0x00000007ff400000|100%| E|CS|TAMS 0x00000007ff200000| PB 0x00000007ff200000| Complete 
|2042|0x00000007ff400000, 0x00000007ff600000, 0x00000007ff600000|100%| E|CS|TAMS 0x00000007ff400000| PB 0x00000007ff400000| Complete 
|2043|0x00000007ff600000, 0x00000007ff800000, 0x00000007ff800000|100%| O|  |TAMS 0x00000007ff600000| PB 0x00000007ff600000| Untracked 
|2044|0x00000007ff800000, 0x00000007ffa00000, 0x00000007ffa00000|100%| E|CS|TAMS 0x00000007ff800000| PB 0x00000007ff800000| Complete 
|2045|0x00000007ffa00000, 0x00000007ffc00000, 0x00000007ffc00000|100%| E|CS|TAMS 0x00000007ffa00000| PB 0x00000007ffa00000| Complete 
|2046|0x00000007ffc00000, 0x00000007ffe00000, 0x00000007ffe00000|100%| E|CS|TAMS 0x00000007ffc00000| PB 0x00000007ffc00000| Complete 
|2047|0x00000007ffe00000, 0x0000000800000000, 0x0000000800000000|100%| O|  |TAMS 0x00000007ffe00000| PB 0x00000007ffe00000| Untracked 

Card table byte_map: [0x0000029f4b820000,0x0000029f4c020000] _byte_map_base: 0x0000029f48020000

Marking Bits: (CMBitMap*) 0x0000029f38e7b180
 Bits: [0x0000029f4c020000, 0x0000029f50020000)

Polling page: 0x0000029f36a80000

Metaspace:

Usage:
  Non-class:    101.81 MB used.
      Class:     16.74 MB used.
       Both:    118.55 MB used.

Virtual space:
  Non-class space:      128.00 MB reserved,     103.25 MB ( 81%) committed,  2 nodes.
      Class space:      832.00 MB reserved,      18.12 MB (  2%) committed,  1 nodes.
             Both:      960.00 MB reserved,     121.38 MB ( 13%) committed. 

Chunk freelists:
   Non-Class:  8.19 MB
       Class:  13.81 MB
        Both:  22.00 MB

MaxMetaspaceSize: 1.00 GB
CompressedClassSpaceSize: 832.00 MB
Initial GC threshold: 21.00 MB
Current GC threshold: 199.31 MB
CDS: on
 - commit_granule_bytes: 65536.
 - commit_granule_words: 8192.
 - virtual_space_node_default_size: 8388608.
 - enlarge_chunks_in_place: 1.
 - use_allocation_guard: 0.


Internal statistics:

num_allocs_failed_limit: 12.
num_arena_births: 4738.
num_arena_deaths: 34.
num_vsnodes_births: 3.
num_vsnodes_deaths: 0.
num_space_committed: 1942.
num_space_uncommitted: 0.
num_chunks_returned_to_freelist: 55.
num_chunks_taken_from_freelist: 10553.
num_chunk_merges: 12.
num_chunk_splits: 6791.
num_chunks_enlarged: 4209.
num_inconsistent_stats: 0.

CodeHeap 'non-profiled nmethods': size=120000Kb used=11387Kb max_used=11387Kb free=108612Kb
 bounds [0x0000029f43af0000, 0x0000029f44610000, 0x0000029f4b020000]
CodeHeap 'profiled nmethods': size=120000Kb used=29347Kb max_used=29347Kb free=90652Kb
 bounds [0x0000029f3c020000, 0x0000029f3dcd0000, 0x0000029f43550000]
CodeHeap 'non-nmethods': size=5760Kb used=2847Kb max_used=2932Kb free=2912Kb
 bounds [0x0000029f43550000, 0x0000029f43840000, 0x0000029f43af0000]
CodeCache: size=245760Kb, used=43581Kb, max_used=43666Kb, free=202176Kb
 total_blobs=16462, nmethods=15372, adapters=992, full_count=0
Compilation: enabled, stopped_count=0, restarted_count=0

Compilation events (20 events):
Event: 209.283 Thread 0x0000029f52516220 19435       3       org.gradle.api.internal.artifacts.ivyservice.resolveengine.result.IvyArtifactNameSerializer::read (44 bytes)
Event: 209.284 Thread 0x0000029f52516220 nmethod 19435 0x0000029f3dcbf210 code [0x0000029f3dcbf420, 0x0000029f3dcbfb58]
Event: 209.287 Thread 0x0000029f52516220 19436       3       org.gradle.api.internal.artifacts.ivyservice.resolveengine.excludes.factories.OptimizingExcludeFactory::anyOf (12 bytes)
Event: 209.288 Thread 0x0000029f52516220 nmethod 19436 0x0000029f3dcbfd90 code [0x0000029f3dcbffa0, 0x0000029f3dcc0588]
Event: 209.288 Thread 0x0000029f52516220 19437       3       org.gradle.api.internal.artifacts.ivyservice.resolveengine.excludes.factories.OptimizingExcludeFactory$$Lambda/0x0000029f019dbd60::<init> (10 bytes)
Event: 209.289 Thread 0x0000029f52516220 nmethod 19437 0x0000029f3dcc0790 code [0x0000029f3dcc0940, 0x0000029f3dcc0b00]
Event: 209.291 Thread 0x0000029f52516220 19438       3       org.gradle.api.internal.artifacts.ivyservice.resolveengine.graph.builder.EdgeState::computeExclusionsWhenExcludesPresent (28 bytes)
Event: 209.291 Thread 0x0000029f52516220 nmethod 19438 0x0000029f3dcc0b90 code [0x0000029f3dcc0d60, 0x0000029f3dcc1090]
Event: 209.291 Thread 0x0000029f52516220 19439       3       org.gradle.api.internal.artifacts.ivyservice.resolveengine.excludes.factories.OptimizingExcludeFactory$$Lambda/0x0000029f019dbd60::apply (12 bytes)
Event: 209.291 Thread 0x0000029f52516220 nmethod 19439 0x0000029f3dcc1210 code [0x0000029f3dcc13c0, 0x0000029f3dcc1618]
Event: 209.297 Thread 0x0000029f52516220 19440       1       org.gradle.api.internal.artifacts.ivyservice.ResolutionParameters::getDefaultSortOrder (5 bytes)
Event: 209.297 Thread 0x0000029f52516220 nmethod 19440 0x0000029f4460e990 code [0x0000029f4460eb20, 0x0000029f4460ebf0]
Event: 209.299 Thread 0x0000029f52516220 19441       3       org.gradle.internal.component.external.model.UrlBackedArtifactMetadata::getBuildDependencies (4 bytes)
Event: 209.299 Thread 0x0000029f52516220 nmethod 19441 0x0000029f3dcc1710 code [0x0000029f3dcc18a0, 0x0000029f3dcc19b8]
Event: 209.356 Thread 0x0000029f52516220 19442       3       java.util.BitSet::or (105 bytes)
Event: 209.357 Thread 0x0000029f52516220 nmethod 19442 0x0000029f3dcc1a90 code [0x0000029f3dcc1ca0, 0x0000029f3dcc21a0]
Event: 209.360 Thread 0x0000029f52516220 19443       3       org.gradle.api.internal.artifacts.transform.ConsumerProvidedVariantFinder::doFindTransformedVariants (450 bytes)
Event: 209.365 Thread 0x0000029f52516220 nmethod 19443 0x0000029f3dcc2390 code [0x0000029f3dcc29e0, 0x0000029f3dcc68d0]
Event: 209.381 Thread 0x0000029f52516220 19444       3       java.util.ComparableTimSort::mergeAt (356 bytes)
Event: 209.382 Thread 0x0000029f52516220 nmethod 19444 0x0000029f3dcc8090 code [0x0000029f3dcc82e0, 0x0000029f3dcc8b00]

GC Heap History (20 events):
Event: 83.058 GC heap before
{Heap before GC invocations=58 (full 0):
 garbage-first heap   total 276480K, used 244084K [0x0000000700000000, 0x0000000800000000)
  region size 2048K, 36 young (73728K), 5 survivors (10240K)
 Metaspace       used 118651K, committed 121408K, reserved 983040K
  class space    used 16808K, committed 18176K, reserved 851968K
}
Event: 83.077 GC heap after
{Heap after GC invocations=59 (full 0):
 garbage-first heap   total 276480K, used 185133K [0x0000000700000000, 0x0000000800000000)
  region size 2048K, 3 young (6144K), 3 survivors (6144K)
 Metaspace       used 118651K, committed 121408K, reserved 983040K
  class space    used 16808K, committed 18176K, reserved 851968K
}
Event: 85.386 GC heap before
{Heap before GC invocations=59 (full 0):
 garbage-first heap   total 276480K, used 246573K [0x0000000700000000, 0x0000000800000000)
  region size 2048K, 34 young (69632K), 3 survivors (6144K)
 Metaspace       used 118653K, committed 121408K, reserved 983040K
  class space    used 16808K, committed 18176K, reserved 851968K
}
Event: 85.394 GC heap after
{Heap after GC invocations=60 (full 0):
 garbage-first heap   total 276480K, used 185761K [0x0000000700000000, 0x0000000800000000)
  region size 2048K, 3 young (6144K), 3 survivors (6144K)
 Metaspace       used 118653K, committed 121408K, reserved 983040K
  class space    used 16808K, committed 18176K, reserved 851968K
}
Event: 96.842 GC heap before
{Heap before GC invocations=61 (full 0):
 garbage-first heap   total 311296K, used 251297K [0x0000000700000000, 0x0000000800000000)
  region size 2048K, 35 young (71680K), 3 survivors (6144K)
 Metaspace       used 118934K, committed 121664K, reserved 983040K
  class space    used 16843K, committed 18176K, reserved 851968K
}
Event: 96.861 GC heap after
{Heap after GC invocations=62 (full 0):
 garbage-first heap   total 311296K, used 198908K [0x0000000700000000, 0x0000000800000000)
  region size 2048K, 5 young (10240K), 5 survivors (10240K)
 Metaspace       used 118934K, committed 121664K, reserved 983040K
  class space    used 16843K, committed 18176K, reserved 851968K
}
Event: 100.119 GC heap before
{Heap before GC invocations=62 (full 0):
 garbage-first heap   total 311296K, used 276732K [0x0000000700000000, 0x0000000800000000)
  region size 2048K, 44 young (90112K), 5 survivors (10240K)
 Metaspace       used 118969K, committed 121792K, reserved 983040K
  class space    used 16843K, committed 18176K, reserved 851968K
}
Event: 100.139 GC heap after
{Heap after GC invocations=63 (full 0):
 garbage-first heap   total 311296K, used 201682K [0x0000000700000000, 0x0000000800000000)
  region size 2048K, 3 young (6144K), 3 survivors (6144K)
 Metaspace       used 118969K, committed 121792K, reserved 983040K
  class space    used 16843K, committed 18176K, reserved 851968K
}
Event: 103.103 GC heap before
{Heap before GC invocations=63 (full 0):
 garbage-first heap   total 311296K, used 279506K [0x0000000700000000, 0x0000000800000000)
  region size 2048K, 42 young (86016K), 3 survivors (6144K)
 Metaspace       used 118970K, committed 121792K, reserved 983040K
  class space    used 16843K, committed 18176K, reserved 851968K
}
Event: 103.114 GC heap after
{Heap after GC invocations=64 (full 0):
 garbage-first heap   total 311296K, used 202860K [0x0000000700000000, 0x0000000800000000)
  region size 2048K, 4 young (8192K), 4 survivors (8192K)
 Metaspace       used 118970K, committed 121792K, reserved 983040K
  class space    used 16843K, committed 18176K, reserved 851968K
}
Event: 115.957 GC heap before
{Heap before GC invocations=65 (full 0):
 garbage-first heap   total 342016K, used 282732K [0x0000000700000000, 0x0000000800000000)
  region size 2048K, 44 young (90112K), 4 survivors (8192K)
 Metaspace       used 119412K, committed 122176K, reserved 983040K
  class space    used 16898K, committed 18240K, reserved 851968K
}
Event: 115.980 GC heap after
{Heap after GC invocations=66 (full 0):
 garbage-first heap   total 342016K, used 215933K [0x0000000700000000, 0x0000000800000000)
  region size 2048K, 6 young (12288K), 6 survivors (12288K)
 Metaspace       used 119412K, committed 122176K, reserved 983040K
  class space    used 16898K, committed 18240K, reserved 851968K
}
Event: 120.670 GC heap before
{Heap before GC invocations=66 (full 0):
 garbage-first heap   total 342016K, used 306045K [0x0000000700000000, 0x0000000800000000)
  region size 2048K, 51 young (104448K), 6 survivors (12288K)
 Metaspace       used 119413K, committed 122176K, reserved 983040K
  class space    used 16898K, committed 18240K, reserved 851968K
}
Event: 120.694 GC heap after
{Heap after GC invocations=67 (full 0):
 garbage-first heap   total 342016K, used 217430K [0x0000000700000000, 0x0000000800000000)
  region size 2048K, 3 young (6144K), 3 survivors (6144K)
 Metaspace       used 119413K, committed 122176K, reserved 983040K
  class space    used 16898K, committed 18240K, reserved 851968K
}
Event: 129.408 GC heap before
{Heap before GC invocations=67 (full 0):
 garbage-first heap   total 342016K, used 309590K [0x0000000700000000, 0x0000000800000000)
  region size 2048K, 49 young (100352K), 3 survivors (6144K)
 Metaspace       used 119554K, committed 122432K, reserved 983040K
  class space    used 16914K, committed 18304K, reserved 851968K
}
Event: 129.420 GC heap after
{Heap after GC invocations=68 (full 0):
 garbage-first heap   total 342016K, used 224714K [0x0000000700000000, 0x0000000800000000)
  region size 2048K, 6 young (12288K), 6 survivors (12288K)
 Metaspace       used 119554K, committed 122432K, reserved 983040K
  class space    used 16914K, committed 18304K, reserved 851968K
}
Event: 205.735 GC heap before
{Heap before GC invocations=69 (full 0):
 garbage-first heap   total 376832K, used 312778K [0x0000000700000000, 0x0000000800000000)
  region size 2048K, 49 young (100352K), 6 survivors (12288K)
 Metaspace       used 120885K, committed 123776K, reserved 983040K
  class space    used 17136K, committed 18496K, reserved 851968K
}
Event: 205.832 GC heap after
{Heap after GC invocations=70 (full 0):
 garbage-first heap   total 376832K, used 231418K [0x0000000700000000, 0x0000000800000000)
  region size 2048K, 5 young (10240K), 5 survivors (10240K)
 Metaspace       used 120885K, committed 123776K, reserved 983040K
  class space    used 17136K, committed 18496K, reserved 851968K
}
Event: 208.852 GC heap before
{Heap before GC invocations=70 (full 0):
 garbage-first heap   total 376832K, used 331770K [0x0000000700000000, 0x0000000800000000)
  region size 2048K, 54 young (110592K), 5 survivors (10240K)
 Metaspace       used 121337K, committed 124224K, reserved 983040K
  class space    used 17139K, committed 18496K, reserved 851968K
}
Event: 208.920 GC heap after
{Heap after GC invocations=71 (full 0):
 garbage-first heap   total 376832K, used 239257K [0x0000000700000000, 0x0000000800000000)
  region size 2048K, 6 young (12288K), 6 survivors (12288K)
 Metaspace       used 121337K, committed 124224K, reserved 983040K
  class space    used 17139K, committed 18496K, reserved 851968K
}

Dll operation events (14 events):
Event: 0.011 Loaded shared library C:\Users\LENOVO\.antigravity-ide\extensions\redhat.java-1.54.0-win32-x64\jre\21.0.10-win32-x86_64\bin\java.dll
Event: 0.093 Loaded shared library C:\Users\LENOVO\.antigravity-ide\extensions\redhat.java-1.54.0-win32-x64\jre\21.0.10-win32-x86_64\bin\zip.dll
Event: 0.127 Loaded shared library C:\Users\LENOVO\.antigravity-ide\extensions\redhat.java-1.54.0-win32-x64\jre\21.0.10-win32-x86_64\bin\instrument.dll
Event: 0.133 Loaded shared library C:\Users\LENOVO\.antigravity-ide\extensions\redhat.java-1.54.0-win32-x64\jre\21.0.10-win32-x86_64\bin\net.dll
Event: 0.136 Loaded shared library C:\Users\LENOVO\.antigravity-ide\extensions\redhat.java-1.54.0-win32-x64\jre\21.0.10-win32-x86_64\bin\nio.dll
Event: 0.141 Loaded shared library C:\Users\LENOVO\.antigravity-ide\extensions\redhat.java-1.54.0-win32-x64\jre\21.0.10-win32-x86_64\bin\zip.dll
Event: 0.693 Loaded shared library C:\Users\LENOVO\.antigravity-ide\extensions\redhat.java-1.54.0-win32-x64\jre\21.0.10-win32-x86_64\bin\jimage.dll
Event: 1.010 Loaded shared library C:\Users\LENOVO\.antigravity-ide\extensions\redhat.java-1.54.0-win32-x64\jre\21.0.10-win32-x86_64\bin\verify.dll
Event: 1.180 Loaded shared library C:\Users\LENOVO\.gradle\native\1def1411415f61bf3af743bc5b6707747c0891f09f0c88961ee8f79bc544acac\windows-amd64\native-platform.dll
Event: 1.309 Loaded shared library C:\Users\LENOVO\.gradle\native\0.2.7\x86_64-windows-gnu\gradle-fileevents.dll
Event: 3.316 Loaded shared library C:\Users\LENOVO\.antigravity-ide\extensions\redhat.java-1.54.0-win32-x64\jre\21.0.10-win32-x86_64\bin\management.dll
Event: 3.321 Loaded shared library C:\Users\LENOVO\.antigravity-ide\extensions\redhat.java-1.54.0-win32-x64\jre\21.0.10-win32-x86_64\bin\management_ext.dll
Event: 3.548 Loaded shared library C:\Users\LENOVO\.antigravity-ide\extensions\redhat.java-1.54.0-win32-x64\jre\21.0.10-win32-x86_64\bin\extnet.dll
Event: 3.963 Loaded shared library C:\Users\LENOVO\.antigravity-ide\extensions\redhat.java-1.54.0-win32-x64\jre\21.0.10-win32-x86_64\bin\sunmscapi.dll

Deoptimization events (20 events):
Event: 208.747 Thread 0x0000029f64aeb360 Uncommon trap: trap_request=0xffffffde fr.pc=0x0000029f445f05f4 relative=0x0000000000001154
Event: 208.747 Thread 0x0000029f64aeb360 Uncommon trap: reason=class_check action=maybe_recompile pc=0x0000029f445f05f4 method=org.gradle.internal.snapshot.impl.AbstractValueProcessor.processValue(Ljava/lang/Object;Lorg/gradle/internal/snapshot/impl/AbstractValueProcessor$ValueVisitor;)Ljava/lan
Event: 208.747 Thread 0x0000029f64aeb360 DEOPT PACKING pc=0x0000029f445f05f4 sp=0x000000a1c91f54c0
Event: 208.747 Thread 0x0000029f64aeb360 DEOPT UNPACKING pc=0x0000029f435a4422 sp=0x000000a1c91f5490 mode 2
Event: 208.990 Thread 0x0000029f64aeb360 Uncommon trap: trap_request=0xffffffde fr.pc=0x0000029f443ab044 relative=0x0000000000009084
Event: 208.990 Thread 0x0000029f64aeb360 Uncommon trap: reason=class_check action=maybe_recompile pc=0x0000029f443ab044 method=org.codehaus.groovy.runtime.metaclass.ClosureMetaClass.invokeMethod(Ljava/lang/Class;Ljava/lang/Object;Ljava/lang/String;[Ljava/lang/Object;ZZ)Ljava/lang/Object; @ 599 c
Event: 208.990 Thread 0x0000029f64aeb360 DEOPT PACKING pc=0x0000029f443ab044 sp=0x000000a1c91f3be0
Event: 208.990 Thread 0x0000029f64aeb360 DEOPT UNPACKING pc=0x0000029f435a4422 sp=0x000000a1c91f3c50 mode 2
Event: 208.990 Thread 0x0000029f64aeb360 Uncommon trap: trap_request=0xffffff45 fr.pc=0x0000029f443a850c relative=0x000000000000654c
Event: 208.990 Thread 0x0000029f64aeb360 Uncommon trap: reason=unstable_if action=reinterpret pc=0x0000029f443a850c method=org.codehaus.groovy.runtime.metaclass.ClosureMetaClass.invokeMethod(Ljava/lang/Class;Ljava/lang/Object;Ljava/lang/String;[Ljava/lang/Object;ZZ)Ljava/lang/Object; @ 274 c2
Event: 208.990 Thread 0x0000029f64aeb360 DEOPT PACKING pc=0x0000029f443a850c sp=0x000000a1c91f3160
Event: 208.990 Thread 0x0000029f64aeb360 DEOPT UNPACKING pc=0x0000029f435a4422 sp=0x000000a1c91f31d0 mode 2
Event: 208.990 Thread 0x0000029f64aeb360 Uncommon trap: trap_request=0xffffffbe fr.pc=0x0000029f444130b4 relative=0x0000000000001c94
Event: 208.990 Thread 0x0000029f64aeb360 Uncommon trap: reason=profile_predicate action=maybe_recompile pc=0x0000029f444130b4 method=org.codehaus.groovy.reflection.ParameterTypes.makeCommonArray([Ljava/lang/Object;ILjava/lang/Class;)Ljava/lang/Object; @ 19 c2
Event: 208.990 Thread 0x0000029f64aeb360 DEOPT PACKING pc=0x0000029f444130b4 sp=0x000000a1c91f3080
Event: 208.991 Thread 0x0000029f64aeb360 DEOPT UNPACKING pc=0x0000029f435a4422 sp=0x000000a1c91f2fa0 mode 2
Event: 209.118 Thread 0x0000029f64aeb360 Uncommon trap: trap_request=0xffffff45 fr.pc=0x0000029f444008cc relative=0x0000000000001a2c
Event: 209.118 Thread 0x0000029f64aeb360 Uncommon trap: reason=unstable_if action=reinterpret pc=0x0000029f444008cc method=org.gradle.internal.metaobject.BeanDynamicObject$MetaClassAdapter.lookupProperty(Lgroovy/lang/MetaClass;Ljava/lang/String;)Lgroovy/lang/MetaProperty; @ 34 c2
Event: 209.118 Thread 0x0000029f64aeb360 DEOPT PACKING pc=0x0000029f444008cc sp=0x000000a1c91f7420
Event: 209.118 Thread 0x0000029f64aeb360 DEOPT UNPACKING pc=0x0000029f435a4422 sp=0x000000a1c91f7318 mode 2

Classes loaded (20 events):
Event: 131.162 Loading class java/util/HashSetCustomizer
Event: 131.162 Loading class java/util/HashSetCustomizer done
Event: 131.172 Loading class java/util/LinkedHashSetCustomizer
Event: 131.172 Loading class java/util/LinkedHashSetCustomizer done
Event: 131.175 Loading class java/util/LinkedHashSetCustomizer
Event: 131.175 Loading class java/util/LinkedHashSetCustomizer done
Event: 131.453 Loading class sun/reflect/misc/MethodUtil
Event: 131.454 Loading class sun/reflect/misc/MethodUtil done
Event: 131.454 Loading class sun/reflect/misc/MethodUtil$1
Event: 131.454 Loading class sun/reflect/misc/MethodUtil$1 done
Event: 132.745 Loading class java/nio/file/StandardCopyOption
Event: 132.745 Loading class java/nio/file/StandardCopyOption done
Event: 132.745 Loading class sun/nio/fs/WindowsFileCopy
Event: 132.746 Loading class sun/nio/fs/WindowsFileCopy done
Event: 132.962 Loading class java/time/Instant$1
Event: 132.962 Loading class java/time/Instant$1 done
Event: 133.030 Loading class java/util/concurrent/CompletableFuture$AsyncRun
Event: 133.036 Loading class java/util/concurrent/CompletableFuture$AsyncRun done
Event: 205.291 Loading class jdk/internal/math/FormattedFPDecimal
Event: 205.293 Loading class jdk/internal/math/FormattedFPDecimal done

Classes unloaded (17 events):
Event: 38.601 Thread 0x0000029f524e7530 Unloading class 0x0000029f01cacc00 'java/lang/invoke/LambdaForm$MH+0x0000029f01cacc00'
Event: 38.601 Thread 0x0000029f524e7530 Unloading class 0x0000029f01cac400 'java/lang/invoke/LambdaForm$MH+0x0000029f01cac400'
Event: 38.601 Thread 0x0000029f524e7530 Unloading class 0x0000029f01cab800 'java/lang/invoke/LambdaForm$MH+0x0000029f01cab800'
Event: 38.601 Thread 0x0000029f524e7530 Unloading class 0x0000029f01cab000 'java/lang/invoke/LambdaForm$MH+0x0000029f01cab000'
Event: 38.601 Thread 0x0000029f524e7530 Unloading class 0x0000029f01caa800 'java/lang/invoke/LambdaForm$MH+0x0000029f01caa800'
Event: 38.601 Thread 0x0000029f524e7530 Unloading class 0x0000029f01caa000 'java/lang/invoke/LambdaForm$MH+0x0000029f01caa000'
Event: 38.601 Thread 0x0000029f524e7530 Unloading class 0x0000029f01ca9800 'java/lang/invoke/LambdaForm$MH+0x0000029f01ca9800'
Event: 38.601 Thread 0x0000029f524e7530 Unloading class 0x0000029f01ca8c00 'java/lang/invoke/LambdaForm$MH+0x0000029f01ca8c00'
Event: 38.601 Thread 0x0000029f524e7530 Unloading class 0x0000029f01ca8400 'java/lang/invoke/LambdaForm$MH+0x0000029f01ca8400'
Event: 38.601 Thread 0x0000029f524e7530 Unloading class 0x0000029f01ca7800 'java/lang/invoke/LambdaForm$MH+0x0000029f01ca7800'
Event: 38.601 Thread 0x0000029f524e7530 Unloading class 0x0000029f01ca7000 'java/lang/invoke/LambdaForm$MH+0x0000029f01ca7000'
Event: 38.601 Thread 0x0000029f524e7530 Unloading class 0x0000029f01ca6800 'java/lang/invoke/LambdaForm$MH+0x0000029f01ca6800'
Event: 38.601 Thread 0x0000029f524e7530 Unloading class 0x0000029f01ca6400 'java/lang/invoke/LambdaForm$MH+0x0000029f01ca6400'
Event: 38.601 Thread 0x0000029f524e7530 Unloading class 0x0000029f01ca5800 'java/lang/invoke/LambdaForm$MH+0x0000029f01ca5800'
Event: 38.601 Thread 0x0000029f524e7530 Unloading class 0x0000029f01ca5000 'java/lang/invoke/LambdaForm$MH+0x0000029f01ca5000'
Event: 38.601 Thread 0x0000029f524e7530 Unloading class 0x0000029f01ca4800 'java/lang/invoke/LambdaForm$MH+0x0000029f01ca4800'
Event: 38.601 Thread 0x0000029f524e7530 Unloading class 0x0000029f01ca4400 'java/lang/invoke/LambdaForm$DMH+0x0000029f01ca4400'

Classes redefined (0 events):
No events

Internal exceptions (20 events):
Event: 205.574 Thread 0x0000029f64aeb360 Exception <a 'sun/nio/fs/WindowsException'{0x0000000712450018}> (0x0000000712450018) 
thrown [s\src\hotspot\share\prims\jni.cpp, line 520]
Event: 205.575 Thread 0x0000029f64aeb360 Exception <a 'sun/nio/fs/WindowsException'{0x0000000712451c08}> (0x0000000712451c08) 
thrown [s\src\hotspot\share\prims\jni.cpp, line 520]
Event: 205.575 Thread 0x0000029f64aeb360 Exception <a 'sun/nio/fs/WindowsException'{0x00000007124534b8}> (0x00000007124534b8) 
thrown [s\src\hotspot\share\prims\jni.cpp, line 520]
Event: 205.939 Thread 0x0000029f64aeb360 Exception <a 'sun/nio/fs/WindowsException'{0x00000007ff9dae58}> (0x00000007ff9dae58) 
thrown [s\src\hotspot\share\prims\jni.cpp, line 520]
Event: 205.940 Thread 0x0000029f64aeb360 Exception <a 'sun/nio/fs/WindowsException'{0x00000007ff9dc948}> (0x00000007ff9dc948) 
thrown [s\src\hotspot\share\prims\jni.cpp, line 520]
Event: 205.940 Thread 0x0000029f64aeb360 Exception <a 'sun/nio/fs/WindowsException'{0x00000007ff9df0f8}> (0x00000007ff9df0f8) 
thrown [s\src\hotspot\share\prims\jni.cpp, line 520]
Event: 207.073 Thread 0x0000029f58f19e90 Exception <a 'sun/nio/fs/WindowsException'{0x00000007145fb9d0}> (0x00000007145fb9d0) 
thrown [s\src\hotspot\share\prims\jni.cpp, line 520]
Event: 207.074 Thread 0x0000029f58f19e90 Exception <a 'sun/nio/fs/WindowsException'{0x00000007145fda10}> (0x00000007145fda10) 
thrown [s\src\hotspot\share\prims\jni.cpp, line 520]
Event: 207.074 Thread 0x0000029f58f19e90 Exception <a 'sun/nio/fs/WindowsException'{0x00000007145ff990}> (0x00000007145ff990) 
thrown [s\src\hotspot\share\prims\jni.cpp, line 520]
Event: 207.075 Thread 0x0000029f58f19e90 Exception <a 'sun/nio/fs/WindowsException'{0x0000000714201818}> (0x0000000714201818) 
thrown [s\src\hotspot\share\prims\jni.cpp, line 520]
Event: 207.077 Thread 0x0000029f58f19e90 Exception <a 'sun/nio/fs/WindowsException'{0x000000071420aff8}> (0x000000071420aff8) 
thrown [s\src\hotspot\share\prims\jni.cpp, line 520]
Event: 207.217 Thread 0x0000029f58f1fa70 Exception <a 'sun/nio/fs/WindowsException'{0x00000007147075f8}> (0x00000007147075f8) 
thrown [s\src\hotspot\share\prims\jni.cpp, line 520]
Event: 207.218 Thread 0x0000029f58f1fa70 Exception <a 'sun/nio/fs/WindowsException'{0x00000007147096d0}> (0x00000007147096d0) 
thrown [s\src\hotspot\share\prims\jni.cpp, line 520]
Event: 207.218 Thread 0x0000029f58f1fa70 Exception <a 'sun/nio/fs/WindowsException'{0x000000071470b6e8}> (0x000000071470b6e8) 
thrown [s\src\hotspot\share\prims\jni.cpp, line 520]
Event: 207.218 Thread 0x0000029f58f1fa70 Exception <a 'sun/nio/fs/WindowsException'{0x000000071470d398}> (0x000000071470d398) 
thrown [s\src\hotspot\share\prims\jni.cpp, line 520]
Event: 207.989 Thread 0x0000029f58f1f3e0 Exception <a 'sun/nio/fs/WindowsException'{0x0000000712ee6b80}> (0x0000000712ee6b80) 
thrown [s\src\hotspot\share\prims\jni.cpp, line 520]
Event: 207.990 Thread 0x0000029f58f1f3e0 Exception <a 'sun/nio/fs/WindowsException'{0x0000000712ef6ac0}> (0x0000000712ef6ac0) 
thrown [s\src\hotspot\share\prims\jni.cpp, line 520]
Event: 207.990 Thread 0x0000029f58f1f3e0 Exception <a 'sun/nio/fs/WindowsException'{0x0000000712ef8e88}> (0x0000000712ef8e88) 
thrown [s\src\hotspot\share\prims\jni.cpp, line 520]
Event: 207.990 Thread 0x0000029f58f1f3e0 Exception <a 'sun/nio/fs/WindowsException'{0x0000000712efae88}> (0x0000000712efae88) 
thrown [s\src\hotspot\share\prims\jni.cpp, line 520]
Event: 208.507 Thread 0x0000029f64aeb360 Implicit null exception at 0x0000029f445b14ed to 0x0000029f445b15bc

ZGC Phase Switch (0 events):
No events

VM Operations (20 events):
Event: 184.491 Executing safepoint VM operation: Cleanup
Event: 184.491 Executing safepoint VM operation: Cleanup done
Event: 186.510 Executing safepoint VM operation: Cleanup
Event: 186.510 Executing safepoint VM operation: Cleanup done
Event: 191.544 Executing safepoint VM operation: Cleanup
Event: 191.544 Executing safepoint VM operation: Cleanup done
Event: 205.695 Executing safepoint VM operation: Cleanup
Event: 205.696 Executing safepoint VM operation: Cleanup done
Event: 205.735 Executing safepoint VM operation: G1CollectForAllocation (G1 Evacuation Pause)
Event: 205.832 Executing safepoint VM operation: G1CollectForAllocation (G1 Evacuation Pause) done
Event: 206.554 Executing safepoint VM operation: ICBufferFull
Event: 206.555 Executing safepoint VM operation: ICBufferFull done
Event: 206.938 Executing safepoint VM operation: ICBufferFull
Event: 206.939 Executing safepoint VM operation: ICBufferFull done
Event: 207.621 Executing safepoint VM operation: ICBufferFull
Event: 207.621 Executing safepoint VM operation: ICBufferFull done
Event: 208.461 Executing safepoint VM operation: ICBufferFull
Event: 208.461 Executing safepoint VM operation: ICBufferFull done
Event: 208.852 Executing safepoint VM operation: G1CollectForAllocation (G1 Evacuation Pause)
Event: 208.920 Executing safepoint VM operation: G1CollectForAllocation (G1 Evacuation Pause) done

Memory protections (0 events):
No events

Nmethod flushes (20 events):
Event: 130.026 Thread 0x0000029f524e7530 flushing  nmethod 0x0000029f3cc12f90
Event: 130.026 Thread 0x0000029f524e7530 flushing  nmethod 0x0000029f3cc7a510
Event: 130.026 Thread 0x0000029f524e7530 flushing  nmethod 0x0000029f3ce9e310
Event: 130.026 Thread 0x0000029f524e7530 flushing  nmethod 0x0000029f3d076410
Event: 130.026 Thread 0x0000029f524e7530 flushing  nmethod 0x0000029f3d079e90
Event: 130.026 Thread 0x0000029f524e7530 flushing  nmethod 0x0000029f3d09c810
Event: 130.026 Thread 0x0000029f524e7530 flushing  nmethod 0x0000029f3d0d7990
Event: 130.026 Thread 0x0000029f524e7530 flushing  nmethod 0x0000029f3d13a310
Event: 130.026 Thread 0x0000029f524e7530 flushing  nmethod 0x0000029f3d13d810
Event: 130.026 Thread 0x0000029f524e7530 flushing  nmethod 0x0000029f3d177190
Event: 130.026 Thread 0x0000029f524e7530 flushing  nmethod 0x0000029f3d1fb110
Event: 130.026 Thread 0x0000029f524e7530 flushing  nmethod 0x0000029f3d2fff90
Event: 130.026 Thread 0x0000029f524e7530 flushing  nmethod 0x0000029f3d302f90
Event: 130.026 Thread 0x0000029f524e7530 flushing  nmethod 0x0000029f3d303e10
Event: 130.026 Thread 0x0000029f524e7530 flushing  nmethod 0x0000029f3d3a4910
Event: 130.026 Thread 0x0000029f524e7530 flushing  nmethod 0x0000029f3d520590
Event: 130.026 Thread 0x0000029f524e7530 flushing  nmethod 0x0000029f3d521110
Event: 130.026 Thread 0x0000029f524e7530 flushing  nmethod 0x0000029f3d7dbf10
Event: 130.026 Thread 0x0000029f524e7530 flushing  nmethod 0x0000029f3d7dc510
Event: 130.026 Thread 0x0000029f524e7530 flushing  nmethod 0x0000029f3d977210

Events (20 events):
Event: 207.264 Thread 0x0000029f64aeb360 Thread added: 0x0000029f59707070
Event: 207.265 Thread 0x0000029f64aeb360 Thread added: 0x0000029f59705630
Event: 207.265 Thread 0x0000029f64aeb360 Thread added: 0x0000029f59705cc0
Event: 207.896 Thread 0x0000029f58f1f3e0 Thread added: 0x0000029f59706350
Event: 207.896 Thread 0x0000029f58f1f3e0 Thread added: 0x0000029f597000e0
Event: 207.896 Thread 0x0000029f58f1f3e0 Thread added: 0x0000029f5b9e8180
Event: 208.026 Thread 0x0000029f64aeb360 Thread added: 0x0000029f5b9ea8e0
Event: 208.027 Thread 0x0000029f64aeb360 Thread added: 0x0000029f5b9e5390
Event: 208.027 Thread 0x0000029f64aeb360 Thread added: 0x0000029f5b9e8810
Event: 208.098 Thread 0x0000029f64aeb360 Thread added: 0x0000029f5b9e6740
Event: 208.099 Thread 0x0000029f64aeb360 Thread added: 0x0000029f5b9e4d00
Event: 208.102 Thread 0x0000029f64aeb360 Thread added: 0x0000029f5b9e5a20
Event: 208.282 Thread 0x0000029f64aeb360 Thread added: 0x0000029f5b9e6dd0
Event: 208.372 Thread 0x0000029f64aeb360 Thread added: 0x0000029f5b9e60b0
Event: 209.301 Thread 0x0000029f64aeb360 Thread added: 0x0000029f5b9e9530
Event: 209.301 Thread 0x0000029f64aeb360 Thread added: 0x0000029f5b9eaf70
Event: 209.301 Thread 0x0000029f64aeb360 Thread added: 0x0000029f5b9e3fe0
Event: 209.383 Thread 0x0000029f64aeb360 Thread added: 0x0000029f5b9eb600
Event: 209.384 Thread 0x0000029f64aeb360 Thread added: 0x0000029f5b9e7af0
Event: 209.385 Thread 0x0000029f64aeb360 Thread added: 0x0000029f5b3619f0


Dynamic libraries:
0x00007ff62f3d0000 - 0x00007ff62f3de000 	C:\Users\LENOVO\.antigravity-ide\extensions\redhat.java-1.54.0-win32-x64\jre\21.0.10-win32-x86_64\bin\java.exe
0x00007ffcfd1d0000 - 0x00007ffcfd3c8000 	C:\Windows\SYSTEM32\ntdll.dll
0x00007ffcfce40000 - 0x00007ffcfcf02000 	C:\Windows\System32\KERNEL32.DLL
0x00007ffcfacb0000 - 0x00007ffcfafa6000 	C:\Windows\System32\KERNELBASE.dll
0x00007ffcfab60000 - 0x00007ffcfac60000 	C:\Windows\System32\ucrtbase.dll
0x00007ffcf1270000 - 0x00007ffcf128e000 	C:\Users\LENOVO\.antigravity-ide\extensions\redhat.java-1.54.0-win32-x64\jre\21.0.10-win32-x86_64\bin\VCRUNTIME140.dll
0x00007ffcf5210000 - 0x00007ffcf5228000 	C:\Users\LENOVO\.antigravity-ide\extensions\redhat.java-1.54.0-win32-x64\jre\21.0.10-win32-x86_64\bin\jli.dll
0x00007ffcfcb10000 - 0x00007ffcfccb1000 	C:\Windows\System32\USER32.dll
0x00007ffce88f0000 - 0x00007ffce8b8b000 	C:\Windows\WinSxS\amd64_microsoft.windows.common-controls_6595b64144ccf1df_6.0.19041.6456_none_60b8a6cb71f64256\COMCTL32.dll
0x00007ffcfb080000 - 0x00007ffcfb0a2000 	C:\Windows\System32\win32u.dll
0x00007ffcfccc0000 - 0x00007ffcfcd5e000 	C:\Windows\System32\msvcrt.dll
0x00007ffcfd0f0000 - 0x00007ffcfd11b000 	C:\Windows\System32\GDI32.dll
0x00007ffcfaa40000 - 0x00007ffcfab59000 	C:\Windows\System32\gdi32full.dll
0x00007ffcfafb0000 - 0x00007ffcfb04d000 	C:\Windows\System32\msvcp_win.dll
0x00007ffcfd0c0000 - 0x00007ffcfd0ef000 	C:\Windows\System32\IMM32.DLL
0x00007ffcf4860000 - 0x00007ffcf486c000 	C:\Users\LENOVO\.antigravity-ide\extensions\redhat.java-1.54.0-win32-x64\jre\21.0.10-win32-x86_64\bin\vcruntime140_1.dll
0x00007ffcee360000 - 0x00007ffcee3ed000 	C:\Users\LENOVO\.antigravity-ide\extensions\redhat.java-1.54.0-win32-x64\jre\21.0.10-win32-x86_64\bin\msvcp140.dll
0x00007ffc811e0000 - 0x00007ffc81f81000 	C:\Users\LENOVO\.antigravity-ide\extensions\redhat.java-1.54.0-win32-x64\jre\21.0.10-win32-x86_64\bin\server\jvm.dll
0x00007ffcfb380000 - 0x00007ffcfb431000 	C:\Windows\System32\ADVAPI32.dll
0x00007ffcfc3c0000 - 0x00007ffcfc45f000 	C:\Windows\System32\sechost.dll
0x00007ffcfbf40000 - 0x00007ffcfc060000 	C:\Windows\System32\RPCRT4.dll
0x00007ffcfb050000 - 0x00007ffcfb077000 	C:\Windows\System32\bcrypt.dll
0x00007ffcfd120000 - 0x00007ffcfd18b000 	C:\Windows\System32\WS2_32.dll
0x00007ffcf9d60000 - 0x00007ffcf9dab000 	C:\Windows\SYSTEM32\POWRPROF.dll
0x00007ffce5710000 - 0x00007ffce5737000 	C:\Windows\SYSTEM32\WINMM.dll
0x00007ffcf0fd0000 - 0x00007ffcf0fda000 	C:\Windows\SYSTEM32\VERSION.dll
0x00007ffcf9c20000 - 0x00007ffcf9c32000 	C:\Windows\SYSTEM32\UMPDC.dll
0x00007ffcf8690000 - 0x00007ffcf86a2000 	C:\Windows\SYSTEM32\kernel.appcore.dll
0x00007ffcf4750000 - 0x00007ffcf475a000 	C:\Users\LENOVO\.antigravity-ide\extensions\redhat.java-1.54.0-win32-x64\jre\21.0.10-win32-x86_64\bin\jimage.dll
0x00007ffce60f0000 - 0x00007ffce62f1000 	C:\Windows\SYSTEM32\DBGHELP.DLL
0x00007ffce1550000 - 0x00007ffce1584000 	C:\Windows\SYSTEM32\dbgcore.DLL
0x00007ffcfb160000 - 0x00007ffcfb1e2000 	C:\Windows\System32\bcryptPrimitives.dll
0x00007ffcf5010000 - 0x00007ffcf501f000 	C:\Users\LENOVO\.antigravity-ide\extensions\redhat.java-1.54.0-win32-x64\jre\21.0.10-win32-x86_64\bin\instrument.dll
0x00007ffcee960000 - 0x00007ffcee980000 	C:\Users\LENOVO\.antigravity-ide\extensions\redhat.java-1.54.0-win32-x64\jre\21.0.10-win32-x86_64\bin\java.dll
0x00007ffcfb720000 - 0x00007ffcfbe90000 	C:\Windows\System32\SHELL32.dll
0x00007ffcf8890000 - 0x00007ffcf9035000 	C:\Windows\SYSTEM32\windows.storage.dll
0x00007ffcfc060000 - 0x00007ffcfc3b4000 	C:\Windows\System32\combase.dll
0x00007ffcfa1b0000 - 0x00007ffcfa1db000 	C:\Windows\SYSTEM32\Wldp.dll
0x00007ffcfb440000 - 0x00007ffcfb50d000 	C:\Windows\System32\OLEAUT32.dll
0x00007ffcfc4c0000 - 0x00007ffcfc56d000 	C:\Windows\System32\SHCORE.dll
0x00007ffcfb200000 - 0x00007ffcfb25b000 	C:\Windows\System32\shlwapi.dll
0x00007ffcfa790000 - 0x00007ffcfa7b4000 	C:\Windows\SYSTEM32\profapi.dll
0x00007ffcee340000 - 0x00007ffcee358000 	C:\Users\LENOVO\.antigravity-ide\extensions\redhat.java-1.54.0-win32-x64\jre\21.0.10-win32-x86_64\bin\zip.dll
0x00007ffcf4640000 - 0x00007ffcf4650000 	C:\Users\LENOVO\.antigravity-ide\extensions\redhat.java-1.54.0-win32-x64\jre\21.0.10-win32-x86_64\bin\net.dll
0x00007ffcef7d0000 - 0x00007ffcef8da000 	C:\Windows\SYSTEM32\WINHTTP.dll
0x00007ffcf9f90000 - 0x00007ffcf9ffa000 	C:\Windows\system32\mswsock.dll
0x00007ffcee320000 - 0x00007ffcee336000 	C:\Users\LENOVO\.antigravity-ide\extensions\redhat.java-1.54.0-win32-x64\jre\21.0.10-win32-x86_64\bin\nio.dll
0x00007ffcf3ee0000 - 0x00007ffcf3ef0000 	C:\Users\LENOVO\.antigravity-ide\extensions\redhat.java-1.54.0-win32-x64\jre\21.0.10-win32-x86_64\bin\verify.dll
0x00007ffcd3720000 - 0x00007ffcd3747000 	C:\Users\LENOVO\.gradle\native\1def1411415f61bf3af743bc5b6707747c0891f09f0c88961ee8f79bc544acac\windows-amd64\native-platform.dll
0x00007ffcc9250000 - 0x00007ffcc92c8000 	C:\Users\LENOVO\.gradle\native\0.2.7\x86_64-windows-gnu\gradle-fileevents.dll
0x00007ffcf0f90000 - 0x00007ffcf0f9a000 	C:\Users\LENOVO\.antigravity-ide\extensions\redhat.java-1.54.0-win32-x64\jre\21.0.10-win32-x86_64\bin\management.dll
0x00007ffcf0f80000 - 0x00007ffcf0f8c000 	C:\Users\LENOVO\.antigravity-ide\extensions\redhat.java-1.54.0-win32-x64\jre\21.0.10-win32-x86_64\bin\management_ext.dll
0x00007ffcfb310000 - 0x00007ffcfb318000 	C:\Windows\System32\PSAPI.DLL
0x00007ffcf9c40000 - 0x00007ffcf9c7b000 	C:\Windows\SYSTEM32\IPHLPAPI.DLL
0x00007ffcfb690000 - 0x00007ffcfb698000 	C:\Windows\System32\NSI.dll
0x00007ffcf0770000 - 0x00007ffcf0779000 	C:\Users\LENOVO\.antigravity-ide\extensions\redhat.java-1.54.0-win32-x64\jre\21.0.10-win32-x86_64\bin\extnet.dll
0x00007ffcfa1f0000 - 0x00007ffcfa208000 	C:\Windows\SYSTEM32\CRYPTSP.dll
0x00007ffcf9860000 - 0x00007ffcf9898000 	C:\Windows\system32\rsaenh.dll
0x00007ffcfa710000 - 0x00007ffcfa73e000 	C:\Windows\SYSTEM32\USERENV.dll
0x00007ffcfa120000 - 0x00007ffcfa12c000 	C:\Windows\SYSTEM32\CRYPTBASE.dll
0x00007ffcf0f70000 - 0x00007ffcf0f7e000 	C:\Users\LENOVO\.antigravity-ide\extensions\redhat.java-1.54.0-win32-x64\jre\21.0.10-win32-x86_64\bin\sunmscapi.dll
0x00007ffcfa8e0000 - 0x00007ffcfaa3d000 	C:\Windows\System32\CRYPT32.dll
0x00007ffcfa300000 - 0x00007ffcfa327000 	C:\Windows\SYSTEM32\ncrypt.dll
0x00007ffcfa2c0000 - 0x00007ffcfa2fb000 	C:\Windows\SYSTEM32\NTASN1.dll
0x00007ffcd9850000 - 0x00007ffcd9857000 	C:\Windows\system32\wshunix.dll
0x00007ffcf9c80000 - 0x00007ffcf9d4a000 	C:\Windows\SYSTEM32\DNSAPI.dll
0x0000000067c50000 - 0x0000000067c76000 	C:\Program Files\Bonjour\mdnsNSP.dll
0x00007ffcf2c90000 - 0x00007ffcf2c9a000 	C:\Windows\System32\rasadhlp.dll
0x00007ffce8d70000 - 0x00007ffce8df0000 	C:\Windows\System32\fwpuclnt.dll

JVMTI agents:
C:\Users\LENOVO\.gradle\wrapper\dists\gradle-8.13-bin\5xuhj0ry160q40clulazy9h7d\gradle-8.13\lib\agents\gradle-instrumentation-agent-8.13.jar path:C:\Users\LENOVO\.antigravity-ide\extensions\redhat.java-1.54.0-win32-x64\jre\21.0.10-win32-x86_64\bin\instrument.dll, loaded, initialized, instrumentlib options:none

dbghelp: loaded successfully - version: 4.0.5 - missing functions: none
symbol engine: initialized successfully - sym options: 0x614 - pdb path: .;C:\Users\LENOVO\.antigravity-ide\extensions\redhat.java-1.54.0-win32-x64\jre\21.0.10-win32-x86_64\bin;C:\Windows\SYSTEM32;C:\Windows\WinSxS\amd64_microsoft.windows.common-controls_6595b64144ccf1df_6.0.19041.6456_none_60b8a6cb71f64256;C:\Users\LENOVO\.antigravity-ide\extensions\redhat.java-1.54.0-win32-x64\jre\21.0.10-win32-x86_64\bin\server;C:\Users\LENOVO\.gradle\native\1def1411415f61bf3af743bc5b6707747c0891f09f0c88961ee8f79bc544acac\windows-amd64;C:\Users\LENOVO\.gradle\native\0.2.7\x86_64-windows-gnu;C:\Program Files\Bonjour

VM Arguments:
jvm_args: --add-opens=java.base/java.lang=ALL-UNNAMED --add-opens=java.base/java.lang.invoke=ALL-UNNAMED --add-opens=java.base/java.util=ALL-UNNAMED --add-opens=java.prefs/java.util.prefs=ALL-UNNAMED --add-exports=jdk.compiler/com.sun.tools.javac.api=ALL-UNNAMED --add-exports=jdk.compiler/com.sun.tools.javac.util=ALL-UNNAMED --add-opens=java.base/java.util=ALL-UNNAMED --add-opens=java.prefs/java.util.prefs=ALL-UNNAMED --add-opens=java.base/java.nio.charset=ALL-UNNAMED --add-opens=java.base/java.net=ALL-UNNAMED --add-opens=java.base/java.util.concurrent.atomic=ALL-UNNAMED --add-opens=java.xml/javax.xml.namespace=ALL-UNNAMED -XX:MaxMetaspaceSize=1024m -XX:+HeapDumpOnOutOfMemoryError -Xmx4096m -Dfile.encoding=UTF-8 -Duser.country=US -Duser.language=en -Duser.variant -javaagent:C:\Users\LENOVO\.gradle\wrapper\dists\gradle-8.13-bin\5xuhj0ry160q40clulazy9h7d\gradle-8.13\lib\agents\gradle-instrumentation-agent-8.13.jar 
java_command: org.gradle.launcher.daemon.bootstrap.GradleDaemon 8.13
java_class_path (initial): C:\Users\LENOVO\.gradle\wrapper\dists\gradle-8.13-bin\5xuhj0ry160q40clulazy9h7d\gradle-8.13\lib\gradle-daemon-main-8.13.jar
Launcher Type: SUN_STANDARD

[Global flags]
     intx CICompilerCount                          = 3                                         {product} {ergonomic}
   size_t CompressedClassSpaceSize                 = 872415232                                 {product} {ergonomic}
     uint ConcGCThreads                            = 1                                         {product} {ergonomic}
     uint G1ConcRefinementThreads                  = 4                                         {product} {ergonomic}
   size_t G1HeapRegionSize                         = 2097152                                   {product} {ergonomic}
    uintx GCDrainStackTargetSize                   = 64                                        {product} {ergonomic}
     bool HeapDumpOnOutOfMemoryError               = true                                   {manageable} {command line}
   size_t InitialHeapSize                          = 132120576                                 {product} {ergonomic}
   size_t MarkStackSize                            = 4194304                                   {product} {ergonomic}
   size_t MaxHeapSize                              = 4294967296                                {product} {command line}
   size_t MaxMetaspaceSize                         = 1073741824                                {product} {command line}
   size_t MaxNewSize                               = 2575302656                                {product} {ergonomic}
   size_t MinHeapDeltaBytes                        = 2097152                                   {product} {ergonomic}
   size_t MinHeapSize                              = 8388608                                   {product} {ergonomic}
    uintx NonNMethodCodeHeapSize                   = 5832780                                {pd product} {ergonomic}
    uintx NonProfiledCodeHeapSize                  = 122912730                              {pd product} {ergonomic}
    uintx ProfiledCodeHeapSize                     = 122912730                              {pd product} {ergonomic}
    uintx ReservedCodeCacheSize                    = 251658240                              {pd product} {ergonomic}
     bool SegmentedCodeCache                       = true                                      {product} {ergonomic}
   size_t SoftMaxHeapSize                          = 4294967296                             {manageable} {ergonomic}
     bool UseCompressedOops                        = true                           {product lp64_product} {ergonomic}
     bool UseG1GC                                  = true                                      {product} {ergonomic}
     bool UseLargePagesIndividualAllocation        = false                                  {pd product} {ergonomic}

Logging:
Log output configuration:
 #0: stdout all=warning uptime,level,tags foldmultilines=false
 #1: stderr all=off uptime,level,tags foldmultilines=false

Release file:
JAVA_VERSION="21.0.10" 
MODULES="java.base java.compiler java.datatransfer java.xml java.prefs java.desktop java.instrument java.logging java.management java.security.sasl java.naming java.rmi java.management.rmi java.net.http java.scripting java.security.jgss java.transaction.xa java.sql java.sql.rowset java.xml.crypto java.se java.smartcardio jdk.accessibility jdk.internal.jvmstat jdk.attach jdk.charsets jdk.internal.opt jdk.zipfs jdk.compiler jdk.crypto.ec jdk.crypto.cryptoki jdk.crypto.mscapi jdk.dynalink jdk.internal.ed jdk.editpad jdk.hotspot.agent jdk.httpserver jdk.internal.le jdk.internal.vm.ci jdk.internal.vm.compiler jdk.internal.vm.compiler.management jdk.jartool jdk.javadoc jdk.jcmd jdk.management jdk.management.agent jdk.jconsole jdk.jdeps jdk.jdwp.agent jdk.jdi jdk.jfr jdk.jshell jdk.jsobject jdk.jstatd jdk.localedata jdk.management.jfr jdk.naming.dns jdk.naming.rmi jdk.net jdk.nio.mapmode jdk.random jdk.sctp jdk.security.auth jdk.security.jgss jdk.unsupported jdk.unsupported.desktop jdk.xml.dom" 

Environment Variables:
PATH=C:\Program Files (x86)\Common Files\MVS\Runtime\Win32_i86;C:\Program Files (x86)\Common Files\MVS\Runtime\Win64_x64;C:\Python314\Scripts\;C:\Python314\;C:\Program Files\Python313\Scripts\;C:\Program Files\Python313\;C:\Program Files\Common Files\Oracle\Java\javapath;C:\Windows\system32;C:\Windows;C:\Windows\System32\Wbem;C:\Windows\System32\WindowsPowerShell\v1.0\;C:\Windows\System32\OpenSSH\;C:\Program Files (x86)\Windows Kits\8.1\Windows Performance Toolkit\;C:\Program Files\Java\jdk-21\bin;C:\Program Files\Git\cmd;C:\Program Files\PuTTY\;C:\ProgramData\chocolatey\bin;C:\Program Files\nodejs\;C:\Program Files (x86)\Windows Kits\10\Windows Performance Toolkit\;C:\Program Files (x86)\Yarn\bin\;C:\Program Files\dotnet\;D:\AndroidSDK\platform-tools;D:\AndroidSDK\emulator;D:\AndroidSDK\tools;D:\AndroidSDK\tools\bin;c:\Users\LENOVO\AppData\Local\Programs\cursor\resources\app\codeBin;C:\Program Files\Python313;C:\Program Files\Python313\Scripts;C:\Program Files\MySQL\MySQL Shell 8.0\bin\;C:\Users\LENOVO\AppData\Local\Microsoft\WindowsApps;C:\Users\LENOVO\AppData\Local\Programs\Microsoft VS Code\bin;C:\Users\LENOVO\AppData\Local\Python\bin;C:\Users\LENOVO\AppData\Local\Programs\Antigravity\bin;C:\Program Files\JetBrains\PyCharm 2025.3.1\bin;C:\Users\LENOVO\AppData\Roaming\npm;C:\Users\LENOVO\AppData\Local\Programs\cursor\resources\app\bin;C:\Users\LENOVO\AppData\Local\Programs\Antigravity IDE\bin;C:\Users\LENOVO\AppData\Local\Yarn\bin;C:\Users\LENOVO\.dotnet\tools
USERNAME=LENOVO
OS=Windows_NT
PROCESSOR_IDENTIFIER=Intel64 Family 6 Model 142 Stepping 9, GenuineIntel
TMP=C:\Users\LENOVO\AppData\Local\Temp
TEMP=C:\Users\LENOVO\AppData\Local\Temp




Periodic native trim disabled

---------------  S Y S T E M  ---------------

OS:
 Windows 10 , 64 bit Build 19041 (10.0.19041.5915)
OS uptime: 16 days 22:52 hours
Hyper-V role detected

CPU: total 4 (initial active 4) (2 cores per cpu, 2 threads per core) family 6 model 142 stepping 9 microcode 0xf0, cx8, cmov, fxsr, ht, mmx, 3dnowpref, sse, sse2, sse3, ssse3, sse4.1, sse4.2, popcnt, lzcnt, tsc, tscinvbit, avx, avx2, aes, erms, clmul, bmi1, bmi2, rtm, adx, fma, vzeroupper, clflush, clflushopt, hv, rdtscp, f16c
Processor Information for the first 4 processors :
  Max Mhz: 2701, Current Mhz: 2500, Mhz Limit: 2484

Memory: 4k page, system-wide physical 8056M (349M free)
TotalPageFile size 27252M (AvailPageFile size 4M)
current process WorkingSet (physical memory assigned to process): 537M, peak: 670M
current process commit charge ("private bytes"): 753M, peak: 757M

vm_info: OpenJDK 64-Bit Server VM (21.0.10+7-LTS) for windows-amd64 JRE (21.0.10+7-LTS), built on 2026-01-20T00:00:00Z by "admin" with MS VC++ 17.12 (VS2022)

END.
