> Task :gradle-plugin:settings-plugin:checkKotlinGradlePluginConfigurationErrors SKIPPED
> Task :gradle-plugin:shared:checkKotlinGradlePluginConfigurationErrors SKIPPED
> Task :gradle-plugin:shared:compileKotlin UP-TO-DATE
> Task :gradle-plugin:shared:compileJava NO-SOURCE
> Task :gradle-plugin:shared:processResources NO-SOURCE
> Task :gradle-plugin:shared:classes UP-TO-DATE
> Task :gradle-plugin:shared:jar UP-TO-DATE
> Task :gradle-plugin:settings-plugin:compileKotlin UP-TO-DATE
> Task :gradle-plugin:settings-plugin:compileJava NO-SOURCE
> Task :gradle-plugin:settings-plugin:pluginDescriptors UP-TO-DATE
> Task :gradle-plugin:settings-plugin:processResources UP-TO-DATE
> Task :gradle-plugin:settings-plugin:classes UP-TO-DATE
> Task :gradle-plugin:settings-plugin:jar UP-TO-DATE
> Task :gradle-plugin:react-native-gradle-plugin:checkKotlinGradlePluginConfigurationErrors SKIPPED
> Task :gradle-plugin:react-native-gradle-plugin:compileKotlin UP-TO-DATE
> Task :gradle-plugin:react-native-gradle-plugin:compileJava NO-SOURCE
> Task :gradle-plugin:react-native-gradle-plugin:pluginDescriptors UP-TO-DATE
> Task :gradle-plugin:react-native-gradle-plugin:processResources UP-TO-DATE
> Task :gradle-plugin:react-native-gradle-plugin:classes UP-TO-DATE
> Task :gradle-plugin:react-native-gradle-plugin:jar UP-TO-DATE

> Configure project :app
WARNING: The option setting 'android.defaults.buildfeatures.aidl=true' is deprecated.
The current default is 'false'.
It will be removed in version 9.0 of the Android Gradle plugin.
WARNING: The option setting 'android.defaults.buildfeatures.buildconfig=true' is deprecated.
The current default is 'false'.
It will be removed in version 10.0 of the Android Gradle plugin.
To keep using this feature, add the following to your module-level build.gradle files:
    android.buildFeatures.buildConfig = true
or from Android Studio, click: `Refactor` > `Migrate BuildConfig to Gradle Build Files`.

> Task :app:generateAutolinkingNewArchitectureFiles UP-TO-DATE
> Task :app:generateAutolinkingPackageList UP-TO-DATE
> Task :app:generateCodegenSchemaFromJavaScript SKIPPED
> Task :app:generateCodegenArtifactsFromSchema SKIPPED
> Task :app:generateReactNativeEntryPoint UP-TO-DATE
> Task :react-native-async-storage_async-storage:generateCodegenSchemaFromJavaScript UP-TO-DATE
> Task :react-native-async-storage_async-storage:generateCodegenArtifactsFromSchema UP-TO-DATE
> Task :react-native-async-storage_async-storage:preBuild UP-TO-DATE
> Task :react-native-community_blur:generateCodegenSchemaFromJavaScript UP-TO-DATE
> Task :react-native-community_blur:generateCodegenArtifactsFromSchema UP-TO-DATE
> Task :react-native-community_blur:preBuild UP-TO-DATE
> Task :react-native-linear-gradient:preBuild UP-TO-DATE
> Task :react-native-safe-area-context:generateCodegenSchemaFromJavaScript UP-TO-DATE
> Task :react-native-safe-area-context:generateCodegenArtifactsFromSchema UP-TO-DATE
> Task :react-native-safe-area-context:preBuild UP-TO-DATE
> Task :react-native-screens:generateCodegenSchemaFromJavaScript UP-TO-DATE
> Task :react-native-screens:generateCodegenArtifactsFromSchema UP-TO-DATE
> Task :react-native-screens:preBuild UP-TO-DATE
> Task :react-native-vector-icons:generateCodegenSchemaFromJavaScript UP-TO-DATE
> Task :react-native-vector-icons:generateCodegenArtifactsFromSchema UP-TO-DATE
> Task :react-native-vector-icons:preBuild UP-TO-DATE
> Task :app:preBuild UP-TO-DATE
> Task :app:preReleaseBuild UP-TO-DATE
> Task :app:configureCMakeRelWithDebInfo[arm64-v8a]
> Task :app:buildCMakeRelWithDebInfo[arm64-v8a]
> Task :app:mergeReleaseJniLibFolders
> Task :react-native-async-storage_async-storage:preReleaseBuild UP-TO-DATE
> Task :react-native-async-storage_async-storage:mergeReleaseJniLibFolders
> Task :react-native-async-storage_async-storage:mergeReleaseNativeLibs NO-SOURCE
> Task :react-native-community_blur:preReleaseBuild UP-TO-DATE
> Task :react-native-async-storage_async-storage:copyReleaseJniLibsProjectOnly
> Task :react-native-community_blur:mergeReleaseJniLibFolders
> Task :react-native-community_blur:mergeReleaseNativeLibs NO-SOURCE
> Task :react-native-linear-gradient:preReleaseBuild UP-TO-DATE
> Task :react-native-community_blur:copyReleaseJniLibsProjectOnly
> Task :react-native-linear-gradient:mergeReleaseJniLibFolders
> Task :react-native-linear-gradient:mergeReleaseNativeLibs NO-SOURCE
> Task :react-native-safe-area-context:preReleaseBuild UP-TO-DATE
> Task :react-native-linear-gradient:copyReleaseJniLibsProjectOnly
> Task :react-native-safe-area-context:mergeReleaseJniLibFolders
> Task :react-native-safe-area-context:mergeReleaseNativeLibs NO-SOURCE
> Task :react-native-screens:preReleaseBuild UP-TO-DATE
> Task :react-native-safe-area-context:copyReleaseJniLibsProjectOnly
> Task :react-native-screens:configureCMakeRelWithDebInfo[arm64-v8a]
> Task :react-native-screens:buildCMakeRelWithDebInfo[arm64-v8a]
> Task :react-native-screens:mergeReleaseJniLibFolders
> Task :react-native-vector-icons:preReleaseBuild UP-TO-DATE
> Task :react-native-vector-icons:mergeReleaseJniLibFolders
> Task :react-native-vector-icons:mergeReleaseNativeLibs NO-SOURCE
> Task :react-native-screens:mergeReleaseNativeLibs
> Task :react-native-vector-icons:copyReleaseJniLibsProjectOnly
> Task :react-native-async-storage_async-storage:compileReleaseAidl NO-SOURCE
> Task :react-native-async-storage_async-storage:checkKotlinGradlePluginConfigurationErrors SKIPPED
> Task :react-native-screens:copyReleaseJniLibsProjectOnly
> Task :react-native-async-storage_async-storage:generateReleaseBuildConfig
> Task :react-native-async-storage_async-storage:generateReleaseResValues
> Task :react-native-async-storage_async-storage:generateReleaseResources
> Task :react-native-async-storage_async-storage:packageReleaseResources
> Task :react-native-async-storage_async-storage:parseReleaseLocalResources
> Task :react-native-safe-area-context:compileReleaseAidl NO-SOURCE
> Task :react-native-safe-area-context:checkKotlinGradlePluginConfigurationErrors SKIPPED
> Task :react-native-safe-area-context:generateReleaseBuildConfig
> Task :react-native-safe-area-context:generateReleaseResValues
> Task :react-native-async-storage_async-storage:generateReleaseRFile
> Task :react-native-safe-area-context:generateReleaseResources
> Task :react-native-async-storage_async-storage:javaPreCompileRelease
> Task :react-native-safe-area-context:packageReleaseResources
> Task :react-native-safe-area-context:parseReleaseLocalResources
> Task :react-native-safe-area-context:javaPreCompileRelease
> Task :react-native-screens:compileReleaseAidl NO-SOURCE
> Task :react-native-screens:checkKotlinGradlePluginConfigurationErrors SKIPPED
> Task :react-native-safe-area-context:generateReleaseRFile
> Task :react-native-screens:generateReleaseBuildConfig
> Task :react-native-screens:generateReleaseResValues
> Task :react-native-screens:generateReleaseResources
> Task :react-native-screens:packageReleaseResources
> Task :react-native-screens:javaPreCompileRelease
> Task :react-native-community_blur:compileReleaseAidl NO-SOURCE
> Task :react-native-screens:parseReleaseLocalResources
> Task :react-native-community_blur:generateReleaseBuildConfig
> Task :react-native-community_blur:generateReleaseResValues
> Task :react-native-screens:generateReleaseRFile
> Task :react-native-community_blur:generateReleaseResources
> Task :app:mergeReleaseNativeLibs
> Task :react-native-community_blur:packageReleaseResources
> Task :react-native-community_blur:parseReleaseLocalResources
> Task :react-native-community_blur:javaPreCompileRelease
> Task :react-native-linear-gradient:compileReleaseAidl NO-SOURCE
> Task :react-native-linear-gradient:generateReleaseBuildConfig
> Task :react-native-linear-gradient:generateReleaseResValues
> Task :react-native-community_blur:generateReleaseRFile
> Task :app:stripReleaseDebugSymbols

> Task :react-native-community_blur:compileReleaseJavaWithJavac
Note: C:\ReactWorkSpace\Idhayam\node_modules\@react-native-community\blur\android\src\main\java\com\reactnativecommunity\blurview\BlurViewPackage.java uses or overrides a deprecated API.
Note: Recompile with -Xlint:deprecation for details.

> Task :react-native-linear-gradient:generateReleaseResources
> Task :react-native-community_blur:bundleLibRuntimeToDirRelease
> Task :react-native-linear-gradient:packageReleaseResources
> Task :react-native-linear-gradient:javaPreCompileRelease
> Task :react-native-linear-gradient:parseReleaseLocalResources
> Task :react-native-vector-icons:compileReleaseAidl NO-SOURCE
> Task :react-native-vector-icons:generateReleaseBuildConfig
> Task :react-native-vector-icons:generateReleaseResValues
> Task :react-native-vector-icons:generateReleaseResources
> Task :react-native-vector-icons:packageReleaseResources
> Task :react-native-linear-gradient:generateReleaseRFile
> Task :react-native-vector-icons:parseReleaseLocalResources
> Task :app:extractReleaseNativeSymbolTables

> Task :react-native-linear-gradient:compileReleaseJavaWithJavac
Note: C:\ReactWorkSpace\Idhayam\node_modules\react-native-linear-gradient\android\src\main\java\com\BV\LinearGradient\LinearGradientPackage.java uses or overrides a deprecated API.
Note: Recompile with -Xlint:deprecation for details.

> Task :react-native-linear-gradient:bundleLibRuntimeToDirRelease
> Task :react-native-vector-icons:javaPreCompileRelease
> Task :react-native-vector-icons:generateReleaseRFile
> Task :app:checkReleaseDuplicateClasses

> Task :react-native-vector-icons:compileReleaseJavaWithJavac
Note: Some input files use or override a deprecated API.
Note: Recompile with -Xlint:deprecation for details.

> Task :react-native-vector-icons:bundleLibRuntimeToDirRelease

> Task :react-native-safe-area-context:compileReleaseKotlin
w: file:///C:/ReactWorkSpace/Idhayam/node_modules/react-native-safe-area-context/android/src/main/java/com/th3rdwave/safeareacontext/SafeAreaView.kt:9:8 'class UIManagerModule : ReactContextBaseJavaModule, LifecycleEventListener, UIManager' is deprecated. Deprecated in Java.
w: file:///C:/ReactWorkSpace/Idhayam/node_modules/react-native-safe-area-context/android/src/main/java/com/th3rdwave/safeareacontext/SafeAreaView.kt:50:54 'class UIManagerModule : ReactContextBaseJavaModule, LifecycleEventListener, UIManager' is deprecated. Deprecated in Java.
w: file:///C:/ReactWorkSpace/Idhayam/node_modules/react-native-safe-area-context/android/src/main/java/com/th3rdwave/safeareacontext/SafeAreaView.kt:59:23 'val uiImplementation: UIImplementation!' is deprecated. Deprecated in Java.
w: file:///C:/ReactWorkSpace/Idhayam/node_modules/react-native-safe-area-context/android/src/main/java/com/th3rdwave/safeareacontext/SafeAreaViewShadowNode.kt:9:32 'class LayoutShadowNode : ReactShadowNodeImpl' is deprecated. Deprecated in Java.
w: file:///C:/ReactWorkSpace/Idhayam/node_modules/react-native-safe-area-context/android/src/main/java/com/th3rdwave/safeareacontext/SafeAreaViewShadowNode.kt:110:61 'class NativeViewHierarchyOptimizer : Any' is deprecated. Deprecated in Java.

> Task :app:buildKotlinToolingMetadata
> Task :app:compileReleaseAidl NO-SOURCE
> Task :app:checkKotlinGradlePluginConfigurationErrors SKIPPED
> Task :app:generateReleaseBuildConfig
> Task :react-native-safe-area-context:compileReleaseJavaWithJavac
> Task :react-native-async-storage_async-storage:writeReleaseAarMetadata
> Task :react-native-community_blur:writeReleaseAarMetadata
> Task :react-native-linear-gradient:writeReleaseAarMetadata
> Task :react-native-safe-area-context:writeReleaseAarMetadata
> Task :react-native-screens:writeReleaseAarMetadata
> Task :react-native-vector-icons:writeReleaseAarMetadata
> Task :react-native-safe-area-context:bundleLibRuntimeToDirRelease
> Task :app:mergeReleaseNativeDebugMetadata
> Task :react-native-async-storage_async-storage:kspReleaseKotlin

> Task :app:createBundleReleaseJsAndAssets

                        ▒▒▓▓▓▓▒▒
                     ▒▓▓▓▒▒░░▒▒▓▓▓▒
                  ▒▓▓▓▓░░░▒▒▒▒░░░▓▓▓▓▒
                 ▓▓▒▒▒▓▓▓▓▓▓▓▓▓▓▓▓▒▒▒▓▓
                 ▓▓░░░░░▒▓▓▓▓▓▓▒░░░░░▓▓
                 ▓▓░░▓▓▒░░░▒▒░░░▒▓▒░░▓▓
                 ▓▓░░▓▓▓▓▓▒▒▒▒▓▓▓▓▒░░▓▓
                 ▓▓░░▓▓▓▓▓▓▓▓▓▓▓▓▓▒░░▓▓
                 ▓▓▒░░▒▒▓▓▓▓▓▓▓▓▒░░░▒▓▓
                  ▒▓▓▓▒░░░▒▓▓▒░░░▒▓▓▓▒
                     ▒▓▓▓▒░░░░▒▓▓▓▒
                        ▒▒▓▓▓▓▒▒


 WARN  the transform cache was reset.
                Welcome to Metro v0.83.4
              Fast - Scalable - Integrated



> Task :react-native-screens:compileReleaseKotlin
w: file:///C:/ReactWorkSpace/Idhayam/node_modules/react-native-screens/android/src/main/java/com/swmansion/rnscreens/RNScreensPackage.kt:62:9 The corresponding parameter in the supertype 'BaseReactPackage' is named 'name'. This may cause problems when calling this function with named arguments.
w: file:///C:/ReactWorkSpace/Idhayam/node_modules/react-native-screens/android/src/main/java/com/swmansion/rnscreens/RNScreensPackage.kt:63:9 The corresponding parameter in the supertype 'BaseReactPackage' is named 'reactContext'. This may cause problems when calling this function with named arguments.
w: file:///C:/ReactWorkSpace/Idhayam/node_modules/react-native-screens/android/src/main/java/com/swmansion/rnscreens/RNScreensPackage.kt:76:17 'constructor(name: String, className: String, canOverrideExistingModule: Boolean, needsEagerInit: Boolean, hasConstants: Boolean, isCxxModule: Boolean, isTurboModule: Boolean): ReactModuleInfo' is deprecated. This constructor is deprecated and will be removed in the future. Use ReactModuleInfo(String, String, boolean, boolean, boolean, boolean)].
w: file:///C:/ReactWorkSpace/Idhayam/node_modules/react-native-screens/android/src/main/java/com/swmansion/rnscreens/Screen.kt:26:8 'class UIManagerModule : ReactContextBaseJavaModule, LifecycleEventListener, UIManager' is deprecated. Deprecated in Java.
w: file:///C:/ReactWorkSpace/Idhayam/node_modules/react-native-screens/android/src/main/java/com/swmansion/rnscreens/Screen.kt:56:77 Unchecked cast of '(CoordinatorLayout.Behavior<View!>?..CoordinatorLayout.Behavior<*>?)' to 'BottomSheetBehavior<Screen>'.
w: file:///C:/ReactWorkSpace/Idhayam/node_modules/react-native-screens/android/src/main/java/com/swmansion/rnscreens/Screen.kt:428:42 'class UIManagerModule : ReactContextBaseJavaModule, LifecycleEventListener, UIManager' is deprecated. Deprecated in Java.
w: file:///C:/ReactWorkSpace/Idhayam/node_modules/react-native-screens/android/src/main/java/com/swmansion/rnscreens/ScreenContainerViewManager.kt:6:8 'class LayoutShadowNode : ReactShadowNodeImpl' is deprecated. Deprecated in Java.
w: file:///C:/ReactWorkSpace/Idhayam/node_modules/react-native-screens/android/src/main/java/com/swmansion/rnscreens/ScreenContainerViewManager.kt:56:78 'class LayoutShadowNode : ReactShadowNodeImpl' is deprecated. Deprecated in Java.
w: file:///C:/ReactWorkSpace/Idhayam/node_modules/react-native-screens/android/src/main/java/com/swmansion/rnscreens/ScreenStackFragment.kt:222:31 'var targetElevation: Float' is deprecated. Deprecated in Java.
w: file:///C:/ReactWorkSpace/Idhayam/node_modules/react-native-screens/android/src/main/java/com/swmansion/rnscreens/ScreenStackFragment.kt:225:13 'fun setHasOptionsMenu(p0: Boolean): Unit' is deprecated. Deprecated in Java.
w: file:///C:/ReactWorkSpace/Idhayam/node_modules/react-native-screens/android/src/main/java/com/swmansion/rnscreens/ScreenStackFragment.kt:404:18 This declaration overrides a deprecated member but is not marked as deprecated itself. Add the '@Deprecated' annotation or suppress the diagnostic.
w: file:///C:/ReactWorkSpace/Idhayam/node_modules/react-native-screens/android/src/main/java/com/swmansion/rnscreens/ScreenStackFragment.kt:411:22 'fun onPrepareOptionsMenu(p0: Menu): Unit' is deprecated. Deprecated in Java.
w: file:///C:/ReactWorkSpace/Idhayam/node_modules/react-native-screens/android/src/main/java/com/swmansion/rnscreens/ScreenStackFragment.kt:414:18 This declaration overrides a deprecated member but is not marked as deprecated itself. Add the '@Deprecated' annotation or suppress the diagnostic.
w: file:///C:/ReactWorkSpace/Idhayam/node_modules/react-native-screens/android/src/main/java/com/swmansion/rnscreens/ScreenStackFragment.kt:419:22 'fun onCreateOptionsMenu(p0: Menu, p1: MenuInflater): Unit' is deprecated. Deprecated in Java.
w: file:///C:/ReactWorkSpace/Idhayam/node_modules/react-native-screens/android/src/main/java/com/swmansion/rnscreens/ScreenStackHeaderConfig.kt:441:22 'val reactNativeHost: ReactNativeHost' is deprecated. You should not use ReactNativeHost directly in the New Architecture. Use ReactHost instead.
w: file:///C:/ReactWorkSpace/Idhayam/node_modules/react-native-screens/android/src/main/java/com/swmansion/rnscreens/ScreenStackHeaderConfigShadowNode.kt:4:8 'class LayoutShadowNode : ReactShadowNodeImpl' is deprecated. Deprecated in Java.
w: file:///C:/ReactWorkSpace/Idhayam/node_modules/react-native-screens/android/src/main/java/com/swmansion/rnscreens/ScreenStackHeaderConfigShadowNode.kt:10:5 'class LayoutShadowNode : ReactShadowNodeImpl' is deprecated. Deprecated in Java.
w: file:///C:/ReactWorkSpace/Idhayam/node_modules/react-native-screens/android/src/main/java/com/swmansion/rnscreens/ScreenStackHeaderConfigViewManager.kt:9:8 'class LayoutShadowNode : ReactShadowNodeImpl' is deprecated. Deprecated in Java.
w: file:///C:/ReactWorkSpace/Idhayam/node_modules/react-native-screens/android/src/main/java/com/swmansion/rnscreens/ScreenStackHeaderConfigViewManager.kt:37:78 'class LayoutShadowNode : ReactShadowNodeImpl' is deprecated. Deprecated in Java.
w: file:///C:/ReactWorkSpace/Idhayam/node_modules/react-native-screens/android/src/main/java/com/swmansion/rnscreens/ScreenStackViewManager.kt:6:8 'class LayoutShadowNode : ReactShadowNodeImpl' is deprecated. Deprecated in Java.
w: file:///C:/ReactWorkSpace/Idhayam/node_modules/react-native-screens/android/src/main/java/com/swmansion/rnscreens/ScreenStackViewManager.kt:65:78 'class LayoutShadowNode : ReactShadowNodeImpl' is deprecated. Deprecated in Java.
w: file:///C:/ReactWorkSpace/Idhayam/node_modules/react-native-screens/android/src/main/java/com/swmansion/rnscreens/ScreenWindowTraits.kt:48:42 'fun replaceSystemWindowInsets(p0: Int, p1: Int, p2: Int, p3: Int): WindowInsetsCompat' is deprecated. Deprecated in Java.
w: file:///C:/ReactWorkSpace/Idhayam/node_modules/react-native-screens/android/src/main/java/com/swmansion/rnscreens/ScreenWindowTraits.kt:49:39 'val systemWindowInsetLeft: Int' is deprecated. Deprecated in Java.
w: file:///C:/ReactWorkSpace/Idhayam/node_modules/react-native-screens/android/src/main/java/com/swmansion/rnscreens/ScreenWindowTraits.kt:51:39 'val systemWindowInsetRight: Int' is deprecated. Deprecated in Java.
w: file:///C:/ReactWorkSpace/Idhayam/node_modules/react-native-screens/android/src/main/java/com/swmansion/rnscreens/ScreenWindowTraits.kt:52:39 'val systemWindowInsetBottom: Int' is deprecated. Deprecated in Java.
w: file:///C:/ReactWorkSpace/Idhayam/node_modules/react-native-screens/android/src/main/java/com/swmansion/rnscreens/ScreensShadowNode.kt:4:8 'class LayoutShadowNode : ReactShadowNodeImpl' is deprecated. Deprecated in Java.
w: file:///C:/ReactWorkSpace/Idhayam/node_modules/react-native-screens/android/src/main/java/com/swmansion/rnscreens/ScreensShadowNode.kt:5:8 'class NativeViewHierarchyManager : Any' is deprecated. Deprecated in Java.
w: file:///C:/ReactWorkSpace/Idhayam/node_modules/react-native-screens/android/src/main/java/com/swmansion/rnscreens/ScreensShadowNode.kt:6:8 'class NativeViewHierarchyOptimizer : Any' is deprecated. Deprecated in Java.
w: file:///C:/ReactWorkSpace/Idhayam/node_modules/react-native-screens/android/src/main/java/com/swmansion/rnscreens/ScreensShadowNode.kt:7:8 'class UIManagerModule : ReactContextBaseJavaModule, LifecycleEventListener, UIManager' is deprecated. Deprecated in Java.
w: file:///C:/ReactWorkSpace/Idhayam/node_modules/react-native-screens/android/src/main/java/com/swmansion/rnscreens/ScreensShadowNode.kt:11:5 'class LayoutShadowNode : ReactShadowNodeImpl' is deprecated. Deprecated in Java.
w: file:///C:/ReactWorkSpace/Idhayam/node_modules/react-native-screens/android/src/main/java/com/swmansion/rnscreens/ScreensShadowNode.kt:12:63 'class NativeViewHierarchyOptimizer : Any' is deprecated. Deprecated in Java.
w: file:///C:/ReactWorkSpace/Idhayam/node_modules/react-native-screens/android/src/main/java/com/swmansion/rnscreens/ScreensShadowNode.kt:14:34 'class UIManagerModule : ReactContextBaseJavaModule, LifecycleEventListener, UIManager' is deprecated. Deprecated in Java.
w: file:///C:/ReactWorkSpace/Idhayam/node_modules/react-native-screens/android/src/main/java/com/swmansion/rnscreens/ScreensShadowNode.kt:14:106 'class NativeViewHierarchyManager : Any' is deprecated. Deprecated in Java.
w: file:///C:/ReactWorkSpace/Idhayam/node_modules/react-native-screens/android/src/main/java/com/swmansion/rnscreens/bottomsheet/BottomSheetDialogRootView.kt:7:8 'object ReactFeatureFlags : Any' is deprecated. Use com.facebook.react.internal.featureflags.ReactNativeFeatureFlags instead.
w: file:///C:/ReactWorkSpace/Idhayam/node_modules/react-native-screens/android/src/main/java/com/swmansion/rnscreens/bottomsheet/BottomSheetDialogRootView.kt:25:13 'object ReactFeatureFlags : Any' is deprecated. Use com.facebook.react.internal.featureflags.ReactNativeFeatureFlags instead.
w: file:///C:/ReactWorkSpace/Idhayam/node_modules/react-native-screens/android/src/main/java/com/swmansion/rnscreens/bottomsheet/BottomSheetDialogRootView.kt:32:9 The corresponding parameter in the supertype 'ReactViewGroup' is named 'left'. This may cause problems when calling this function with named arguments.
w: file:///C:/ReactWorkSpace/Idhayam/node_modules/react-native-screens/android/src/main/java/com/swmansion/rnscreens/bottomsheet/BottomSheetDialogRootView.kt:33:9 The corresponding parameter in the supertype 'ReactViewGroup' is named 'top'. This may cause problems when calling this function with named arguments.
w: file:///C:/ReactWorkSpace/Idhayam/node_modules/react-native-screens/android/src/main/java/com/swmansion/rnscreens/bottomsheet/BottomSheetDialogRootView.kt:34:9 The corresponding parameter in the supertype 'ReactViewGroup' is named 'right'. This may cause problems when calling this function with named arguments.
w: file:///C:/ReactWorkSpace/Idhayam/node_modules/react-native-screens/android/src/main/java/com/swmansion/rnscreens/bottomsheet/BottomSheetDialogRootView.kt:35:9 The corresponding parameter in the supertype 'ReactViewGroup' is named 'bottom'. This may cause problems when calling this function with named arguments.
w: file:///C:/ReactWorkSpace/Idhayam/node_modules/react-native-screens/android/src/main/java/com/swmansion/rnscreens/bottomsheet/BottomSheetDialogRootView.kt:71:9 The corresponding parameter in the supertype 'RootView' is named 'childView'. This may cause problems when calling this function with named arguments.
w: file:///C:/ReactWorkSpace/Idhayam/node_modules/react-native-screens/android/src/main/java/com/swmansion/rnscreens/bottomsheet/BottomSheetDialogRootView.kt:72:9 The corresponding parameter in the supertype 'RootView' is named 'ev'. This may cause problems when calling this function with named arguments.
w: file:///C:/ReactWorkSpace/Idhayam/node_modules/react-native-screens/android/src/main/java/com/swmansion/rnscreens/bottomsheet/BottomSheetDialogRootView.kt:79:46 The corresponding parameter in the supertype 'RootView' is named 'ev'. This may cause problems when calling this function with named arguments.
w: file:///C:/ReactWorkSpace/Idhayam/node_modules/react-native-screens/android/src/main/java/com/swmansion/rnscreens/bottomsheet/BottomSheetDialogRootView.kt:83:9 The corresponding parameter in the supertype 'RootView' is named 'childView'. This may cause problems when calling this function with named arguments.
w: file:///C:/ReactWorkSpace/Idhayam/node_modules/react-native-screens/android/src/main/java/com/swmansion/rnscreens/bottomsheet/BottomSheetDialogRootView.kt:84:9 The corresponding parameter in the supertype 'RootView' is named 'ev'. This may cause problems when calling this function with named arguments.
w: file:///C:/ReactWorkSpace/Idhayam/node_modules/react-native-screens/android/src/main/java/com/swmansion/rnscreens/bottomsheet/BottomSheetDialogRootView.kt:95:34 The corresponding parameter in the supertype 'RootView' is named 't'. This may cause problems when calling this function with named arguments.
w: file:///C:/ReactWorkSpace/Idhayam/node_modules/react-native-screens/android/src/main/java/com/swmansion/rnscreens/bottomsheet/DimmingView.kt:64:9 The corresponding parameter in the supertype 'ReactCompoundView' is named 'touchX'. This may cause problems when calling this function with named arguments.
w: file:///C:/ReactWorkSpace/Idhayam/node_modules/react-native-screens/android/src/main/java/com/swmansion/rnscreens/bottomsheet/DimmingView.kt:65:9 The corresponding parameter in the supertype 'ReactCompoundView' is named 'touchY'. This may cause problems when calling this function with named arguments.
w: file:///C:/ReactWorkSpace/Idhayam/node_modules/react-native-screens/android/src/main/java/com/swmansion/rnscreens/bottomsheet/DimmingView.kt:69:9 The corresponding parameter in the supertype 'ReactCompoundViewGroup' is named 'touchX'. This may cause problems when calling this function with named arguments.
w: file:///C:/ReactWorkSpace/Idhayam/node_modules/react-native-screens/android/src/main/java/com/swmansion/rnscreens/bottomsheet/DimmingView.kt:70:9 The corresponding parameter in the supertype 'ReactCompoundViewGroup' is named 'touchY'. This may cause problems when calling this function with named arguments.
w: file:///C:/ReactWorkSpace/Idhayam/node_modules/react-native-screens/android/src/main/java/com/swmansion/rnscreens/gamma/tabs/TabsHostViewManager.kt:37:9 The corresponding parameter in the supertype 'TabsHostViewManager' is named 'view'. This may cause problems when calling this function with named arguments.
w: file:///C:/ReactWorkSpace/Idhayam/node_modules/react-native-screens/android/src/main/java/com/swmansion/rnscreens/safearea/SafeAreaView.kt:19:8 'class UIManagerModule : ReactContextBaseJavaModule, LifecycleEventListener, UIManager' is deprecated. Deprecated in Java.
w: file:///C:/ReactWorkSpace/Idhayam/node_modules/react-native-screens/android/src/main/java/com/swmansion/rnscreens/safearea/SafeAreaView.kt:153:45 'fun consumeDisplayCutout(): WindowInsetsCompat' is deprecated. Deprecated in Java.
w: file:///C:/ReactWorkSpace/Idhayam/node_modules/react-native-screens/android/src/main/java/com/swmansion/rnscreens/safearea/SafeAreaView.kt:194:58 'class UIManagerModule : ReactContextBaseJavaModule, LifecycleEventListener, UIManager' is deprecated. Deprecated in Java.
w: file:///C:/ReactWorkSpace/Idhayam/node_modules/react-native-screens/android/src/main/java/com/swmansion/rnscreens/safearea/SafeAreaView.kt:201:31 'val uiImplementation: UIImplementation!' is deprecated. Deprecated in Java.
w: file:///C:/ReactWorkSpace/Idhayam/node_modules/react-native-screens/android/src/main/java/com/swmansion/rnscreens/safearea/paper/SafeAreaViewShadowNode.kt:7:8 'class LayoutShadowNode : ReactShadowNodeImpl' is deprecated. Deprecated in Java.
w: file:///C:/ReactWorkSpace/Idhayam/node_modules/react-native-screens/android/src/main/java/com/swmansion/rnscreens/safearea/paper/SafeAreaViewShadowNode.kt:8:8 'class NativeViewHierarchyOptimizer : Any' is deprecated. Deprecated in Java.
w: file:///C:/ReactWorkSpace/Idhayam/node_modules/react-native-screens/android/src/main/java/com/swmansion/rnscreens/safearea/paper/SafeAreaViewShadowNode.kt:14:32 'class LayoutShadowNode : ReactShadowNodeImpl' is deprecated. Deprecated in Java.
w: file:///C:/ReactWorkSpace/Idhayam/node_modules/react-native-screens/android/src/main/java/com/swmansion/rnscreens/safearea/paper/SafeAreaViewShadowNode.kt:83:63 'class NativeViewHierarchyOptimizer : Any' is deprecated. Deprecated in Java.

> Task :app:createBundleReleaseJsAndAssets
LOG:Writing bundle output to: android\app\build\generated\assets\react\release\index.android.bundle
LOG:Writing sourcemap output to: android\app\build\intermediates\sourcemaps\react\release\index.android.bundle.packager.map
LOG:Done writing bundle output
LOG:Done writing sourcemap output
Copying 21 asset files
Done copying assets

> Task :react-native-screens:compileReleaseJavaWithJavac
> Task :app:generateReleaseResValues
> Task :app:mapReleaseSourceSetPaths
> Task :app:generateReleaseResources
> Task :app:checkReleaseAarMetadata

> Task :react-native-async-storage_async-storage:compileReleaseKotlin
w: file:///C:/ReactWorkSpace/Idhayam/node_modules/@react-native-async-storage/async-storage/android/src/main/kotlin/org/asyncstorage/legacy_storage/LegacyStorageSupplier.kt:63:69 Java type mismatch: inferred type is 'String?', but 'String' was expected.
w: file:///C:/ReactWorkSpace/Idhayam/node_modules/@react-native-async-storage/async-storage/android/src/main/kotlin/org/asyncstorage/legacy_storage/LegacyStorageSupplier.kt:91:26 The corresponding parameter in the supertype 'Migration' is named 'db'. This may cause problems when calling this function with named arguments.
w: file:///C:/ReactWorkSpace/Idhayam/node_modules/@react-native-async-storage/async-storage/android/src/main/kotlin/org/asyncstorage/legacy_storage/LegacyStorageSupplier.kt:204:17 Unchecked cast of 'ArrayList<Any?>' to 'List<String>'.

> Task :react-native-screens:bundleLibRuntimeToDirRelease
> Task :app:mergeReleaseResources
> Task :react-native-async-storage_async-storage:compileReleaseJavaWithJavac
> Task :react-native-async-storage_async-storage:bundleLibRuntimeToDirRelease
> Task :app:packageReleaseResources
> Task :app:createReleaseCompatibleScreenManifests
> Task :app:extractDeepLinksRelease
> Task :app:parseReleaseLocalResources
> Task :react-native-async-storage_async-storage:extractDeepLinksRelease
> Task :react-native-community_blur:extractDeepLinksRelease
> Task :react-native-linear-gradient:extractDeepLinksRelease
> Task :react-native-async-storage_async-storage:processReleaseManifest

> Task :react-native-community_blur:processReleaseManifest
package="com.reactnativecommunity.blurview" found in source AndroidManifest.xml: C:\ReactWorkSpace\Idhayam\node_modules\@react-native-community\blur\android\src\main\AndroidManifest.xml.
Setting the namespace via the package attribute in the source AndroidManifest.xml is no longer supported, and the value is ignored.
Recommendation: remove package="com.reactnativecommunity.blurview" from the source AndroidManifest.xml: C:\ReactWorkSpace\Idhayam\node_modules\@react-native-community\blur\android\src\main\AndroidManifest.xml.

> Task :react-native-safe-area-context:extractDeepLinksRelease

> Task :react-native-linear-gradient:processReleaseManifest
package="com.BV.LinearGradient" found in source AndroidManifest.xml: C:\ReactWorkSpace\Idhayam\node_modules\react-native-linear-gradient\android\src\main\AndroidManifest.xml.
Setting the namespace via the package attribute in the source AndroidManifest.xml is no longer supported, and the value is ignored.
Recommendation: remove package="com.BV.LinearGradient" from the source AndroidManifest.xml: C:\ReactWorkSpace\Idhayam\node_modules\react-native-linear-gradient\android\src\main\AndroidManifest.xml.

> Task :react-native-screens:extractDeepLinksRelease

> Task :react-native-safe-area-context:processReleaseManifest
package="com.th3rdwave.safeareacontext" found in source AndroidManifest.xml: C:\ReactWorkSpace\Idhayam\node_modules\react-native-safe-area-context\android\src\main\AndroidManifest.xml.
Setting the namespace via the package attribute in the source AndroidManifest.xml is no longer supported, and the value is ignored.
Recommendation: remove package="com.th3rdwave.safeareacontext" from the source AndroidManifest.xml: C:\ReactWorkSpace\Idhayam\node_modules\react-native-safe-area-context\android\src\main\AndroidManifest.xml.

> Task :react-native-vector-icons:extractDeepLinksRelease
> Task :react-native-screens:processReleaseManifest

> Task :react-native-vector-icons:processReleaseManifest
package="com.oblador.vectoricons" found in source AndroidManifest.xml: C:\ReactWorkSpace\Idhayam\node_modules\react-native-vector-icons\android\src\main\AndroidManifest.xml.
Setting the namespace via the package attribute in the source AndroidManifest.xml is no longer supported, and the value is ignored.
Recommendation: remove package="com.oblador.vectoricons" from the source AndroidManifest.xml: C:\ReactWorkSpace\Idhayam\node_modules\react-native-vector-icons\android\src\main\AndroidManifest.xml.

> Task :react-native-async-storage_async-storage:compileReleaseLibraryResources
> Task :app:processReleaseMainManifest
> Task :app:processReleaseManifest
> Task :react-native-community_blur:compileReleaseLibraryResources
> Task :app:processReleaseManifestForPackage
> Task :react-native-linear-gradient:compileReleaseLibraryResources
> Task :react-native-safe-area-context:compileReleaseLibraryResources
> Task :react-native-vector-icons:compileReleaseLibraryResources
> Task :react-native-screens:compileReleaseLibraryResources
> Task :react-native-community_blur:bundleLibCompileToJarRelease
> Task :react-native-async-storage_async-storage:bundleLibCompileToJarRelease
> Task :react-native-linear-gradient:bundleLibCompileToJarRelease
> Task :app:javaPreCompileRelease
> Task :react-native-vector-icons:bundleLibCompileToJarRelease
> Task :react-native-safe-area-context:bundleLibCompileToJarRelease
> Task :app:desugarReleaseFileDependencies
> Task :app:mergeReleaseStartupProfile
> Task :react-native-screens:bundleLibCompileToJarRelease
> Task :app:processReleaseResources
> Task :react-native-async-storage_async-storage:prepareReleaseArtProfile
> Task :react-native-community_blur:prepareReleaseArtProfile
> Task :react-native-linear-gradient:prepareReleaseArtProfile
> Task :react-native-safe-area-context:prepareReleaseArtProfile
> Task :react-native-screens:prepareReleaseArtProfile
> Task :react-native-vector-icons:prepareReleaseArtProfile
> Task :app:mergeReleaseArtProfile
> Task :react-native-async-storage_async-storage:bundleLibRuntimeToJarRelease
> Task :react-native-safe-area-context:bundleLibRuntimeToJarRelease
> Task :react-native-linear-gradient:bundleLibRuntimeToJarRelease
> Task :react-native-community_blur:bundleLibRuntimeToJarRelease
> Task :app:mergeReleaseShaders
> Task :react-native-vector-icons:bundleLibRuntimeToJarRelease
> Task :app:compileReleaseShaders NO-SOURCE
> Task :app:generateReleaseAssets UP-TO-DATE
> Task :react-native-async-storage_async-storage:mergeReleaseShaders
> Task :react-native-async-storage_async-storage:compileReleaseShaders NO-SOURCE
> Task :react-native-async-storage_async-storage:generateReleaseAssets UP-TO-DATE
> Task :react-native-async-storage_async-storage:mergeReleaseAssets
> Task :react-native-community_blur:mergeReleaseShaders
> Task :react-native-community_blur:compileReleaseShaders NO-SOURCE
> Task :react-native-community_blur:generateReleaseAssets UP-TO-DATE
> Task :react-native-community_blur:mergeReleaseAssets
> Task :react-native-linear-gradient:mergeReleaseShaders
> Task :react-native-linear-gradient:compileReleaseShaders NO-SOURCE
> Task :react-native-linear-gradient:generateReleaseAssets UP-TO-DATE
> Task :react-native-linear-gradient:mergeReleaseAssets
> Task :react-native-safe-area-context:mergeReleaseShaders
> Task :react-native-safe-area-context:compileReleaseShaders NO-SOURCE
> Task :react-native-safe-area-context:generateReleaseAssets UP-TO-DATE
> Task :react-native-safe-area-context:mergeReleaseAssets
> Task :react-native-screens:mergeReleaseShaders
> Task :react-native-screens:compileReleaseShaders NO-SOURCE
> Task :react-native-screens:generateReleaseAssets UP-TO-DATE
> Task :react-native-screens:mergeReleaseAssets
> Task :react-native-vector-icons:mergeReleaseShaders
> Task :react-native-vector-icons:compileReleaseShaders NO-SOURCE
> Task :react-native-vector-icons:generateReleaseAssets UP-TO-DATE
> Task :react-native-vector-icons:mergeReleaseAssets
> Task :react-native-screens:bundleLibRuntimeToJarRelease
> Task :app:mergeReleaseAssets
> Task :app:compressReleaseAssets
> Task :app:extractReleaseVersionControlInfo
> Task :app:extractProguardFiles
> Task :react-native-async-storage_async-storage:processReleaseJavaRes
> Task :react-native-async-storage_async-storage:createFullJarRelease
> Task :react-native-async-storage_async-storage:extractProguardFiles
> Task :app:compileReleaseKotlin
> Task :react-native-async-storage_async-storage:generateReleaseLintModel
> Task :app:compileReleaseJavaWithJavac
> Task :app:dexBuilderRelease
> Task :react-native-async-storage_async-storage:prepareLintJarForPublish UP-TO-DATE
> Task :react-native-community_blur:processReleaseJavaRes NO-SOURCE
> Task :react-native-community_blur:createFullJarRelease
> Task :app:mergeReleaseGlobalSynthetics
> Task :react-native-community_blur:extractProguardFiles
> Task :app:mergeExtDexRelease
> Task :react-native-community_blur:generateReleaseLintModel
> Task :react-native-community_blur:prepareLintJarForPublish UP-TO-DATE
> Task :react-native-linear-gradient:processReleaseJavaRes NO-SOURCE
> Task :react-native-linear-gradient:createFullJarRelease
> Task :react-native-linear-gradient:extractProguardFiles
> Task :react-native-linear-gradient:generateReleaseLintModel
> Task :react-native-linear-gradient:prepareLintJarForPublish UP-TO-DATE
> Task :react-native-safe-area-context:processReleaseJavaRes
> Task :react-native-safe-area-context:createFullJarRelease
> Task :react-native-safe-area-context:extractProguardFiles
> Task :react-native-safe-area-context:generateReleaseLintModel
> Task :react-native-safe-area-context:prepareLintJarForPublish UP-TO-DATE
> Task :react-native-screens:processReleaseJavaRes
> Task :react-native-screens:createFullJarRelease
> Task :react-native-screens:extractProguardFiles
> Task :react-native-screens:generateReleaseLintModel
> Task :react-native-screens:prepareLintJarForPublish UP-TO-DATE
> Task :react-native-vector-icons:processReleaseJavaRes NO-SOURCE
> Task :react-native-vector-icons:createFullJarRelease
> Task :react-native-vector-icons:extractProguardFiles
> Task :react-native-vector-icons:generateReleaseLintModel
> Task :react-native-vector-icons:prepareLintJarForPublish UP-TO-DATE
> Task :app:generateReleaseLintVitalReportModel
> Task :react-native-async-storage_async-storage:stripReleaseDebugSymbols NO-SOURCE
> Task :react-native-async-storage_async-storage:copyReleaseJniLibsProjectAndLocalJars
> Task :react-native-async-storage_async-storage:extractDeepLinksForAarRelease
> Task :react-native-async-storage_async-storage:extractReleaseAnnotations
> Task :react-native-async-storage_async-storage:mergeReleaseGeneratedProguardFiles
> Task :react-native-async-storage_async-storage:mergeReleaseConsumerProguardFiles
> Task :react-native-safe-area-context:stripReleaseDebugSymbols NO-SOURCE
> Task :react-native-safe-area-context:copyReleaseJniLibsProjectAndLocalJars
> Task :react-native-safe-area-context:extractDeepLinksForAarRelease
> Task :react-native-async-storage_async-storage:mergeReleaseJavaResource
> Task :react-native-safe-area-context:extractReleaseAnnotations
> Task :react-native-async-storage_async-storage:syncReleaseLibJars
> Task :react-native-async-storage_async-storage:bundleReleaseLocalLintAar
> Task :react-native-safe-area-context:mergeReleaseGeneratedProguardFiles
> Task :react-native-safe-area-context:mergeReleaseConsumerProguardFiles
> Task :react-native-safe-area-context:mergeReleaseJavaResource
> Task :react-native-screens:extractDeepLinksForAarRelease
> Task :react-native-safe-area-context:syncReleaseLibJars
> Task :react-native-safe-area-context:bundleReleaseLocalLintAar
> Task :react-native-screens:extractReleaseAnnotations
> Task :react-native-screens:stripReleaseDebugSymbols
> Task :react-native-screens:mergeReleaseGeneratedProguardFiles
> Task :react-native-screens:copyReleaseJniLibsProjectAndLocalJars
> Task :react-native-screens:mergeReleaseConsumerProguardFiles
> Task :react-native-community_blur:stripReleaseDebugSymbols NO-SOURCE
> Task :react-native-community_blur:copyReleaseJniLibsProjectAndLocalJars
> Task :react-native-community_blur:extractDeepLinksForAarRelease
> Task :react-native-screens:mergeReleaseJavaResource
> Task :react-native-community_blur:extractReleaseAnnotations
> Task :react-native-screens:syncReleaseLibJars
> Task :react-native-screens:bundleReleaseLocalLintAar
> Task :react-native-community_blur:mergeReleaseGeneratedProguardFiles
> Task :react-native-community_blur:mergeReleaseConsumerProguardFiles
> Task :react-native-linear-gradient:stripReleaseDebugSymbols NO-SOURCE
> Task :react-native-linear-gradient:copyReleaseJniLibsProjectAndLocalJars
> Task :react-native-linear-gradient:extractDeepLinksForAarRelease
> Task :react-native-community_blur:mergeReleaseJavaResource
> Task :react-native-linear-gradient:extractReleaseAnnotations
> Task :react-native-community_blur:syncReleaseLibJars
> Task :react-native-community_blur:bundleReleaseLocalLintAar
> Task :react-native-linear-gradient:mergeReleaseGeneratedProguardFiles
> Task :react-native-linear-gradient:mergeReleaseConsumerProguardFiles
> Task :react-native-vector-icons:stripReleaseDebugSymbols NO-SOURCE
> Task :react-native-linear-gradient:mergeReleaseJavaResource
> Task :react-native-vector-icons:copyReleaseJniLibsProjectAndLocalJars
> Task :react-native-linear-gradient:syncReleaseLibJars
> Task :react-native-linear-gradient:bundleReleaseLocalLintAar
> Task :react-native-vector-icons:extractDeepLinksForAarRelease
> Task :react-native-vector-icons:extractReleaseAnnotations
> Task :react-native-vector-icons:mergeReleaseGeneratedProguardFiles
> Task :react-native-vector-icons:mergeReleaseConsumerProguardFiles
> Task :react-native-vector-icons:mergeReleaseJavaResource
> Task :react-native-vector-icons:syncReleaseLibJars
> Task :react-native-vector-icons:bundleReleaseLocalLintAar
> Task :react-native-async-storage_async-storage:writeReleaseLintModelMetadata
> Task :react-native-community_blur:writeReleaseLintModelMetadata
> Task :react-native-linear-gradient:writeReleaseLintModelMetadata
> Task :react-native-safe-area-context:writeReleaseLintModelMetadata
> Task :react-native-screens:writeReleaseLintModelMetadata
> Task :react-native-vector-icons:writeReleaseLintModelMetadata
> Task :react-native-async-storage_async-storage:generateReleaseLintVitalModel
> Task :react-native-community_blur:generateReleaseLintVitalModel
> Task :react-native-linear-gradient:generateReleaseLintVitalModel
> Task :react-native-safe-area-context:generateReleaseLintVitalModel
> Task :react-native-screens:generateReleaseLintVitalModel
> Task :react-native-vector-icons:generateReleaseLintVitalModel
> Task :app:processReleaseJavaRes
> Task :app:collectReleaseDependencies
> Task :app:optimizeReleaseResources
> Task :app:sdkReleaseDependencyData
> Task :app:validateSigningRelease
> Task :app:writeReleaseAppMetadata
> Task :app:writeReleaseSigningConfigVersions
> Task :react-native-async-storage_async-storage:bundleReleaseAar
> Task :react-native-async-storage_async-storage:mapReleaseSourceSetPaths
> Task :app:mergeReleaseJavaResource
> Task :app:mergeDexRelease
> Task :react-native-async-storage_async-storage:mergeReleaseResources
> Task :app:compileReleaseArtProfile
> Task :react-native-community_blur:bundleReleaseAar
> Task :react-native-community_blur:mapReleaseSourceSetPaths
> Task :react-native-async-storage_async-storage:verifyReleaseResources
> Task :react-native-community_blur:mergeReleaseResources
> Task :react-native-async-storage_async-storage:assembleRelease
> Task :react-native-linear-gradient:bundleReleaseAar
> Task :react-native-linear-gradient:mapReleaseSourceSetPaths
> Task :react-native-community_blur:verifyReleaseResources
> Task :react-native-linear-gradient:mergeReleaseResources
> Task :react-native-community_blur:assembleRelease
> Task :react-native-safe-area-context:bundleReleaseAar
> Task :react-native-safe-area-context:mapReleaseSourceSetPaths
> Task :react-native-community_blur:lintVitalAnalyzeRelease
> Task :react-native-linear-gradient:verifyReleaseResources
> Task :react-native-safe-area-context:mergeReleaseResources
> Task :react-native-linear-gradient:assembleRelease
> Task :react-native-screens:bundleReleaseAar
> Task :react-native-screens:mapReleaseSourceSetPaths
> Task :react-native-safe-area-context:verifyReleaseResources
> Task :react-native-screens:mergeReleaseResources
> Task :react-native-safe-area-context:assembleRelease
> Task :react-native-vector-icons:bundleReleaseAar
> Task :react-native-vector-icons:mapReleaseSourceSetPaths
> Task :react-native-async-storage_async-storage:lintVitalAnalyzeRelease
> Task :react-native-linear-gradient:lintVitalAnalyzeRelease
> Task :react-native-vector-icons:mergeReleaseResources
> Task :react-native-screens:verifyReleaseResources
> Task :react-native-screens:assembleRelease
> Task :react-native-vector-icons:verifyReleaseResources
> Task :react-native-vector-icons:assembleRelease
> Task :react-native-safe-area-context:lintVitalAnalyzeRelease
> Task :react-native-vector-icons:lintVitalAnalyzeRelease
> Task :react-native-screens:lintVitalAnalyzeRelease
> Task :app:lintVitalAnalyzeRelease
> Task :app:lintVitalReportRelease
> Task :app:lintVitalRelease
> Task :app:packageRelease
> Task :app:createReleaseApkListingFileRedirect
> Task :app:assembleRelease

[Incubating] Problems report is available at: file:///C:/ReactWorkSpace/Idhayam/android/build/reports/problems/problems-report.html

Deprecated Gradle features were used in this build, making it incompatible with Gradle 9.0.

You can use '--warning-mode all' to show the individual deprecation warnings and determine if they come from your own scripts or plugins.

For more on this, please refer to https://docs.gradle.org/8.13/userguide/command_line_interface.html#sec:command_line_warnings in the Gradle documentation.

BUILD SUCCESSFUL in 3m 53s
322 actionable tasks: 293 executed, 29 up-to-date
